Product: MDK-ARM Lite 5.10
Component: ARM Compiler 5.04 update 1 (build 49)
Tool: armlink [5040049]

==============================================================================

Section Cross References

    main.o(.text) refers to gpioport.o(.text) for gpio_enable_port
    main.o(.text) refers to adc.o(.text) for initializeADC
    main.o(.text) refers to boardutil.o(.text) for DisableInterrupts
    main.o(.text) refers to uart.o(.text) for uartTxPoll
    main.o(.text) refers to f2d.o(.text) for __aeabi_f2d
    main.o(.text) refers to dmul.o(.text) for __aeabi_dmul
    main.o(.text) refers to printfa.o(i.__0sprintf) for __2sprintf
    main.o(.text) refers to interrupts.o(.data) for AlertSysTick
    main.o(.text) refers to main.o(.data) for uartVal
    main.o(.text) refers to main.o(.conststring) for .conststring
    main.o(.text) refers to main.o(.bss) for t
    boardutil.o(.text) refers to gpioport.o(.text) for gpio_enable_port
    boardutil.o(.text) refers to uart.o(.text) for uart_init_115K
    interrupts.o(.text) refers to interrupts.o(.data) for AlertSysTick
    startup_tm4c123.o(RESET) refers to startup_tm4c123.o(STACK) for __initial_sp
    startup_tm4c123.o(RESET) refers to startup_tm4c123.o(.text) for Reset_Handler
    startup_tm4c123.o(RESET) refers to interrupts.o(.text) for SysTick_Handler
    startup_tm4c123.o(.text) refers to system_tm4c123.o(.text) for SystemInit
    startup_tm4c123.o(.text) refers to entry.o(.ARM.Collect$$$$00000000) for __main
    system_tm4c123.o(.text) refers to system_tm4c123.o(.data) for SystemCoreClock
    entry.o(.ARM.Collect$$$$00000000) refers (Special) to entry10a.o(.ARM.Collect$$$$0000000D) for __rt_final_cpp
    entry.o(.ARM.Collect$$$$00000000) refers (Special) to entry11a.o(.ARM.Collect$$$$0000000F) for __rt_final_exit
    entry.o(.ARM.Collect$$$$00000000) refers (Special) to entry7b.o(.ARM.Collect$$$$00000008) for _main_clock
    entry.o(.ARM.Collect$$$$00000000) refers (Special) to entry8b.o(.ARM.Collect$$$$0000000A) for _main_cpp_init
    entry.o(.ARM.Collect$$$$00000000) refers (Special) to entry9a.o(.ARM.Collect$$$$0000000B) for _main_init
    entry.o(.ARM.Collect$$$$00000000) refers (Special) to entry5.o(.ARM.Collect$$$$00000004) for _main_scatterload
    entry.o(.ARM.Collect$$$$00000000) refers (Special) to entry2.o(.ARM.Collect$$$$00000001) for _main_stk
    printfb.o(i.__0fprintf$bare) refers to printfb.o(i._printf_core) for _printf_core
    printfb.o(i.__0fprintf$bare) refers to fputc.o(i.fputc) for fputc
    printfb.o(i.__0printf$bare) refers to printfb.o(i._printf_core) for _printf_core
    printfb.o(i.__0printf$bare) refers to fputc.o(i.fputc) for fputc
    printfb.o(i.__0printf$bare) refers to stdout.o(.data) for __stdout
    printfb.o(i.__0snprintf$bare) refers to printfb.o(i._printf_core) for _printf_core
    printfb.o(i.__0snprintf$bare) refers to printfb.o(i._snputc) for _snputc
    printfb.o(i.__0sprintf$bare) refers to printfb.o(i._printf_core) for _printf_core
    printfb.o(i.__0sprintf$bare) refers to printfb.o(i._sputc) for _sputc
    printfb.o(i.__0vfprintf$bare) refers to printfb.o(i._printf_core) for _printf_core
    printfb.o(i.__0vfprintf$bare) refers to fputc.o(i.fputc) for fputc
    printfb.o(i.__0vprintf$bare) refers to printfb.o(i._printf_core) for _printf_core
    printfb.o(i.__0vprintf$bare) refers to fputc.o(i.fputc) for fputc
    printfb.o(i.__0vprintf$bare) refers to stdout.o(.data) for __stdout
    printfb.o(i.__0vsnprintf$bare) refers to printfb.o(i._printf_core) for _printf_core
    printfb.o(i.__0vsnprintf$bare) refers to printfb.o(i._snputc) for _snputc
    printfb.o(i.__0vsprintf$bare) refers to printfb.o(i._printf_core) for _printf_core
    printfb.o(i.__0vsprintf$bare) refers to printfb.o(i._sputc) for _sputc
    printf0.o(i.__0fprintf$0) refers to printf0.o(i._printf_core) for _printf_core
    printf0.o(i.__0fprintf$0) refers to fputc.o(i.fputc) for fputc
    printf0.o(i.__0printf$0) refers to printf0.o(i._printf_core) for _printf_core
    printf0.o(i.__0printf$0) refers to fputc.o(i.fputc) for fputc
    printf0.o(i.__0printf$0) refers to stdout.o(.data) for __stdout
    printf0.o(i.__0snprintf$0) refers to printf0.o(i._printf_core) for _printf_core
    printf0.o(i.__0snprintf$0) refers to printf0.o(i._snputc) for _snputc
    printf0.o(i.__0sprintf$0) refers to printf0.o(i._printf_core) for _printf_core
    printf0.o(i.__0sprintf$0) refers to printf0.o(i._sputc) for _sputc
    printf0.o(i.__0vfprintf$0) refers to printf0.o(i._printf_core) for _printf_core
    printf0.o(i.__0vfprintf$0) refers to fputc.o(i.fputc) for fputc
    printf0.o(i.__0vprintf$0) refers to printf0.o(i._printf_core) for _printf_core
    printf0.o(i.__0vprintf$0) refers to fputc.o(i.fputc) for fputc
    printf0.o(i.__0vprintf$0) refers to stdout.o(.data) for __stdout
    printf0.o(i.__0vsnprintf$0) refers to printf0.o(i._printf_core) for _printf_core
    printf0.o(i.__0vsnprintf$0) refers to printf0.o(i._snputc) for _snputc
    printf0.o(i.__0vsprintf$0) refers to printf0.o(i._printf_core) for _printf_core
    printf0.o(i.__0vsprintf$0) refers to printf0.o(i._sputc) for _sputc
    printf1.o(i.__0fprintf$1) refers to printf1.o(i._printf_core) for _printf_core
    printf1.o(i.__0fprintf$1) refers to fputc.o(i.fputc) for fputc
    printf1.o(i.__0printf$1) refers to printf1.o(i._printf_core) for _printf_core
    printf1.o(i.__0printf$1) refers to fputc.o(i.fputc) for fputc
    printf1.o(i.__0printf$1) refers to stdout.o(.data) for __stdout
    printf1.o(i.__0snprintf$1) refers to printf1.o(i._printf_core) for _printf_core
    printf1.o(i.__0snprintf$1) refers to printf1.o(i._snputc) for _snputc
    printf1.o(i.__0sprintf$1) refers to printf1.o(i._printf_core) for _printf_core
    printf1.o(i.__0sprintf$1) refers to printf1.o(i._sputc) for _sputc
    printf1.o(i.__0vfprintf$1) refers to printf1.o(i._printf_core) for _printf_core
    printf1.o(i.__0vfprintf$1) refers to fputc.o(i.fputc) for fputc
    printf1.o(i.__0vprintf$1) refers to printf1.o(i._printf_core) for _printf_core
    printf1.o(i.__0vprintf$1) refers to fputc.o(i.fputc) for fputc
    printf1.o(i.__0vprintf$1) refers to stdout.o(.data) for __stdout
    printf1.o(i.__0vsnprintf$1) refers to printf1.o(i._printf_core) for _printf_core
    printf1.o(i.__0vsnprintf$1) refers to printf1.o(i._snputc) for _snputc
    printf1.o(i.__0vsprintf$1) refers to printf1.o(i._printf_core) for _printf_core
    printf1.o(i.__0vsprintf$1) refers to printf1.o(i._sputc) for _sputc
    printf1.o(i._printf_core) refers to uidiv.o(.text) for __aeabi_uidivmod
    printf2.o(i.__0fprintf$2) refers to printf2.o(i._printf_core) for _printf_core
    printf2.o(i.__0fprintf$2) refers to fputc.o(i.fputc) for fputc
    printf2.o(i.__0printf$2) refers to printf2.o(i._printf_core) for _printf_core
    printf2.o(i.__0printf$2) refers to fputc.o(i.fputc) for fputc
    printf2.o(i.__0printf$2) refers to stdout.o(.data) for __stdout
    printf2.o(i.__0snprintf$2) refers to printf2.o(i._printf_core) for _printf_core
    printf2.o(i.__0snprintf$2) refers to printf2.o(i._snputc) for _snputc
    printf2.o(i.__0sprintf$2) refers to printf2.o(i._printf_core) for _printf_core
    printf2.o(i.__0sprintf$2) refers to printf2.o(i._sputc) for _sputc
    printf2.o(i.__0vfprintf$2) refers to printf2.o(i._printf_core) for _printf_core
    printf2.o(i.__0vfprintf$2) refers to fputc.o(i.fputc) for fputc
    printf2.o(i.__0vprintf$2) refers to printf2.o(i._printf_core) for _printf_core
    printf2.o(i.__0vprintf$2) refers to fputc.o(i.fputc) for fputc
    printf2.o(i.__0vprintf$2) refers to stdout.o(.data) for __stdout
    printf2.o(i.__0vsnprintf$2) refers to printf2.o(i._printf_core) for _printf_core
    printf2.o(i.__0vsnprintf$2) refers to printf2.o(i._snputc) for _snputc
    printf2.o(i.__0vsprintf$2) refers to printf2.o(i._printf_core) for _printf_core
    printf2.o(i.__0vsprintf$2) refers to printf2.o(i._sputc) for _sputc
    printf3.o(i.__0fprintf$3) refers to printf3.o(i._printf_core) for _printf_core
    printf3.o(i.__0fprintf$3) refers to fputc.o(i.fputc) for fputc
    printf3.o(i.__0printf$3) refers to printf3.o(i._printf_core) for _printf_core
    printf3.o(i.__0printf$3) refers to fputc.o(i.fputc) for fputc
    printf3.o(i.__0printf$3) refers to stdout.o(.data) for __stdout
    printf3.o(i.__0snprintf$3) refers to printf3.o(i._printf_core) for _printf_core
    printf3.o(i.__0snprintf$3) refers to printf3.o(i._snputc) for _snputc
    printf3.o(i.__0sprintf$3) refers to printf3.o(i._printf_core) for _printf_core
    printf3.o(i.__0sprintf$3) refers to printf3.o(i._sputc) for _sputc
    printf3.o(i.__0vfprintf$3) refers to printf3.o(i._printf_core) for _printf_core
    printf3.o(i.__0vfprintf$3) refers to fputc.o(i.fputc) for fputc
    printf3.o(i.__0vprintf$3) refers to printf3.o(i._printf_core) for _printf_core
    printf3.o(i.__0vprintf$3) refers to fputc.o(i.fputc) for fputc
    printf3.o(i.__0vprintf$3) refers to stdout.o(.data) for __stdout
    printf3.o(i.__0vsnprintf$3) refers to printf3.o(i._printf_core) for _printf_core
    printf3.o(i.__0vsnprintf$3) refers to printf3.o(i._snputc) for _snputc
    printf3.o(i.__0vsprintf$3) refers to printf3.o(i._printf_core) for _printf_core
    printf3.o(i.__0vsprintf$3) refers to printf3.o(i._sputc) for _sputc
    printf3.o(i._printf_core) refers to uidiv.o(.text) for __aeabi_uidivmod
    printf4.o(i.__0fprintf$4) refers to printf4.o(i._printf_core) for _printf_core
    printf4.o(i.__0fprintf$4) refers to fputc.o(i.fputc) for fputc
    printf4.o(i.__0printf$4) refers to printf4.o(i._printf_core) for _printf_core
    printf4.o(i.__0printf$4) refers to fputc.o(i.fputc) for fputc
    printf4.o(i.__0printf$4) refers to stdout.o(.data) for __stdout
    printf4.o(i.__0snprintf$4) refers to printf4.o(i._printf_core) for _printf_core
    printf4.o(i.__0snprintf$4) refers to printf4.o(i._snputc) for _snputc
    printf4.o(i.__0sprintf$4) refers to printf4.o(i._printf_core) for _printf_core
    printf4.o(i.__0sprintf$4) refers to printf4.o(i._sputc) for _sputc
    printf4.o(i.__0vfprintf$4) refers to printf4.o(i._printf_core) for _printf_core
    printf4.o(i.__0vfprintf$4) refers to fputc.o(i.fputc) for fputc
    printf4.o(i.__0vprintf$4) refers to printf4.o(i._printf_core) for _printf_core
    printf4.o(i.__0vprintf$4) refers to fputc.o(i.fputc) for fputc
    printf4.o(i.__0vprintf$4) refers to stdout.o(.data) for __stdout
    printf4.o(i.__0vsnprintf$4) refers to printf4.o(i._printf_core) for _printf_core
    printf4.o(i.__0vsnprintf$4) refers to printf4.o(i._snputc) for _snputc
    printf4.o(i.__0vsprintf$4) refers to printf4.o(i._printf_core) for _printf_core
    printf4.o(i.__0vsprintf$4) refers to printf4.o(i._sputc) for _sputc
    printf4.o(i._printf_core) refers to uldiv.o(.text) for __aeabi_uldivmod
    printf5.o(i.__0fprintf$5) refers to printf5.o(i._printf_core) for _printf_core
    printf5.o(i.__0fprintf$5) refers to fputc.o(i.fputc) for fputc
    printf5.o(i.__0printf$5) refers to printf5.o(i._printf_core) for _printf_core
    printf5.o(i.__0printf$5) refers to fputc.o(i.fputc) for fputc
    printf5.o(i.__0printf$5) refers to stdout.o(.data) for __stdout
    printf5.o(i.__0snprintf$5) refers to printf5.o(i._printf_core) for _printf_core
    printf5.o(i.__0snprintf$5) refers to printf5.o(i._snputc) for _snputc
    printf5.o(i.__0sprintf$5) refers to printf5.o(i._printf_core) for _printf_core
    printf5.o(i.__0sprintf$5) refers to printf5.o(i._sputc) for _sputc
    printf5.o(i.__0vfprintf$5) refers to printf5.o(i._printf_core) for _printf_core
    printf5.o(i.__0vfprintf$5) refers to fputc.o(i.fputc) for fputc
    printf5.o(i.__0vprintf$5) refers to printf5.o(i._printf_core) for _printf_core
    printf5.o(i.__0vprintf$5) refers to fputc.o(i.fputc) for fputc
    printf5.o(i.__0vprintf$5) refers to stdout.o(.data) for __stdout
    printf5.o(i.__0vsnprintf$5) refers to printf5.o(i._printf_core) for _printf_core
    printf5.o(i.__0vsnprintf$5) refers to printf5.o(i._snputc) for _snputc
    printf5.o(i.__0vsprintf$5) refers to printf5.o(i._printf_core) for _printf_core
    printf5.o(i.__0vsprintf$5) refers to printf5.o(i._sputc) for _sputc
    printf5.o(i._printf_core) refers to uldiv.o(.text) for __aeabi_uldivmod
    printf6.o(i.__0fprintf$6) refers to printf6.o(i._printf_core) for _printf_core
    printf6.o(i.__0fprintf$6) refers to fputc.o(i.fputc) for fputc
    printf6.o(i.__0printf$6) refers to printf6.o(i._printf_core) for _printf_core
    printf6.o(i.__0printf$6) refers to fputc.o(i.fputc) for fputc
    printf6.o(i.__0printf$6) refers to stdout.o(.data) for __stdout
    printf6.o(i.__0snprintf$6) refers to printf6.o(i._printf_core) for _printf_core
    printf6.o(i.__0snprintf$6) refers to printf6.o(i._snputc) for _snputc
    printf6.o(i.__0sprintf$6) refers to printf6.o(i._printf_core) for _printf_core
    printf6.o(i.__0sprintf$6) refers to printf6.o(i._sputc) for _sputc
    printf6.o(i.__0vfprintf$6) refers to printf6.o(i._printf_core) for _printf_core
    printf6.o(i.__0vfprintf$6) refers to fputc.o(i.fputc) for fputc
    printf6.o(i.__0vprintf$6) refers to printf6.o(i._printf_core) for _printf_core
    printf6.o(i.__0vprintf$6) refers to fputc.o(i.fputc) for fputc
    printf6.o(i.__0vprintf$6) refers to stdout.o(.data) for __stdout
    printf6.o(i.__0vsnprintf$6) refers to printf6.o(i._printf_core) for _printf_core
    printf6.o(i.__0vsnprintf$6) refers to printf6.o(i._snputc) for _snputc
    printf6.o(i.__0vsprintf$6) refers to printf6.o(i._printf_core) for _printf_core
    printf6.o(i.__0vsprintf$6) refers to printf6.o(i._sputc) for _sputc
    printf6.o(i._printf_core) refers to printf6.o(i._printf_pre_padding) for _printf_pre_padding
    printf6.o(i._printf_core) refers to uidiv.o(.text) for __aeabi_uidivmod
    printf6.o(i._printf_core) refers to printf6.o(i._printf_post_padding) for _printf_post_padding
    printf7.o(i.__0fprintf$7) refers to printf7.o(i._printf_core) for _printf_core
    printf7.o(i.__0fprintf$7) refers to fputc.o(i.fputc) for fputc
    printf7.o(i.__0printf$7) refers to printf7.o(i._printf_core) for _printf_core
    printf7.o(i.__0printf$7) refers to fputc.o(i.fputc) for fputc
    printf7.o(i.__0printf$7) refers to stdout.o(.data) for __stdout
    printf7.o(i.__0snprintf$7) refers to printf7.o(i._printf_core) for _printf_core
    printf7.o(i.__0snprintf$7) refers to printf7.o(i._snputc) for _snputc
    printf7.o(i.__0sprintf$7) refers to printf7.o(i._printf_core) for _printf_core
    printf7.o(i.__0sprintf$7) refers to printf7.o(i._sputc) for _sputc
    printf7.o(i.__0vfprintf$7) refers to printf7.o(i._printf_core) for _printf_core
    printf7.o(i.__0vfprintf$7) refers to fputc.o(i.fputc) for fputc
    printf7.o(i.__0vprintf$7) refers to printf7.o(i._printf_core) for _printf_core
    printf7.o(i.__0vprintf$7) refers to fputc.o(i.fputc) for fputc
    printf7.o(i.__0vprintf$7) refers to stdout.o(.data) for __stdout
    printf7.o(i.__0vsnprintf$7) refers to printf7.o(i._printf_core) for _printf_core
    printf7.o(i.__0vsnprintf$7) refers to printf7.o(i._snputc) for _snputc
    printf7.o(i.__0vsprintf$7) refers to printf7.o(i._printf_core) for _printf_core
    printf7.o(i.__0vsprintf$7) refers to printf7.o(i._sputc) for _sputc
    printf7.o(i._printf_core) refers to printf7.o(i._printf_pre_padding) for _printf_pre_padding
    printf7.o(i._printf_core) refers to uldiv.o(.text) for __aeabi_uldivmod
    printf7.o(i._printf_core) refers to printf7.o(i._printf_post_padding) for _printf_post_padding
    printf8.o(i.__0fprintf$8) refers to printf8.o(i._printf_core) for _printf_core
    printf8.o(i.__0fprintf$8) refers to fputc.o(i.fputc) for fputc
    printf8.o(i.__0printf$8) refers to printf8.o(i._printf_core) for _printf_core
    printf8.o(i.__0printf$8) refers to fputc.o(i.fputc) for fputc
    printf8.o(i.__0printf$8) refers to stdout.o(.data) for __stdout
    printf8.o(i.__0snprintf$8) refers to printf8.o(i._printf_core) for _printf_core
    printf8.o(i.__0snprintf$8) refers to printf8.o(i._snputc) for _snputc
    printf8.o(i.__0sprintf$8) refers to printf8.o(i._printf_core) for _printf_core
    printf8.o(i.__0sprintf$8) refers to printf8.o(i._sputc) for _sputc
    printf8.o(i.__0vfprintf$8) refers to printf8.o(i._printf_core) for _printf_core
    printf8.o(i.__0vfprintf$8) refers to fputc.o(i.fputc) for fputc
    printf8.o(i.__0vprintf$8) refers to printf8.o(i._printf_core) for _printf_core
    printf8.o(i.__0vprintf$8) refers to fputc.o(i.fputc) for fputc
    printf8.o(i.__0vprintf$8) refers to stdout.o(.data) for __stdout
    printf8.o(i.__0vsnprintf$8) refers to printf8.o(i._printf_core) for _printf_core
    printf8.o(i.__0vsnprintf$8) refers to printf8.o(i._snputc) for _snputc
    printf8.o(i.__0vsprintf$8) refers to printf8.o(i._printf_core) for _printf_core
    printf8.o(i.__0vsprintf$8) refers to printf8.o(i._sputc) for _sputc
    printf8.o(i._printf_core) refers to printf8.o(i._printf_pre_padding) for _printf_pre_padding
    printf8.o(i._printf_core) refers to uldiv.o(.text) for __aeabi_uldivmod
    printf8.o(i._printf_core) refers to printf8.o(i._printf_post_padding) for _printf_post_padding
    printfa.o(i.__0fprintf) refers (Special) to iusefp.o(.text) for __I$use$fp
    printfa.o(i.__0fprintf) refers to printfa.o(i._printf_core) for _printf_core
    printfa.o(i.__0fprintf) refers to fputc.o(i.fputc) for fputc
    printfa.o(i.__0printf) refers (Special) to iusefp.o(.text) for __I$use$fp
    printfa.o(i.__0printf) refers to printfa.o(i._printf_core) for _printf_core
    printfa.o(i.__0printf) refers to fputc.o(i.fputc) for fputc
    printfa.o(i.__0printf) refers to stdout.o(.data) for __stdout
    printfa.o(i.__0snprintf) refers (Special) to iusefp.o(.text) for __I$use$fp
    printfa.o(i.__0snprintf) refers to printfa.o(i._printf_core) for _printf_core
    printfa.o(i.__0snprintf) refers to printfa.o(i._snputc) for _snputc
    printfa.o(i.__0sprintf) refers (Special) to iusefp.o(.text) for __I$use$fp
    printfa.o(i.__0sprintf) refers to printfa.o(i._printf_core) for _printf_core
    printfa.o(i.__0sprintf) refers to printfa.o(i._sputc) for _sputc
    printfa.o(i.__0vfprintf) refers (Special) to iusefp.o(.text) for __I$use$fp
    printfa.o(i.__0vfprintf) refers to printfa.o(i._printf_core) for _printf_core
    printfa.o(i.__0vfprintf) refers to fputc.o(i.fputc) for fputc
    printfa.o(i.__0vprintf) refers (Special) to iusefp.o(.text) for __I$use$fp
    printfa.o(i.__0vprintf) refers to printfa.o(i._printf_core) for _printf_core
    printfa.o(i.__0vprintf) refers to fputc.o(i.fputc) for fputc
    printfa.o(i.__0vprintf) refers to stdout.o(.data) for __stdout
    printfa.o(i.__0vsnprintf) refers (Special) to iusefp.o(.text) for __I$use$fp
    printfa.o(i.__0vsnprintf) refers to printfa.o(i._printf_core) for _printf_core
    printfa.o(i.__0vsnprintf) refers to printfa.o(i._snputc) for _snputc
    printfa.o(i.__0vsprintf) refers (Special) to iusefp.o(.text) for __I$use$fp
    printfa.o(i.__0vsprintf) refers to printfa.o(i._printf_core) for _printf_core
    printfa.o(i.__0vsprintf) refers to printfa.o(i._sputc) for _sputc
    printfa.o(i._fp_digits) refers (Special) to iusefp.o(.text) for __I$use$fp
    printfa.o(i._fp_digits) refers to dmul.o(.text) for __aeabi_dmul
    printfa.o(i._fp_digits) refers to ddiv.o(.text) for __aeabi_ddiv
    printfa.o(i._fp_digits) refers to cdrcmple.o(.text) for __aeabi_cdrcmple
    printfa.o(i._fp_digits) refers to dadd.o(.text) for __aeabi_dadd
    printfa.o(i._fp_digits) refers to dfixul.o(.text) for __aeabi_d2ulz
    printfa.o(i._fp_digits) refers to uldiv.o(.text) for __aeabi_uldivmod
    printfa.o(i._printf_core) refers (Special) to iusefp.o(.text) for __I$use$fp
    printfa.o(i._printf_core) refers to printfa.o(i._printf_pre_padding) for _printf_pre_padding
    printfa.o(i._printf_core) refers to uldiv.o(.text) for __aeabi_uldivmod
    printfa.o(i._printf_core) refers to printfa.o(i._printf_post_padding) for _printf_post_padding
    printfa.o(i._printf_core) refers to printfa.o(i._fp_digits) for _fp_digits
    printfa.o(i._printf_core) refers to uidiv.o(.text) for __aeabi_uidivmod
    printfa.o(i._printf_post_padding) refers (Special) to iusefp.o(.text) for __I$use$fp
    printfa.o(i._printf_pre_padding) refers (Special) to iusefp.o(.text) for __I$use$fp
    printfa.o(i._snputc) refers (Special) to iusefp.o(.text) for __I$use$fp
    printfa.o(i._sputc) refers (Special) to iusefp.o(.text) for __I$use$fp
    dmul.o(.text) refers (Special) to iusefp.o(.text) for __I$use$fp
    dmul.o(.text) refers to depilogue.o(.text) for _double_epilogue
    f2d.o(.text) refers (Special) to iusefp.o(.text) for __I$use$fp
    entry2.o(.ARM.Collect$$$$00000001) refers to entry2.o(.ARM.Collect$$$$00002712) for __lit__00000000
    entry2.o(.ARM.Collect$$$$00002712) refers to startup_tm4c123.o(STACK) for __initial_sp
    entry2.o(__vectab_stack_and_reset_area) refers to startup_tm4c123.o(STACK) for __initial_sp
    entry2.o(__vectab_stack_and_reset_area) refers to entry.o(.ARM.Collect$$$$00000000) for __main
    entry5.o(.ARM.Collect$$$$00000004) refers to init.o(.text) for __scatterload
    entry9a.o(.ARM.Collect$$$$0000000B) refers to main.o(.text) for main
    entry9b.o(.ARM.Collect$$$$0000000C) refers to main.o(.text) for main
    fputc.o(i.fputc) refers (Special) to iusesemip.o(.text) for __I$use$semihosting$fputc
    fputc.o(i.fputc) refers (Special) to semi.o(.text) for __semihosting_library_function
    uldiv.o(.text) refers to llushr.o(.text) for __aeabi_llsr
    uldiv.o(.text) refers to llshl.o(.text) for __aeabi_llsl
    depilogue.o(.text) refers to llshl.o(.text) for __aeabi_llsl
    depilogue.o(.text) refers to llushr.o(.text) for __aeabi_llsr
    dadd.o(.text) refers to llshl.o(.text) for __aeabi_llsl
    dadd.o(.text) refers to llsshr.o(.text) for __aeabi_lasr
    dadd.o(.text) refers to depilogue.o(.text) for _double_epilogue
    ddiv.o(.text) refers to depilogue.o(.text) for _double_round
    dfixul.o(.text) refers to llushr.o(.text) for __aeabi_llsr
    dfixul.o(.text) refers to llshl.o(.text) for __aeabi_llsl
    init.o(.text) refers to entry5.o(.ARM.Collect$$$$00000004) for __main_after_scatterload


==============================================================================

Removing Unused input sections from the image.

    Removing main.o(.rev16_text), (4 bytes).
    Removing main.o(.revsh_text), (4 bytes).
    Removing boardutil.o(.rev16_text), (4 bytes).
    Removing boardutil.o(.revsh_text), (4 bytes).
    Removing interrupts.o(.rev16_text), (4 bytes).
    Removing interrupts.o(.revsh_text), (4 bytes).
    Removing startup_tm4c123.o(HEAP), (0 bytes).
    Removing system_tm4c123.o(.rev16_text), (4 bytes).
    Removing system_tm4c123.o(.revsh_text), (4 bytes).
    Removing gpioport.o(.rev16_text), (4 bytes).
    Removing gpioport.o(.revsh_text), (4 bytes).
    Removing gpioport.o(.rrx_text), (6 bytes).
    Removing uart.o(.rev16_text), (4 bytes).
    Removing uart.o(.revsh_text), (4 bytes).
    Removing uart.o(.rrx_text), (6 bytes).
    Removing adc.o(.rev16_text), (4 bytes).
    Removing adc.o(.revsh_text), (4 bytes).
    Removing adc.o(.rrx_text), (6 bytes).

18 unused section(s) (total 74 bytes) removed from the image.

==============================================================================

Image Symbol Table

    Local Symbols

    Symbol Name                              Value     Ov Type        Size  Object(Section)

    RESET                                    0x00000000   Section      620  startup_tm4c123.o(RESET)
    ../clib/microlib/division.c              0x00000000   Number         0  uidiv.o ABSOLUTE
    ../clib/microlib/division.c              0x00000000   Number         0  uldiv.o ABSOLUTE
    ../clib/microlib/init/entry.s            0x00000000   Number         0  entry9a.o ABSOLUTE
    ../clib/microlib/init/entry.s            0x00000000   Number         0  entry11a.o ABSOLUTE
    ../clib/microlib/init/entry.s            0x00000000   Number         0  entry10b.o ABSOLUTE
    ../clib/microlib/init/entry.s            0x00000000   Number         0  entry11b.o ABSOLUTE
    ../clib/microlib/init/entry.s            0x00000000   Number         0  entry10a.o ABSOLUTE
    ../clib/microlib/init/entry.s            0x00000000   Number         0  entry9b.o ABSOLUTE
    ../clib/microlib/init/entry.s            0x00000000   Number         0  entry8a.o ABSOLUTE
    ../clib/microlib/init/entry.s            0x00000000   Number         0  entry2.o ABSOLUTE
    ../clib/microlib/init/entry.s            0x00000000   Number         0  entry8b.o ABSOLUTE
    ../clib/microlib/init/entry.s            0x00000000   Number         0  entry5.o ABSOLUTE
    ../clib/microlib/init/entry.s            0x00000000   Number         0  entry7a.o ABSOLUTE
    ../clib/microlib/init/entry.s            0x00000000   Number         0  entry.o ABSOLUTE
    ../clib/microlib/init/entry.s            0x00000000   Number         0  entry7b.o ABSOLUTE
    ../clib/microlib/longlong.c              0x00000000   Number         0  llshl.o ABSOLUTE
    ../clib/microlib/longlong.c              0x00000000   Number         0  llushr.o ABSOLUTE
    ../clib/microlib/longlong.c              0x00000000   Number         0  llsshr.o ABSOLUTE
    ../clib/microlib/printf/printf.c         0x00000000   Number         0  printfb.o ABSOLUTE
    ../clib/microlib/printf/printf.c         0x00000000   Number         0  printfa.o ABSOLUTE
    ../clib/microlib/printf/printf.c         0x00000000   Number         0  printf7.o ABSOLUTE
    ../clib/microlib/printf/printf.c         0x00000000   Number         0  printf2.o ABSOLUTE
    ../clib/microlib/printf/printf.c         0x00000000   Number         0  printf5.o ABSOLUTE
    ../clib/microlib/printf/printf.c         0x00000000   Number         0  printf4.o ABSOLUTE
    ../clib/microlib/printf/printf.c         0x00000000   Number         0  printf3.o ABSOLUTE
    ../clib/microlib/printf/printf.c         0x00000000   Number         0  printf0.o ABSOLUTE
    ../clib/microlib/printf/printf.c         0x00000000   Number         0  printf6.o ABSOLUTE
    ../clib/microlib/printf/printf.c         0x00000000   Number         0  printf8.o ABSOLUTE
    ../clib/microlib/printf/printf.c         0x00000000   Number         0  printf1.o ABSOLUTE
    ../clib/microlib/printf/stubs.s          0x00000000   Number         0  stubs.o ABSOLUTE
    ../clib/microlib/stdio/fputc.c           0x00000000   Number         0  fputc.o ABSOLUTE
    ../clib/microlib/stdio/semi.s            0x00000000   Number         0  semi.o ABSOLUTE
    ../clib/microlib/stdio/streams.c         0x00000000   Number         0  stdout.o ABSOLUTE
    ../clib/microlib/stubs.s                 0x00000000   Number         0  iusesemip.o ABSOLUTE
    ../clib/microlib/stubs.s                 0x00000000   Number         0  iusefp.o ABSOLUTE
    ../fplib/microlib/f2d.c                  0x00000000   Number         0  f2d.o ABSOLUTE
    ../fplib/microlib/fpadd.c                0x00000000   Number         0  dadd.o ABSOLUTE
    ../fplib/microlib/fpdiv.c                0x00000000   Number         0  ddiv.o ABSOLUTE
    ../fplib/microlib/fpepilogue.c           0x00000000   Number         0  depilogue.o ABSOLUTE
    ../fplib/microlib/fpfix.c                0x00000000   Number         0  dfixul.o ABSOLUTE
    ../fplib/microlib/fpmul.c                0x00000000   Number         0  dmul.o ABSOLUTE
    ..\\drivers\\adc.c                       0x00000000   Number         0  adc.o ABSOLUTE
    ..\\drivers\\gpioPort.c                  0x00000000   Number         0  gpioport.o ABSOLUTE
    ..\\drivers\\uart.c                      0x00000000   Number         0  uart.o ABSOLUTE
    ..\drivers\adc.c                         0x00000000   Number         0  adc.o ABSOLUTE
    ..\drivers\gpioPort.c                    0x00000000   Number         0  gpioport.o ABSOLUTE
    ..\drivers\uart.c                        0x00000000   Number         0  uart.o ABSOLUTE
    RTE\Device\TM4C123GH6PM\startup_TM4C123.s 0x00000000   Number         0  startup_tm4c123.o ABSOLUTE
    RTE\Device\TM4C123GH6PM\system_TM4C123.c 0x00000000   Number         0  system_tm4c123.o ABSOLUTE
    RTE\\Device\\TM4C123GH6PM\\system_TM4C123.c 0x00000000   Number         0  system_tm4c123.o ABSOLUTE
    boardUtil.c                              0x00000000   Number         0  boardutil.o ABSOLUTE
    boardUtil.c                              0x00000000   Number         0  boardutil.o ABSOLUTE
    cdrcmple.s                               0x00000000   Number         0  cdrcmple.o ABSOLUTE
    dc.s                                     0x00000000   Number         0  dc.o ABSOLUTE
    handlers.s                               0x00000000   Number         0  handlers.o ABSOLUTE
    init.s                                   0x00000000   Number         0  init.o ABSOLUTE
    interrupts.c                             0x00000000   Number         0  interrupts.o ABSOLUTE
    interrupts.c                             0x00000000   Number         0  interrupts.o ABSOLUTE
    main.c                                   0x00000000   Number         0  main.o ABSOLUTE
    main.c                                   0x00000000   Number         0  main.o ABSOLUTE
    .ARM.Collect$$$$00000000                 0x0000026c   Section        0  entry.o(.ARM.Collect$$$$00000000)
    .ARM.Collect$$$$00000001                 0x0000026c   Section        4  entry2.o(.ARM.Collect$$$$00000001)
    .ARM.Collect$$$$00000004                 0x00000270   Section        4  entry5.o(.ARM.Collect$$$$00000004)
    .ARM.Collect$$$$00000008                 0x00000274   Section        0  entry7b.o(.ARM.Collect$$$$00000008)
    .ARM.Collect$$$$0000000A                 0x00000274   Section        0  entry8b.o(.ARM.Collect$$$$0000000A)
    .ARM.Collect$$$$0000000B                 0x00000274   Section        8  entry9a.o(.ARM.Collect$$$$0000000B)
    .ARM.Collect$$$$0000000D                 0x0000027c   Section        0  entry10a.o(.ARM.Collect$$$$0000000D)
    .ARM.Collect$$$$0000000F                 0x0000027c   Section        0  entry11a.o(.ARM.Collect$$$$0000000F)
    .ARM.Collect$$$$00002712                 0x0000027c   Section        4  entry2.o(.ARM.Collect$$$$00002712)
    __lit__00000000                          0x0000027c   Data           4  entry2.o(.ARM.Collect$$$$00002712)
    .text                                    0x00000280   Section        0  main.o(.text)
    .text                                    0x0000052c   Section        0  boardutil.o(.text)
    .text                                    0x00000574   Section        0  interrupts.o(.text)
    .text                                    0x000005d8   Section      252  startup_tm4c123.o(.text)
    $v0                                      0x000005d8   Number         0  startup_tm4c123.o(.text)
    .text                                    0x000006d4   Section        0  system_tm4c123.o(.text)
    getOscClk                                0x000006d5   Thumb Code   182  system_tm4c123.o(.text)
    .text                                    0x00000924   Section        0  gpioport.o(.text)
    verifyBaseAddr                           0x00000925   Thumb Code    64  gpioport.o(.text)
    .text                                    0x00000b54   Section        0  uart.o(.text)
    .text                                    0x00000c58   Section        0  adc.o(.text)
    .text                                    0x00000d30   Section        0  dmul.o(.text)
    .text                                    0x00000e14   Section        0  f2d.o(.text)
    .text                                    0x00000e3a   Section        0  uidiv.o(.text)
    .text                                    0x00000e66   Section        0  uldiv.o(.text)
    .text                                    0x00000ec8   Section        0  iusefp.o(.text)
    .text                                    0x00000ec8   Section        0  depilogue.o(.text)
    .text                                    0x00000f7e   Section        0  dadd.o(.text)
    .text                                    0x000010cc   Section        0  ddiv.o(.text)
    .text                                    0x000011aa   Section        0  dfixul.o(.text)
    .text                                    0x000011dc   Section       40  cdrcmple.o(.text)
    .text                                    0x00001204   Section       36  init.o(.text)
    .text                                    0x00001228   Section        0  llshl.o(.text)
    .text                                    0x00001246   Section        0  llushr.o(.text)
    .text                                    0x00001266   Section        0  llsshr.o(.text)
    i.__0sprintf                             0x0000128c   Section        0  printfa.o(i.__0sprintf)
    i.__scatterload_copy                     0x000012b4   Section       14  handlers.o(i.__scatterload_copy)
    i.__scatterload_null                     0x000012c2   Section        2  handlers.o(i.__scatterload_null)
    i.__scatterload_zeroinit                 0x000012c4   Section       14  handlers.o(i.__scatterload_zeroinit)
    i._fp_digits                             0x000012d4   Section        0  printfa.o(i._fp_digits)
    _fp_digits                               0x000012d5   Thumb Code   334  printfa.o(i._fp_digits)
    i._printf_core                           0x00001438   Section        0  printfa.o(i._printf_core)
    _printf_core                             0x00001439   Thumb Code  1744  printfa.o(i._printf_core)
    i._printf_post_padding                   0x00001b14   Section        0  printfa.o(i._printf_post_padding)
    _printf_post_padding                     0x00001b15   Thumb Code    36  printfa.o(i._printf_post_padding)
    i._printf_pre_padding                    0x00001b38   Section        0  printfa.o(i._printf_pre_padding)
    _printf_pre_padding                      0x00001b39   Thumb Code    46  printfa.o(i._printf_pre_padding)
    i._sputc                                 0x00001b66   Section        0  printfa.o(i._sputc)
    _sputc                                   0x00001b67   Thumb Code    10  printfa.o(i._sputc)
    .conststring                             0x00001b70   Section       73  main.o(.conststring)
    .data                                    0x20000000   Section       12  main.o(.data)
    .data                                    0x2000000c   Section       12  interrupts.o(.data)
    count                                    0x20000010   Data           4  interrupts.o(.data)
    secCount                                 0x20000014   Data           4  interrupts.o(.data)
    .data                                    0x20000018   Section        4  system_tm4c123.o(.data)
    .bss                                     0x2000001c   Section       25  main.o(.bss)
    STACK                                    0x20000038   Section     4096  startup_tm4c123.o(STACK)

    Global Symbols

    Symbol Name                              Value     Ov Type        Size  Object(Section)

    BuildAttributes$$THM_ISAv4$E$P$D$K$B$S$7EM$VFPi3$EXTD16$VFPS$VFMA$PE$A:L22UL41UL21$X:L11$S22US41US21$IEEE1$IW$USESV6$~STKCKD$USESV7$~SHL$OSPACE$ROPI$EBA8$MICROLIB$REQ8$PRES8$EABIv2 0x00000000   Number         0  anon$$obj.o ABSOLUTE
    __ARM_use_no_argv                        0x00000000   Number         0  main.o ABSOLUTE
    __Vectors                                0x00000000   Data           4  startup_tm4c123.o(RESET)
    _printf_a                                0x00000000   Number         0  stubs.o ABSOLUTE
    _printf_c                                0x00000000   Number         0  stubs.o ABSOLUTE
    _printf_charcount                        0x00000000   Number         0  stubs.o ABSOLUTE
    _printf_d                                0x00000000   Number         0  stubs.o ABSOLUTE
    _printf_e                                0x00000000   Number         0  stubs.o ABSOLUTE
    _printf_f                                0x00000000   Number         0  stubs.o ABSOLUTE
    _printf_flags                            0x00000000   Number         0  stubs.o ABSOLUTE
    _printf_fp_dec                           0x00000000   Number         0  stubs.o ABSOLUTE
    _printf_fp_hex                           0x00000000   Number         0  stubs.o ABSOLUTE
    _printf_g                                0x00000000   Number         0  stubs.o ABSOLUTE
    _printf_i                                0x00000000   Number         0  stubs.o ABSOLUTE
    _printf_int_dec                          0x00000000   Number         0  stubs.o ABSOLUTE
    _printf_l                                0x00000000   Number         0  stubs.o ABSOLUTE
    _printf_lc                               0x00000000   Number         0  stubs.o ABSOLUTE
    _printf_ll                               0x00000000   Number         0  stubs.o ABSOLUTE
    _printf_lld                              0x00000000   Number         0  stubs.o ABSOLUTE
    _printf_lli                              0x00000000   Number         0  stubs.o ABSOLUTE
    _printf_llo                              0x00000000   Number         0  stubs.o ABSOLUTE
    _printf_llu                              0x00000000   Number         0  stubs.o ABSOLUTE
    _printf_llx                              0x00000000   Number         0  stubs.o ABSOLUTE
    _printf_longlong_dec                     0x00000000   Number         0  stubs.o ABSOLUTE
    _printf_longlong_hex                     0x00000000   Number         0  stubs.o ABSOLUTE
    _printf_longlong_oct                     0x00000000   Number         0  stubs.o ABSOLUTE
    _printf_ls                               0x00000000   Number         0  stubs.o ABSOLUTE
    _printf_mbtowc                           0x00000000   Number         0  stubs.o ABSOLUTE
    _printf_n                                0x00000000   Number         0  stubs.o ABSOLUTE
    _printf_o                                0x00000000   Number         0  stubs.o ABSOLUTE
    _printf_p                                0x00000000   Number         0  stubs.o ABSOLUTE
    _printf_percent                          0x00000000   Number         0  stubs.o ABSOLUTE
    _printf_pre_padding                      0x00000000   Number         0  stubs.o ABSOLUTE
    _printf_return_value                     0x00000000   Number         0  stubs.o ABSOLUTE
    _printf_s                                0x00000000   Number         0  stubs.o ABSOLUTE
    _printf_sizespec                         0x00000000   Number         0  stubs.o ABSOLUTE
    _printf_str                              0x00000000   Number         0  stubs.o ABSOLUTE
    _printf_truncate_signed                  0x00000000   Number         0  stubs.o ABSOLUTE
    _printf_truncate_unsigned                0x00000000   Number         0  stubs.o ABSOLUTE
    _printf_u                                0x00000000   Number         0  stubs.o ABSOLUTE
    _printf_wc                               0x00000000   Number         0  stubs.o ABSOLUTE
    _printf_wctomb                           0x00000000   Number         0  stubs.o ABSOLUTE
    _printf_widthprec                        0x00000000   Number         0  stubs.o ABSOLUTE
    _printf_x                                0x00000000   Number         0  stubs.o ABSOLUTE
    __cpp_initialize__aeabi_                  - Undefined Weak Reference
    __cxa_finalize                            - Undefined Weak Reference
    __decompress                              - Undefined Weak Reference
    _clock_init                               - Undefined Weak Reference
    _microlib_exit                            - Undefined Weak Reference
    __Vectors_End                            0x0000026c   Data           0  startup_tm4c123.o(RESET)
    __Vectors_Size                           0x0000026c   Number         0  startup_tm4c123.o ABSOLUTE
    __main                                   0x0000026d   Thumb Code     0  entry.o(.ARM.Collect$$$$00000000)
    _main_stk                                0x0000026d   Thumb Code     0  entry2.o(.ARM.Collect$$$$00000001)
    _main_scatterload                        0x00000271   Thumb Code     0  entry5.o(.ARM.Collect$$$$00000004)
    __main_after_scatterload                 0x00000275   Thumb Code     0  entry5.o(.ARM.Collect$$$$00000004)
    _main_clock                              0x00000275   Thumb Code     0  entry7b.o(.ARM.Collect$$$$00000008)
    _main_cpp_init                           0x00000275   Thumb Code     0  entry8b.o(.ARM.Collect$$$$0000000A)
    _main_init                               0x00000275   Thumb Code     0  entry9a.o(.ARM.Collect$$$$0000000B)
    __rt_final_cpp                           0x0000027d   Thumb Code     0  entry10a.o(.ARM.Collect$$$$0000000D)
    __rt_final_exit                          0x0000027d   Thumb Code     0  entry11a.o(.ARM.Collect$$$$0000000F)
    uart_init_9600                           0x00000281   Thumb Code    58  main.o(.text)
    Sensor_Init                              0x000002bb   Thumb Code    82  main.o(.text)
    initializeBoard                          0x0000030d   Thumb Code    96  main.o(.text)
    main                                     0x0000036d   Thumb Code   290  main.o(.text)
    DisableInterrupts                        0x0000052d   Thumb Code     4  boardutil.o(.text)
    EnableInterrupts                         0x00000531   Thumb Code     4  boardutil.o(.text)
    uart0_config_gpio                        0x00000535   Thumb Code    42  boardutil.o(.text)
    serialDebugInit                          0x0000055f   Thumb Code    18  boardutil.o(.text)
    SysTick_Handler                          0x00000575   Thumb Code    78  interrupts.o(.text)
    Reset_Handler                            0x000005d9   Thumb Code     8  startup_tm4c123.o(.text)
    NMI_Handler                              0x000005e1   Thumb Code     2  startup_tm4c123.o(.text)
    HardFault_Handler                        0x000005e3   Thumb Code     2  startup_tm4c123.o(.text)
    MemManage_Handler                        0x000005e5   Thumb Code     2  startup_tm4c123.o(.text)
    BusFault_Handler                         0x000005e7   Thumb Code     2  startup_tm4c123.o(.text)
    UsageFault_Handler                       0x000005e9   Thumb Code     2  startup_tm4c123.o(.text)
    SVC_Handler                              0x000005eb   Thumb Code     2  startup_tm4c123.o(.text)
    DebugMon_Handler                         0x000005ed   Thumb Code     2  startup_tm4c123.o(.text)
    PendSV_Handler                           0x000005ef   Thumb Code     2  startup_tm4c123.o(.text)
    GPIOA_Handler                            0x000005f3   Thumb Code     2  startup_tm4c123.o(.text)
    GPIOB_Handler                            0x000005f5   Thumb Code     2  startup_tm4c123.o(.text)
    GPIOC_Handler                            0x000005f7   Thumb Code     2  startup_tm4c123.o(.text)
    GPIOD_Handler                            0x000005f9   Thumb Code     2  startup_tm4c123.o(.text)
    GPIOE_Handler                            0x000005fb   Thumb Code     2  startup_tm4c123.o(.text)
    UART0_Handler                            0x000005fd   Thumb Code     2  startup_tm4c123.o(.text)
    UART1_Handler                            0x000005ff   Thumb Code     2  startup_tm4c123.o(.text)
    SSI0_Handler                             0x00000601   Thumb Code     2  startup_tm4c123.o(.text)
    I2C0_Handler                             0x00000603   Thumb Code     2  startup_tm4c123.o(.text)
    PMW0_FAULT_Handler                       0x00000605   Thumb Code     2  startup_tm4c123.o(.text)
    PWM0_0_Handler                           0x00000607   Thumb Code     2  startup_tm4c123.o(.text)
    PWM0_1_Handler                           0x00000609   Thumb Code     2  startup_tm4c123.o(.text)
    PWM0_2_Handler                           0x0000060b   Thumb Code     2  startup_tm4c123.o(.text)
    QEI0_Handler                             0x0000060d   Thumb Code     2  startup_tm4c123.o(.text)
    ADC0SS0_Handler                          0x0000060f   Thumb Code     2  startup_tm4c123.o(.text)
    ADC0SS1_Handler                          0x00000611   Thumb Code     2  startup_tm4c123.o(.text)
    ADC0SS2_Handler                          0x00000613   Thumb Code     2  startup_tm4c123.o(.text)
    ADC0SS3_Handler                          0x00000615   Thumb Code     2  startup_tm4c123.o(.text)
    WDT0_Handler                             0x00000617   Thumb Code     2  startup_tm4c123.o(.text)
    TIMER0A_Handler                          0x00000619   Thumb Code     2  startup_tm4c123.o(.text)
    TIMER0B_Handler                          0x0000061b   Thumb Code     2  startup_tm4c123.o(.text)
    TIMER1A_Handler                          0x0000061d   Thumb Code     2  startup_tm4c123.o(.text)
    TIMER1B_Handler                          0x0000061f   Thumb Code     2  startup_tm4c123.o(.text)
    TIMER2A_Handler                          0x00000621   Thumb Code     2  startup_tm4c123.o(.text)
    TIMER2B_Handler                          0x00000623   Thumb Code     2  startup_tm4c123.o(.text)
    COMP0_Handler                            0x00000625   Thumb Code     2  startup_tm4c123.o(.text)
    COMP1_Handler                            0x00000627   Thumb Code     2  startup_tm4c123.o(.text)
    COMP2_Handler                            0x00000629   Thumb Code     2  startup_tm4c123.o(.text)
    SYSCTL_Handler                           0x0000062b   Thumb Code     2  startup_tm4c123.o(.text)
    FLASH_Handler                            0x0000062d   Thumb Code     2  startup_tm4c123.o(.text)
    GPIOF_Handler                            0x0000062f   Thumb Code     2  startup_tm4c123.o(.text)
    GPIOG_Handler                            0x00000631   Thumb Code     2  startup_tm4c123.o(.text)
    GPIOH_Handler                            0x00000633   Thumb Code     2  startup_tm4c123.o(.text)
    UART2_Handler                            0x00000635   Thumb Code     2  startup_tm4c123.o(.text)
    SSI1_Handler                             0x00000637   Thumb Code     2  startup_tm4c123.o(.text)
    TIMER3A_Handler                          0x00000639   Thumb Code     2  startup_tm4c123.o(.text)
    TIMER3B_Handler                          0x0000063b   Thumb Code     2  startup_tm4c123.o(.text)
    I2C1_Handler                             0x0000063d   Thumb Code     2  startup_tm4c123.o(.text)
    QEI1_Handler                             0x0000063f   Thumb Code     2  startup_tm4c123.o(.text)
    CAN0_Handler                             0x00000641   Thumb Code     2  startup_tm4c123.o(.text)
    CAN1_Handler                             0x00000643   Thumb Code     2  startup_tm4c123.o(.text)
    CAN2_Handler                             0x00000645   Thumb Code     2  startup_tm4c123.o(.text)
    HIB_Handler                              0x00000647   Thumb Code     2  startup_tm4c123.o(.text)
    USB0_Handler                             0x00000649   Thumb Code     2  startup_tm4c123.o(.text)
    PWM0_3_Handler                           0x0000064b   Thumb Code     2  startup_tm4c123.o(.text)
    UDMA_Handler                             0x0000064d   Thumb Code     2  startup_tm4c123.o(.text)
    UDMAERR_Handler                          0x0000064f   Thumb Code     2  startup_tm4c123.o(.text)
    ADC1SS0_Handler                          0x00000651   Thumb Code     2  startup_tm4c123.o(.text)
    ADC1SS1_Handler                          0x00000653   Thumb Code     2  startup_tm4c123.o(.text)
    ADC1SS2_Handler                          0x00000655   Thumb Code     2  startup_tm4c123.o(.text)
    ADC1SS3_Handler                          0x00000657   Thumb Code     2  startup_tm4c123.o(.text)
    GPIOJ_Handler                            0x00000659   Thumb Code     2  startup_tm4c123.o(.text)
    GPIOK_Handler                            0x0000065b   Thumb Code     2  startup_tm4c123.o(.text)
    GPIOL_Handler                            0x0000065d   Thumb Code     2  startup_tm4c123.o(.text)
    SSI2_Handler                             0x0000065f   Thumb Code     2  startup_tm4c123.o(.text)
    SSI3_Handler                             0x00000661   Thumb Code     2  startup_tm4c123.o(.text)
    UART3_Handler                            0x00000663   Thumb Code     2  startup_tm4c123.o(.text)
    UART4_Handler                            0x00000665   Thumb Code     2  startup_tm4c123.o(.text)
    UART5_Handler                            0x00000667   Thumb Code     2  startup_tm4c123.o(.text)
    UART6_Handler                            0x00000669   Thumb Code     2  startup_tm4c123.o(.text)
    UART7_Handler                            0x0000066b   Thumb Code     2  startup_tm4c123.o(.text)
    I2C2_Handler                             0x0000066d   Thumb Code     2  startup_tm4c123.o(.text)
    I2C3_Handler                             0x0000066f   Thumb Code     2  startup_tm4c123.o(.text)
    TIMER4A_Handler                          0x00000671   Thumb Code     2  startup_tm4c123.o(.text)
    TIMER4B_Handler                          0x00000673   Thumb Code     2  startup_tm4c123.o(.text)
    TIMER5A_Handler                          0x00000675   Thumb Code     2  startup_tm4c123.o(.text)
    TIMER5B_Handler                          0x00000677   Thumb Code     2  startup_tm4c123.o(.text)
    WTIMER0A_Handler                         0x00000679   Thumb Code     2  startup_tm4c123.o(.text)
    WTIMER0B_Handler                         0x0000067b   Thumb Code     2  startup_tm4c123.o(.text)
    WTIMER1A_Handler                         0x0000067d   Thumb Code     2  startup_tm4c123.o(.text)
    WTIMER1B_Handler                         0x0000067f   Thumb Code     2  startup_tm4c123.o(.text)
    WTIMER2A_Handler                         0x00000681   Thumb Code     2  startup_tm4c123.o(.text)
    WTIMER2B_Handler                         0x00000683   Thumb Code     2  startup_tm4c123.o(.text)
    WTIMER3A_Handler                         0x00000685   Thumb Code     2  startup_tm4c123.o(.text)
    WTIMER3B_Handler                         0x00000687   Thumb Code     2  startup_tm4c123.o(.text)
    WTIMER4A_Handler                         0x00000689   Thumb Code     2  startup_tm4c123.o(.text)
    WTIMER4B_Handler                         0x0000068b   Thumb Code     2  startup_tm4c123.o(.text)
    WTIMER5A_Handler                         0x0000068d   Thumb Code     2  startup_tm4c123.o(.text)
    WTIMER5B_Handler                         0x0000068f   Thumb Code     2  startup_tm4c123.o(.text)
    FPU_Handler                              0x00000691   Thumb Code     2  startup_tm4c123.o(.text)
    I2C4_Handler                             0x00000693   Thumb Code     2  startup_tm4c123.o(.text)
    I2C5_Handler                             0x00000695   Thumb Code     2  startup_tm4c123.o(.text)
    GPIOM_Handler                            0x00000697   Thumb Code     2  startup_tm4c123.o(.text)
    GPION_Handler                            0x00000699   Thumb Code     2  startup_tm4c123.o(.text)
    QEI2_Handler                             0x0000069b   Thumb Code     2  startup_tm4c123.o(.text)
    GPIOP0_Handler                           0x0000069d   Thumb Code     2  startup_tm4c123.o(.text)
    GPIOP1_Handler                           0x0000069f   Thumb Code     2  startup_tm4c123.o(.text)
    GPIOP2_Handler                           0x000006a1   Thumb Code     2  startup_tm4c123.o(.text)
    GPIOP3_Handler                           0x000006a3   Thumb Code     2  startup_tm4c123.o(.text)
    GPIOP4_Handler                           0x000006a5   Thumb Code     2  startup_tm4c123.o(.text)
    GPIOP5_Handler                           0x000006a7   Thumb Code     2  startup_tm4c123.o(.text)
    GPIOP6_Handler                           0x000006a9   Thumb Code     2  startup_tm4c123.o(.text)
    GPIOP7_Handler                           0x000006ab   Thumb Code     2  startup_tm4c123.o(.text)
    GPIOQ0_Handler                           0x000006ad   Thumb Code     2  startup_tm4c123.o(.text)
    GPIOQ1_Handler                           0x000006af   Thumb Code     2  startup_tm4c123.o(.text)
    GPIOQ2_Handler                           0x000006b1   Thumb Code     2  startup_tm4c123.o(.text)
    GPIOQ3_Handler                           0x000006b3   Thumb Code     2  startup_tm4c123.o(.text)
    GPIOQ4_Handler                           0x000006b5   Thumb Code     2  startup_tm4c123.o(.text)
    GPIOQ5_Handler                           0x000006b7   Thumb Code     2  startup_tm4c123.o(.text)
    GPIOQ6_Handler                           0x000006b9   Thumb Code     2  startup_tm4c123.o(.text)
    GPIOQ7_Handler                           0x000006bb   Thumb Code     2  startup_tm4c123.o(.text)
    GPIOR_Handler                            0x000006bd   Thumb Code     2  startup_tm4c123.o(.text)
    GPIOS_Handler                            0x000006bf   Thumb Code     2  startup_tm4c123.o(.text)
    PMW1_0_Handler                           0x000006c1   Thumb Code     2  startup_tm4c123.o(.text)
    PWM1_1_Handler                           0x000006c3   Thumb Code     2  startup_tm4c123.o(.text)
    PWM1_2_Handler                           0x000006c5   Thumb Code     2  startup_tm4c123.o(.text)
    PWM1_3_Handler                           0x000006c7   Thumb Code     2  startup_tm4c123.o(.text)
    PWM1_FAULT_Handler                       0x000006c9   Thumb Code     2  startup_tm4c123.o(.text)
    SystemCoreClockUpdate                    0x0000078b   Thumb Code   184  system_tm4c123.o(.text)
    SystemInit                               0x00000843   Thumb Code   112  system_tm4c123.o(.text)
    gpio_enable_port                         0x00000965   Thumb Code   156  gpioport.o(.text)
    gpio_config_digital_enable               0x00000a01   Thumb Code    34  gpioport.o(.text)
    gpio_config_enable_output                0x00000a23   Thumb Code    34  gpioport.o(.text)
    gpio_config_enable_input                 0x00000a45   Thumb Code    34  gpioport.o(.text)
    gpio_config_enable_pullup                0x00000a67   Thumb Code    34  gpioport.o(.text)
    gpio_config_enable_pulldown              0x00000a89   Thumb Code    34  gpioport.o(.text)
    gpio_config_analog_enable                0x00000aab   Thumb Code    34  gpioport.o(.text)
    gpio_config_alternate_function           0x00000acd   Thumb Code    34  gpioport.o(.text)
    gpio_config_port_control                 0x00000aef   Thumb Code    34  gpioport.o(.text)
    gpio_config_open_drain                   0x00000b11   Thumb Code    34  gpioport.o(.text)
    verifyUartBase                           0x00000b55   Thumb Code    54  uart.o(.text)
    uartTxPoll                               0x00000b8b   Thumb Code    50  uart.o(.text)
    uartRxPoll                               0x00000bbd   Thumb Code    70  uart.o(.text)
    uart_init_115K                           0x00000c03   Thumb Code    78  uart.o(.text)
    initializeADC                            0x00000c59   Thumb Code   146  adc.o(.text)
    getADCValue                              0x00000ceb   Thumb Code    58  adc.o(.text)
    __aeabi_dmul                             0x00000d31   Thumb Code   228  dmul.o(.text)
    __aeabi_f2d                              0x00000e15   Thumb Code    38  f2d.o(.text)
    __aeabi_uidiv                            0x00000e3b   Thumb Code     0  uidiv.o(.text)
    __aeabi_uidivmod                         0x00000e3b   Thumb Code    44  uidiv.o(.text)
    __aeabi_uldivmod                         0x00000e67   Thumb Code    98  uldiv.o(.text)
    __I$use$fp                               0x00000ec9   Thumb Code     0  iusefp.o(.text)
    _double_round                            0x00000ec9   Thumb Code    26  depilogue.o(.text)
    _double_epilogue                         0x00000ee3   Thumb Code   156  depilogue.o(.text)
    __aeabi_dadd                             0x00000f7f   Thumb Code   322  dadd.o(.text)
    __aeabi_dsub                             0x000010c1   Thumb Code     6  dadd.o(.text)
    __aeabi_drsub                            0x000010c7   Thumb Code     6  dadd.o(.text)
    __aeabi_ddiv                             0x000010cd   Thumb Code   222  ddiv.o(.text)
    __aeabi_d2ulz                            0x000011ab   Thumb Code    48  dfixul.o(.text)
    __aeabi_cdrcmple                         0x000011dd   Thumb Code    38  cdrcmple.o(.text)
    __scatterload                            0x00001205   Thumb Code    28  init.o(.text)
    __scatterload_rt2                        0x00001205   Thumb Code     0  init.o(.text)
    __aeabi_llsl                             0x00001229   Thumb Code    30  llshl.o(.text)
    _ll_shift_l                              0x00001229   Thumb Code     0  llshl.o(.text)
    __aeabi_llsr                             0x00001247   Thumb Code    32  llushr.o(.text)
    _ll_ushift_r                             0x00001247   Thumb Code     0  llushr.o(.text)
    __aeabi_lasr                             0x00001267   Thumb Code    36  llsshr.o(.text)
    _ll_sshift_r                             0x00001267   Thumb Code     0  llsshr.o(.text)
    __0sprintf                               0x0000128d   Thumb Code    34  printfa.o(i.__0sprintf)
    __1sprintf                               0x0000128d   Thumb Code     0  printfa.o(i.__0sprintf)
    __2sprintf                               0x0000128d   Thumb Code     0  printfa.o(i.__0sprintf)
    __c89sprintf                             0x0000128d   Thumb Code     0  printfa.o(i.__0sprintf)
    sprintf                                  0x0000128d   Thumb Code     0  printfa.o(i.__0sprintf)
    __scatterload_copy                       0x000012b5   Thumb Code    14  handlers.o(i.__scatterload_copy)
    __scatterload_null                       0x000012c3   Thumb Code     2  handlers.o(i.__scatterload_null)
    __scatterload_zeroinit                   0x000012c5   Thumb Code    14  handlers.o(i.__scatterload_zeroinit)
    Region$$Table$$Base                      0x00001bbc   Number         0  anon$$obj.o(Region$$Table)
    Region$$Table$$Limit                     0x00001bdc   Number         0  anon$$obj.o(Region$$Table)
    distance                                 0x20000000   Data           4  main.o(.data)
    wasHigh                                  0x20000004   Data           1  main.o(.data)
    uartVal                                  0x20000005   Data           3  main.o(.data)
    uartDistance                             0x20000008   Data           4  main.o(.data)
    AlertSysTick                             0x2000000c   Data           1  interrupts.o(.data)
    analogTick                               0x2000000d   Data           1  interrupts.o(.data)
    secTick                                  0x2000000e   Data           1  interrupts.o(.data)
    SystemCoreClock                          0x20000018   Data           4  system_tm4c123.o(.data)
    t                                        0x2000001c   Data          25  main.o(.bss)
    __initial_sp                             0x20001038   Data           0  startup_tm4c123.o(STACK)



==============================================================================

Memory Map of the image

  Image Entry point : 0x000005d9

  Load Region LR_1 (Base: 0x00000000, Size: 0x00001bf8, Max: 0xffffffff, ABSOLUTE)

    Execution Region ER_RO (Base: 0x00000000, Size: 0x00001bdc, Max: 0xffffffff, ABSOLUTE)

    Base Addr    Size         Type   Attr      Idx    E Section Name        Object

    0x00000000   0x0000026c   Data   RO          148    RESET               startup_tm4c123.o
    0x0000026c   0x00000000   Code   RO          305  * .ARM.Collect$$$$00000000  mc_w.l(entry.o)
    0x0000026c   0x00000004   Code   RO          573    .ARM.Collect$$$$00000001  mc_w.l(entry2.o)
    0x00000270   0x00000004   Code   RO          576    .ARM.Collect$$$$00000004  mc_w.l(entry5.o)
    0x00000274   0x00000000   Code   RO          578    .ARM.Collect$$$$00000008  mc_w.l(entry7b.o)
    0x00000274   0x00000000   Code   RO          580    .ARM.Collect$$$$0000000A  mc_w.l(entry8b.o)
    0x00000274   0x00000008   Code   RO          581    .ARM.Collect$$$$0000000B  mc_w.l(entry9a.o)
    0x0000027c   0x00000000   Code   RO          583    .ARM.Collect$$$$0000000D  mc_w.l(entry10a.o)
    0x0000027c   0x00000000   Code   RO          585    .ARM.Collect$$$$0000000F  mc_w.l(entry11a.o)
    0x0000027c   0x00000004   Code   RO          574    .ARM.Collect$$$$00002712  mc_w.l(entry2.o)
    0x00000280   0x000002ac   Code   RO            3    .text               main.o
    0x0000052c   0x00000048   Code   RO           95    .text               boardutil.o
    0x00000574   0x00000064   Code   RO          122    .text               interrupts.o
    0x000005d8   0x000000fc   Code   RO          149  * .text               startup_tm4c123.o
    0x000006d4   0x00000250   Code   RO          155    .text               system_tm4c123.o
    0x00000924   0x00000230   Code   RO          182    .text               ece315.lib(gpioport.o)
    0x00000b54   0x00000104   Code   RO          244    .text               ece315.lib(uart.o)
    0x00000c58   0x000000d8   Code   RO          278    .text               ece315.lib(adc.o)
    0x00000d30   0x000000e4   Code   RO          569    .text               mf_w.l(dmul.o)
    0x00000e14   0x00000026   Code   RO          571    .text               mf_w.l(f2d.o)
    0x00000e3a   0x0000002c   Code   RO          590    .text               mc_w.l(uidiv.o)
    0x00000e66   0x00000062   Code   RO          592    .text               mc_w.l(uldiv.o)
    0x00000ec8   0x00000000   Code   RO          594    .text               mc_w.l(iusefp.o)
    0x00000ec8   0x000000b6   Code   RO          595    .text               mf_w.l(depilogue.o)
    0x00000f7e   0x0000014e   Code   RO          597    .text               mf_w.l(dadd.o)
    0x000010cc   0x000000de   Code   RO          599    .text               mf_w.l(ddiv.o)
    0x000011aa   0x00000030   Code   RO          601    .text               mf_w.l(dfixul.o)
    0x000011da   0x00000002   PAD
    0x000011dc   0x00000028   Code   RO          603    .text               mf_w.l(cdrcmple.o)
    0x00001204   0x00000024   Code   RO          605    .text               mc_w.l(init.o)
    0x00001228   0x0000001e   Code   RO          608    .text               mc_w.l(llshl.o)
    0x00001246   0x00000020   Code   RO          610    .text               mc_w.l(llushr.o)
    0x00001266   0x00000024   Code   RO          612    .text               mc_w.l(llsshr.o)
    0x0000128a   0x00000002   PAD
    0x0000128c   0x00000028   Code   RO          543    i.__0sprintf        mc_w.l(printfa.o)
    0x000012b4   0x0000000e   Code   RO          617    i.__scatterload_copy  mc_w.l(handlers.o)
    0x000012c2   0x00000002   Code   RO          618    i.__scatterload_null  mc_w.l(handlers.o)
    0x000012c4   0x0000000e   Code   RO          619    i.__scatterload_zeroinit  mc_w.l(handlers.o)
    0x000012d2   0x00000002   PAD
    0x000012d4   0x00000164   Code   RO          548    i._fp_digits        mc_w.l(printfa.o)
    0x00001438   0x000006dc   Code   RO          549    i._printf_core      mc_w.l(printfa.o)
    0x00001b14   0x00000024   Code   RO          550    i._printf_post_padding  mc_w.l(printfa.o)
    0x00001b38   0x0000002e   Code   RO          551    i._printf_pre_padding  mc_w.l(printfa.o)
    0x00001b66   0x0000000a   Code   RO          553    i._sputc            mc_w.l(printfa.o)
    0x00001b70   0x00000049   Data   RO            5    .conststring        main.o
    0x00001bb9   0x00000003   PAD
    0x00001bbc   0x00000020   Data   RO          615    Region$$Table       anon$$obj.o


    Execution Region ER_RW (Base: 0x20000000, Size: 0x0000001c, Max: 0xffffffff, ABSOLUTE)

    Base Addr    Size         Type   Attr      Idx    E Section Name        Object

    0x20000000   0x0000000c   Data   RW            6    .data               main.o
    0x2000000c   0x0000000c   Data   RW          123    .data               interrupts.o
    0x20000018   0x00000004   Data   RW          156    .data               system_tm4c123.o


    Execution Region ER_ZI (Base: 0x2000001c, Size: 0x0000101c, Max: 0xffffffff, ABSOLUTE)

    Base Addr    Size         Type   Attr      Idx    E Section Name        Object

    0x2000001c   0x00000019   Zero   RW            4    .bss                main.o
    0x20000035   0x00000003   PAD
    0x20000038   0x00001000   Zero   RW          146    STACK               startup_tm4c123.o


==============================================================================

Image component sizes


      Code (inc. data)   RO Data    RW Data    ZI Data      Debug   Object Name

        72          4          0          0          0        899   boardutil.o
       100         22          0         12          0        816   interrupts.o
       684        158         73         12         25      55647   main.o
       252         10        620          0       4096       5424   startup_tm4c123.o
       592        138          0          4          0       1509   system_tm4c123.o

    ----------------------------------------------------------------------
      1700        332        728         28       4124      64295   Object Totals
         0          0         32          0          0          0   (incl. Generated)
         0          0          3          0          3          0   (incl. Padding)

    ----------------------------------------------------------------------

      Code (inc. data)   RO Data    RW Data    ZI Data      Debug   Library Member Name

       216         12          0          0          0       1380   adc.o
       560         34          0          0          0      29656   gpioport.o
       260         16          0          0          0       2042   uart.o
         0          0          0          0          0          0   entry.o
         0          0          0          0          0          0   entry10a.o
         0          0          0          0          0          0   entry11a.o
         8          4          0          0          0          0   entry2.o
         4          0          0          0          0          0   entry5.o
         0          0          0          0          0          0   entry7b.o
         0          0          0          0          0          0   entry8b.o
         8          4          0          0          0          0   entry9a.o
        30          0          0          0          0          0   handlers.o
        36          8          0          0          0         68   init.o
         0          0          0          0          0          0   iusefp.o
        30          0          0          0          0         68   llshl.o
        36          0          0          0          0         68   llsshr.o
        32          0          0          0          0         68   llushr.o
      2244         86          0          0          0        512   printfa.o
        44          0          0          0          0         80   uidiv.o
        98          0          0          0          0         92   uldiv.o
        40          2          0          0          0         68   cdrcmple.o
       334          0          0          0          0        148   dadd.o
       222          0          0          0          0        100   ddiv.o
       182          0          0          0          0        176   depilogue.o
        48          0          0          0          0         68   dfixul.o
       228          0          0          0          0         96   dmul.o
        38          0          0          0          0         68   f2d.o

    ----------------------------------------------------------------------
      4704        166          0          0          0      34758   Library Totals
         6          0          0          0          0          0   (incl. Padding)

    ----------------------------------------------------------------------

      Code (inc. data)   RO Data    RW Data    ZI Data      Debug   Library Name

      1036         62          0          0          0      33078   ece315.lib
      2570        102          0          0          0        956   mc_w.l
      1092          2          0          0          0        724   mf_w.l

    ----------------------------------------------------------------------
      4704        166          0          0          0      34758   Library Totals

    ----------------------------------------------------------------------

==============================================================================


      Code (inc. data)   RO Data    RW Data    ZI Data      Debug   

      6404        498        728         28       4124      97625   Grand Totals
      6404        498        728         28       4124      97625   ELF Image Totals
      6404        498        728         28          0          0   ROM Totals

==============================================================================

    Total RO  Size (Code + RO Data)                 7132 (   6.96kB)
    Total RW  Size (RW Data + ZI Data)              4152 (   4.05kB)
    Total ROM Size (Code + RO Data + RW Data)       7160 (   6.99kB)

==============================================================================

