<html>
<body>
<pre>
<h1>µVision Build Log</h1>
<h2>Project:</h2>
I:\Documents\ECE315\F16-315-base\ECE315\ece353_base_project.uvprojx
Project File Date:  11/01/2016

<h2>Output:</h2>
Rebuild target 'Target 1'
compiling main.c...
main.c(132): warning:  #1035-D: single-precision operand implicitly converted to double-precision
                        sprintf(t, "Distance = %f\n\r UART[0] = %c\n\r UART[1] = %c\n\r UART[2] = %c\n\r UART = %d\n\r", (float)(distance) * 0.125, uartVal[0], uartVal[1], uartVal[2], uartDistance);
main.c: 1 warning, 0 errors
compiling boardUtil.c...
compiling interrupts.c...
interrupts.c(9): warning:  #550-D: variable "val" was set but never used
        uint32_t val;
interrupts.c: 1 warning, 0 errors
assembling startup_TM4C123.s...
compiling system_TM4C123.c...
linking...
Program Size: Code=6404 RO-data=728 RW-data=28 ZI-data=4124  
".\obj\ece353_base_project.axf" - 0 Error(s), 2 Warning(s).

<h2>Software Packages used:</h2>

Package Vendor: ARM
                http://www.keil.com/pack/ARM.CMSIS.4.1.1.pack
                ARM::CMSIS:CORE:3.30.0
                CMSIS (Cortex Microcontroller Software Interface Standard)
   * Component: CORE Version: 3.30.0

Package Vendor: Keil
                http://www.keil.com/pack/Keil.TM4C_DFP.1.0.0.pack
                Keil::Device:Startup:1.0.0
                Texas Instruments Tiva C Series Device Support and Examples
   * Component: Startup Version: 1.0.0

<h2>Collection of Component include folders:</h2>
  I:\Documents\ECE315\F16-315-base\ECE315\RTE
  C:\AppV\mdk_510\ARM\PACK\ARM\CMSIS\4.1.1\CMSIS\Include
  C:\AppV\mdk_510\ARM\PACK\Keil\TM4C_DFP\1.0.0\Device\Include\TM4C123

<h2>Collection of Component Files used:</h2>

   * Component: ARM::CMSIS:CORE:3.30.0
      Source file:   CMSIS\UserCodeTemplates\ARM\ITM_Retarget.c

   * Component: Keil::Device:Startup:1.0.0
      Include file:  Device\Include\TM4C123\TM4C123.h
      Source file:   Device\Source\system_TM4C123.c
      Source file:   Device\Source\ARM\startup_TM4C123.s
Load "I:\\Documents\\ECE315\\F16-315-base\\ECE315\\obj\\ece353_base_project.axf" 
Connecting: Mode=JTAG, Speed=1000000Hz
Erase Done.
Programming Done.
Verify OK.
ng Done.
Verify OK.
   Source file:   Device\Source\system_TM4C123.c
      Source file:   Device\Source\ARM\startup_TM4C123.s
Load "I:\\Documents\\ECE315\\F16-315-base\\ECE315\\obj\\ece353_base_project.axf" 
Connecting: Mode=JTAG, Speed=1000000Hz
Erase Done.
Programming Done.
Verify OK.
startup_TM4C123.s
Target not created
