<html>
<body>
<pre>
<h1>µVision Build Log</h1>
<h2>Project:</h2>
I:\ece315\Final Project\ECE315\ece353_base_project.uvprojx
Project File Date:  12/04/2016

<h2>Output:</h2>
Rebuild target 'Target 1'
compiling main.c...
main.c(132): warning:  #550-D: variable "i" was set but never used
        int i;
main.c(207): warning:  #550-D: variable "cTrend" was set but never used
        int lTrend, cTrend, rTrend = 0;
main.c(207): warning:  #550-D: variable "rTrend" was set but never used
        int lTrend, cTrend, rTrend = 0;
main.c: 3 warnings, 0 errors
compiling boardUtil.c...
compiling ece315_lab3.c...
compiling interrupts.c...
interrupts.c(23): warning:  #550-D: variable "val" was set but never used
        uint32_t val;
interrupts.c: 1 warning, 0 errors
compiling drv8833.c...
compiling pwm.c...
compiling lcd.c...
compiling fonts.c...
compiling led_controller.c...
compiling encoders.c...
assembling startup_TM4C123.s...
compiling system_TM4C123.c...
linking...
Program Size: Code=10038 RO-data=2946 RW-data=72 ZI-data=4120  
".\obj\ece353_base_project.axf" - 0 Error(s), 4 Warning(s).

<h2>Software Packages used:</h2>

Package Vendor: ARM
                http://www.keil.com/pack/ARM.CMSIS.4.1.1.pack
                ARM::CMSIS:CORE:3.30.0
                CMSIS (Cortex Microcontroller Software Interface Standard)
   * Component: CORE Version: 3.30.0

Package Vendor: Keil
                http://www.keil.com/pack/Keil.TM4C_DFP.1.0.0.pack
                Keil::Device:Startup:1.0.0
                Texas Instruments Tiva C Series Device Support and Examples
   * Component: Startup Version: 1.0.0

<h2>Collection of Component include folders:</h2>
  I:\ece315\Final Project\ECE315\RTE
  C:\AppV\mdk_510\ARM\PACK\ARM\CMSIS\4.1.1\CMSIS\Include
  C:\AppV\mdk_510\ARM\PACK\Keil\TM4C_DFP\1.0.0\Device\Include\TM4C123

<h2>Collection of Component Files used:</h2>

   * Component: ARM::CMSIS:CORE:3.30.0
      Source file:   CMSIS\UserCodeTemplates\ARM\ITM_Retarget.c

   * Component: Keil::Device:Startup:1.0.0
      Source file:   Device\Source\ARM\startup_TM4C123.s
      Include file:  Device\Include\TM4C123\TM4C123.h
      Source file:   Device\Source\system_TM4C123.c
Load "I:\\ece315\\Final Project\\ECE315\\obj\\ece353_base_project.axf" 
Connecting: Mode=JTAG, Speed=1000000Hz
Connection failed!, error code=&d
Error: Flash Download failed  -  Target DLL has been cancelled
Load "I:\\ece315\\Final Project\\ECE315\\obj\\ece353_base_project.axf" 
Connecting: Mode=JTAG, Speed=1000000Hz
Erase Done.
Programming Done.
Verify OK.
Load "I:\\ece315\\Final Project\\ECE315\\obj\\ece353_base_project.axf" 
Connecting: Mode=JTAG, Speed=1000000Hz
Erase Done.
Programming Done.
Verify OK.
</pre>
</body>
</html>
one.
Programming Done.
Verify OK.
Size];
main.c(242): error:  #17: expected a "]"
                        rHist[histTime] = rHist[(histTime+histSize-1)%histSize];
main.c(247): error:  #7: unrecognized token
                histTime = (histTime+1)%histSize;  // Increment Time
main.c(247): error:  #65: expected a ";"
                histTime = (histTime+1)%histSize;  // Increment Time
main.c(249): error:  #7: unrecognized token
                lTrend = lHist[(histTime+histSize-1)%histSize] - lHist[histTime];  // Newest - Oldest
main.c(249): error:  #18: expected a ")"
                lTrend = lHist[(histTime+histSize-1)%histSize] - lHist[histTime];  // Newest - Oldest
main.c: 1 warning, 30 errors
compiling boardUtil.c...
compiling ece315_lab3.c...
compiling interrupts.c...
interrupts.c(25): warning:  #550-D: variable "val" was set but never used
        uint32_t val;
interrupts.c: 1 warning, 0 errors
compiling drv8833.c...
compiling pwm.c...
compiling lcd.c...
compiling fonts.c...
compiling led_controller.c...
compiling encoders.c...
assembling startup_TM4C123.s...
compiling system_TM4C123.c...
".\obj\ece353_base_project.axf" - 30 Error(s), 2 Warning(s).

<h2>Software Packages used:</h2>

Package Vendor: ARM
                http://www.keil.com/pack/ARM.CMSIS.4.1.1.pack
                ARM::CMSIS:CORE:3.30.0
                CMSIS (Cortex Microcontroller Software Interface Standard)
   * Component: CORE Version: 3.30.0

Package Vendor: Keil
                http://www.keil.com/pack/Keil.TM4C_DFP.1.0.0.pack
                Keil::Device:Startup:1.0.0
                Texas Instruments Tiva C Series Device Support and Examples
   * Component: Startup Version: 1.0.0

<h2>Collection of Component include folders:</h2>
  I:\ece315\Final Project\ECE315\RTE
  C:\AppV\mdk_510\ARM\PACK\ARM\CMSIS\4.1.1\CMSIS\Include
  C:\AppV\mdk_510\ARM\PACK\Keil\TM4C_DFP\1.0.0\Device\Include\TM4C123

<h2>Collection of Component Files used:</h2>

   * Component: ARM::CMSIS:CORE:3.30.0
      Source file:   CMSIS\UserCodeTemplates\ARM\ITM_Retarget.c

   * Component: Keil::Device:Startup:1.0.0
      Source file:   Device\Source\ARM\startup_TM4C123.s
      Include file:  Device\Include\TM4C123\TM4C123.h
      Source file:   Device\Source\system_TM4C123.c
Target not created
