Product: MDK-ARM Lite 5.10
Component: ARM Compiler 5.04 update 1 (build 49)
Tool: armlink [5040049]

==============================================================================

Section Cross References

    main.o(.text) refers to boardutil.o(.text) for DisableInterrupts
    main.o(.text) refers to drv8833.o(.text) for drv8833_gpioInit
    main.o(.text) refers to ece315_lab3.o(.text) for rfInit
    main.o(.text) refers to lcd.o(.text) for ece315_lcdInit
    main.o(.text) refers to wireless.o(.text) for wireless_get_32
    main.o(.text) refers to memseta.o(.text) for __aeabi_memclr4
    main.o(.text) refers to printfa.o(i.__0sprintf) for __2sprintf
    main.o(.text) refers to uart.o(.text) for uartTxPoll
    main.o(.text) refers to dflti.o(.text) for __aeabi_i2d
    main.o(.text) refers to main.o(.data) for direction
    main.o(.text) refers to interrupts.o(.data) for secTick
    main.o(.text) refers to main.o(.bss) for t
    boardutil.o(.text) refers to gpioport.o(.text) for gpio_enable_port
    boardutil.o(.text) refers to uart.o(.text) for uart_init_115K
    boardutil.o(.text) refers to adc.o(.text) for initializeADC
    ece315_lab3.o(.text) refers to wireless.o(.text) for wireless_set_pin_config
    ece315_lab3.o(.text) refers to gpioport.o(.text) for gpio_enable_port
    ece315_lab3.o(.text) refers to spi.o(.text) for initialize_spi
    ece315_lab3.o(.text) refers to ece315_lab3.o(.data) for ece353_ids
    interrupts.o(.text) refers to uart.o(.text) for uartRxPoll
    interrupts.o(.text) refers to interrupts.o(.data) for sysTick
    drv8833.o(.text) refers to gpioport.o(.text) for gpio_enable_port
    drv8833.o(.text) refers to pwm.o(.text) for pwmConfig
    lcd.o(.text) refers to spi.o(.text) for spiTx
    lcd.o(.text) refers to gpioport.o(.text) for gpio_enable_port
    lcd.o(.text) refers to fonts.o(.constdata) for courierNew_10ptBitmaps
    startup_tm4c123.o(RESET) refers to startup_tm4c123.o(STACK) for __initial_sp
    startup_tm4c123.o(RESET) refers to startup_tm4c123.o(.text) for Reset_Handler
    startup_tm4c123.o(RESET) refers to interrupts.o(.text) for SysTick_Handler
    startup_tm4c123.o(.text) refers to system_tm4c123.o(.text) for SystemInit
    startup_tm4c123.o(.text) refers to entry.o(.ARM.Collect$$$$00000000) for __main
    system_tm4c123.o(.text) refers to system_tm4c123.o(.data) for SystemCoreClock
    wireless.o(.text) refers to spi.o(.text) for spiTx
    wireless.o(.text) refers to wireless.o(.bss) for wirelessPinConfig
    entry.o(.ARM.Collect$$$$00000000) refers (Special) to entry10a.o(.ARM.Collect$$$$0000000D) for __rt_final_cpp
    entry.o(.ARM.Collect$$$$00000000) refers (Special) to entry11a.o(.ARM.Collect$$$$0000000F) for __rt_final_exit
    entry.o(.ARM.Collect$$$$00000000) refers (Special) to entry7b.o(.ARM.Collect$$$$00000008) for _main_clock
    entry.o(.ARM.Collect$$$$00000000) refers (Special) to entry8b.o(.ARM.Collect$$$$0000000A) for _main_cpp_init
    entry.o(.ARM.Collect$$$$00000000) refers (Special) to entry9a.o(.ARM.Collect$$$$0000000B) for _main_init
    entry.o(.ARM.Collect$$$$00000000) refers (Special) to entry5.o(.ARM.Collect$$$$00000004) for _main_scatterload
    entry.o(.ARM.Collect$$$$00000000) refers (Special) to entry2.o(.ARM.Collect$$$$00000001) for _main_stk
    printfb.o(i.__0fprintf$bare) refers to printfb.o(i._printf_core) for _printf_core
    printfb.o(i.__0fprintf$bare) refers to fputc.o(i.fputc) for fputc
    printfb.o(i.__0printf$bare) refers to printfb.o(i._printf_core) for _printf_core
    printfb.o(i.__0printf$bare) refers to fputc.o(i.fputc) for fputc
    printfb.o(i.__0printf$bare) refers to stdout.o(.data) for __stdout
    printfb.o(i.__0snprintf$bare) refers to printfb.o(i._printf_core) for _printf_core
    printfb.o(i.__0snprintf$bare) refers to printfb.o(i._snputc) for _snputc
    printfb.o(i.__0sprintf$bare) refers to printfb.o(i._printf_core) for _printf_core
    printfb.o(i.__0sprintf$bare) refers to printfb.o(i._sputc) for _sputc
    printfb.o(i.__0vfprintf$bare) refers to printfb.o(i._printf_core) for _printf_core
    printfb.o(i.__0vfprintf$bare) refers to fputc.o(i.fputc) for fputc
    printfb.o(i.__0vprintf$bare) refers to printfb.o(i._printf_core) for _printf_core
    printfb.o(i.__0vprintf$bare) refers to fputc.o(i.fputc) for fputc
    printfb.o(i.__0vprintf$bare) refers to stdout.o(.data) for __stdout
    printfb.o(i.__0vsnprintf$bare) refers to printfb.o(i._printf_core) for _printf_core
    printfb.o(i.__0vsnprintf$bare) refers to printfb.o(i._snputc) for _snputc
    printfb.o(i.__0vsprintf$bare) refers to printfb.o(i._printf_core) for _printf_core
    printfb.o(i.__0vsprintf$bare) refers to printfb.o(i._sputc) for _sputc
    printf0.o(i.__0fprintf$0) refers to printf0.o(i._printf_core) for _printf_core
    printf0.o(i.__0fprintf$0) refers to fputc.o(i.fputc) for fputc
    printf0.o(i.__0printf$0) refers to printf0.o(i._printf_core) for _printf_core
    printf0.o(i.__0printf$0) refers to fputc.o(i.fputc) for fputc
    printf0.o(i.__0printf$0) refers to stdout.o(.data) for __stdout
    printf0.o(i.__0snprintf$0) refers to printf0.o(i._printf_core) for _printf_core
    printf0.o(i.__0snprintf$0) refers to printf0.o(i._snputc) for _snputc
    printf0.o(i.__0sprintf$0) refers to printf0.o(i._printf_core) for _printf_core
    printf0.o(i.__0sprintf$0) refers to printf0.o(i._sputc) for _sputc
    printf0.o(i.__0vfprintf$0) refers to printf0.o(i._printf_core) for _printf_core
    printf0.o(i.__0vfprintf$0) refers to fputc.o(i.fputc) for fputc
    printf0.o(i.__0vprintf$0) refers to printf0.o(i._printf_core) for _printf_core
    printf0.o(i.__0vprintf$0) refers to fputc.o(i.fputc) for fputc
    printf0.o(i.__0vprintf$0) refers to stdout.o(.data) for __stdout
    printf0.o(i.__0vsnprintf$0) refers to printf0.o(i._printf_core) for _printf_core
    printf0.o(i.__0vsnprintf$0) refers to printf0.o(i._snputc) for _snputc
    printf0.o(i.__0vsprintf$0) refers to printf0.o(i._printf_core) for _printf_core
    printf0.o(i.__0vsprintf$0) refers to printf0.o(i._sputc) for _sputc
    printf1.o(i.__0fprintf$1) refers to printf1.o(i._printf_core) for _printf_core
    printf1.o(i.__0fprintf$1) refers to fputc.o(i.fputc) for fputc
    printf1.o(i.__0printf$1) refers to printf1.o(i._printf_core) for _printf_core
    printf1.o(i.__0printf$1) refers to fputc.o(i.fputc) for fputc
    printf1.o(i.__0printf$1) refers to stdout.o(.data) for __stdout
    printf1.o(i.__0snprintf$1) refers to printf1.o(i._printf_core) for _printf_core
    printf1.o(i.__0snprintf$1) refers to printf1.o(i._snputc) for _snputc
    printf1.o(i.__0sprintf$1) refers to printf1.o(i._printf_core) for _printf_core
    printf1.o(i.__0sprintf$1) refers to printf1.o(i._sputc) for _sputc
    printf1.o(i.__0vfprintf$1) refers to printf1.o(i._printf_core) for _printf_core
    printf1.o(i.__0vfprintf$1) refers to fputc.o(i.fputc) for fputc
    printf1.o(i.__0vprintf$1) refers to printf1.o(i._printf_core) for _printf_core
    printf1.o(i.__0vprintf$1) refers to fputc.o(i.fputc) for fputc
    printf1.o(i.__0vprintf$1) refers to stdout.o(.data) for __stdout
    printf1.o(i.__0vsnprintf$1) refers to printf1.o(i._printf_core) for _printf_core
    printf1.o(i.__0vsnprintf$1) refers to printf1.o(i._snputc) for _snputc
    printf1.o(i.__0vsprintf$1) refers to printf1.o(i._printf_core) for _printf_core
    printf1.o(i.__0vsprintf$1) refers to printf1.o(i._sputc) for _sputc
    printf1.o(i._printf_core) refers to uidiv.o(.text) for __aeabi_uidivmod
    printf2.o(i.__0fprintf$2) refers to printf2.o(i._printf_core) for _printf_core
    printf2.o(i.__0fprintf$2) refers to fputc.o(i.fputc) for fputc
    printf2.o(i.__0printf$2) refers to printf2.o(i._printf_core) for _printf_core
    printf2.o(i.__0printf$2) refers to fputc.o(i.fputc) for fputc
    printf2.o(i.__0printf$2) refers to stdout.o(.data) for __stdout
    printf2.o(i.__0snprintf$2) refers to printf2.o(i._printf_core) for _printf_core
    printf2.o(i.__0snprintf$2) refers to printf2.o(i._snputc) for _snputc
    printf2.o(i.__0sprintf$2) refers to printf2.o(i._printf_core) for _printf_core
    printf2.o(i.__0sprintf$2) refers to printf2.o(i._sputc) for _sputc
    printf2.o(i.__0vfprintf$2) refers to printf2.o(i._printf_core) for _printf_core
    printf2.o(i.__0vfprintf$2) refers to fputc.o(i.fputc) for fputc
    printf2.o(i.__0vprintf$2) refers to printf2.o(i._printf_core) for _printf_core
    printf2.o(i.__0vprintf$2) refers to fputc.o(i.fputc) for fputc
    printf2.o(i.__0vprintf$2) refers to stdout.o(.data) for __stdout
    printf2.o(i.__0vsnprintf$2) refers to printf2.o(i._printf_core) for _printf_core
    printf2.o(i.__0vsnprintf$2) refers to printf2.o(i._snputc) for _snputc
    printf2.o(i.__0vsprintf$2) refers to printf2.o(i._printf_core) for _printf_core
    printf2.o(i.__0vsprintf$2) refers to printf2.o(i._sputc) for _sputc
    printf3.o(i.__0fprintf$3) refers to printf3.o(i._printf_core) for _printf_core
    printf3.o(i.__0fprintf$3) refers to fputc.o(i.fputc) for fputc
    printf3.o(i.__0printf$3) refers to printf3.o(i._printf_core) for _printf_core
    printf3.o(i.__0printf$3) refers to fputc.o(i.fputc) for fputc
    printf3.o(i.__0printf$3) refers to stdout.o(.data) for __stdout
    printf3.o(i.__0snprintf$3) refers to printf3.o(i._printf_core) for _printf_core
    printf3.o(i.__0snprintf$3) refers to printf3.o(i._snputc) for _snputc
    printf3.o(i.__0sprintf$3) refers to printf3.o(i._printf_core) for _printf_core
    printf3.o(i.__0sprintf$3) refers to printf3.o(i._sputc) for _sputc
    printf3.o(i.__0vfprintf$3) refers to printf3.o(i._printf_core) for _printf_core
    printf3.o(i.__0vfprintf$3) refers to fputc.o(i.fputc) for fputc
    printf3.o(i.__0vprintf$3) refers to printf3.o(i._printf_core) for _printf_core
    printf3.o(i.__0vprintf$3) refers to fputc.o(i.fputc) for fputc
    printf3.o(i.__0vprintf$3) refers to stdout.o(.data) for __stdout
    printf3.o(i.__0vsnprintf$3) refers to printf3.o(i._printf_core) for _printf_core
    printf3.o(i.__0vsnprintf$3) refers to printf3.o(i._snputc) for _snputc
    printf3.o(i.__0vsprintf$3) refers to printf3.o(i._printf_core) for _printf_core
    printf3.o(i.__0vsprintf$3) refers to printf3.o(i._sputc) for _sputc
    printf3.o(i._printf_core) refers to uidiv.o(.text) for __aeabi_uidivmod
    printf4.o(i.__0fprintf$4) refers to printf4.o(i._printf_core) for _printf_core
    printf4.o(i.__0fprintf$4) refers to fputc.o(i.fputc) for fputc
    printf4.o(i.__0printf$4) refers to printf4.o(i._printf_core) for _printf_core
    printf4.o(i.__0printf$4) refers to fputc.o(i.fputc) for fputc
    printf4.o(i.__0printf$4) refers to stdout.o(.data) for __stdout
    printf4.o(i.__0snprintf$4) refers to printf4.o(i._printf_core) for _printf_core
    printf4.o(i.__0snprintf$4) refers to printf4.o(i._snputc) for _snputc
    printf4.o(i.__0sprintf$4) refers to printf4.o(i._printf_core) for _printf_core
    printf4.o(i.__0sprintf$4) refers to printf4.o(i._sputc) for _sputc
    printf4.o(i.__0vfprintf$4) refers to printf4.o(i._printf_core) for _printf_core
    printf4.o(i.__0vfprintf$4) refers to fputc.o(i.fputc) for fputc
    printf4.o(i.__0vprintf$4) refers to printf4.o(i._printf_core) for _printf_core
    printf4.o(i.__0vprintf$4) refers to fputc.o(i.fputc) for fputc
    printf4.o(i.__0vprintf$4) refers to stdout.o(.data) for __stdout
    printf4.o(i.__0vsnprintf$4) refers to printf4.o(i._printf_core) for _printf_core
    printf4.o(i.__0vsnprintf$4) refers to printf4.o(i._snputc) for _snputc
    printf4.o(i.__0vsprintf$4) refers to printf4.o(i._printf_core) for _printf_core
    printf4.o(i.__0vsprintf$4) refers to printf4.o(i._sputc) for _sputc
    printf4.o(i._printf_core) refers to uldiv.o(.text) for __aeabi_uldivmod
    printf5.o(i.__0fprintf$5) refers to printf5.o(i._printf_core) for _printf_core
    printf5.o(i.__0fprintf$5) refers to fputc.o(i.fputc) for fputc
    printf5.o(i.__0printf$5) refers to printf5.o(i._printf_core) for _printf_core
    printf5.o(i.__0printf$5) refers to fputc.o(i.fputc) for fputc
    printf5.o(i.__0printf$5) refers to stdout.o(.data) for __stdout
    printf5.o(i.__0snprintf$5) refers to printf5.o(i._printf_core) for _printf_core
    printf5.o(i.__0snprintf$5) refers to printf5.o(i._snputc) for _snputc
    printf5.o(i.__0sprintf$5) refers to printf5.o(i._printf_core) for _printf_core
    printf5.o(i.__0sprintf$5) refers to printf5.o(i._sputc) for _sputc
    printf5.o(i.__0vfprintf$5) refers to printf5.o(i._printf_core) for _printf_core
    printf5.o(i.__0vfprintf$5) refers to fputc.o(i.fputc) for fputc
    printf5.o(i.__0vprintf$5) refers to printf5.o(i._printf_core) for _printf_core
    printf5.o(i.__0vprintf$5) refers to fputc.o(i.fputc) for fputc
    printf5.o(i.__0vprintf$5) refers to stdout.o(.data) for __stdout
    printf5.o(i.__0vsnprintf$5) refers to printf5.o(i._printf_core) for _printf_core
    printf5.o(i.__0vsnprintf$5) refers to printf5.o(i._snputc) for _snputc
    printf5.o(i.__0vsprintf$5) refers to printf5.o(i._printf_core) for _printf_core
    printf5.o(i.__0vsprintf$5) refers to printf5.o(i._sputc) for _sputc
    printf5.o(i._printf_core) refers to uldiv.o(.text) for __aeabi_uldivmod
    printf6.o(i.__0fprintf$6) refers to printf6.o(i._printf_core) for _printf_core
    printf6.o(i.__0fprintf$6) refers to fputc.o(i.fputc) for fputc
    printf6.o(i.__0printf$6) refers to printf6.o(i._printf_core) for _printf_core
    printf6.o(i.__0printf$6) refers to fputc.o(i.fputc) for fputc
    printf6.o(i.__0printf$6) refers to stdout.o(.data) for __stdout
    printf6.o(i.__0snprintf$6) refers to printf6.o(i._printf_core) for _printf_core
    printf6.o(i.__0snprintf$6) refers to printf6.o(i._snputc) for _snputc
    printf6.o(i.__0sprintf$6) refers to printf6.o(i._printf_core) for _printf_core
    printf6.o(i.__0sprintf$6) refers to printf6.o(i._sputc) for _sputc
    printf6.o(i.__0vfprintf$6) refers to printf6.o(i._printf_core) for _printf_core
    printf6.o(i.__0vfprintf$6) refers to fputc.o(i.fputc) for fputc
    printf6.o(i.__0vprintf$6) refers to printf6.o(i._printf_core) for _printf_core
    printf6.o(i.__0vprintf$6) refers to fputc.o(i.fputc) for fputc
    printf6.o(i.__0vprintf$6) refers to stdout.o(.data) for __stdout
    printf6.o(i.__0vsnprintf$6) refers to printf6.o(i._printf_core) for _printf_core
    printf6.o(i.__0vsnprintf$6) refers to printf6.o(i._snputc) for _snputc
    printf6.o(i.__0vsprintf$6) refers to printf6.o(i._printf_core) for _printf_core
    printf6.o(i.__0vsprintf$6) refers to printf6.o(i._sputc) for _sputc
    printf6.o(i._printf_core) refers to printf6.o(i._printf_pre_padding) for _printf_pre_padding
    printf6.o(i._printf_core) refers to uidiv.o(.text) for __aeabi_uidivmod
    printf6.o(i._printf_core) refers to printf6.o(i._printf_post_padding) for _printf_post_padding
    printf7.o(i.__0fprintf$7) refers to printf7.o(i._printf_core) for _printf_core
    printf7.o(i.__0fprintf$7) refers to fputc.o(i.fputc) for fputc
    printf7.o(i.__0printf$7) refers to printf7.o(i._printf_core) for _printf_core
    printf7.o(i.__0printf$7) refers to fputc.o(i.fputc) for fputc
    printf7.o(i.__0printf$7) refers to stdout.o(.data) for __stdout
    printf7.o(i.__0snprintf$7) refers to printf7.o(i._printf_core) for _printf_core
    printf7.o(i.__0snprintf$7) refers to printf7.o(i._snputc) for _snputc
    printf7.o(i.__0sprintf$7) refers to printf7.o(i._printf_core) for _printf_core
    printf7.o(i.__0sprintf$7) refers to printf7.o(i._sputc) for _sputc
    printf7.o(i.__0vfprintf$7) refers to printf7.o(i._printf_core) for _printf_core
    printf7.o(i.__0vfprintf$7) refers to fputc.o(i.fputc) for fputc
    printf7.o(i.__0vprintf$7) refers to printf7.o(i._printf_core) for _printf_core
    printf7.o(i.__0vprintf$7) refers to fputc.o(i.fputc) for fputc
    printf7.o(i.__0vprintf$7) refers to stdout.o(.data) for __stdout
    printf7.o(i.__0vsnprintf$7) refers to printf7.o(i._printf_core) for _printf_core
    printf7.o(i.__0vsnprintf$7) refers to printf7.o(i._snputc) for _snputc
    printf7.o(i.__0vsprintf$7) refers to printf7.o(i._printf_core) for _printf_core
    printf7.o(i.__0vsprintf$7) refers to printf7.o(i._sputc) for _sputc
    printf7.o(i._printf_core) refers to printf7.o(i._printf_pre_padding) for _printf_pre_padding
    printf7.o(i._printf_core) refers to uldiv.o(.text) for __aeabi_uldivmod
    printf7.o(i._printf_core) refers to printf7.o(i._printf_post_padding) for _printf_post_padding
    printf8.o(i.__0fprintf$8) refers to printf8.o(i._printf_core) for _printf_core
    printf8.o(i.__0fprintf$8) refers to fputc.o(i.fputc) for fputc
    printf8.o(i.__0printf$8) refers to printf8.o(i._printf_core) for _printf_core
    printf8.o(i.__0printf$8) refers to fputc.o(i.fputc) for fputc
    printf8.o(i.__0printf$8) refers to stdout.o(.data) for __stdout
    printf8.o(i.__0snprintf$8) refers to printf8.o(i._printf_core) for _printf_core
    printf8.o(i.__0snprintf$8) refers to printf8.o(i._snputc) for _snputc
    printf8.o(i.__0sprintf$8) refers to printf8.o(i._printf_core) for _printf_core
    printf8.o(i.__0sprintf$8) refers to printf8.o(i._sputc) for _sputc
    printf8.o(i.__0vfprintf$8) refers to printf8.o(i._printf_core) for _printf_core
    printf8.o(i.__0vfprintf$8) refers to fputc.o(i.fputc) for fputc
    printf8.o(i.__0vprintf$8) refers to printf8.o(i._printf_core) for _printf_core
    printf8.o(i.__0vprintf$8) refers to fputc.o(i.fputc) for fputc
    printf8.o(i.__0vprintf$8) refers to stdout.o(.data) for __stdout
    printf8.o(i.__0vsnprintf$8) refers to printf8.o(i._printf_core) for _printf_core
    printf8.o(i.__0vsnprintf$8) refers to printf8.o(i._snputc) for _snputc
    printf8.o(i.__0vsprintf$8) refers to printf8.o(i._printf_core) for _printf_core
    printf8.o(i.__0vsprintf$8) refers to printf8.o(i._sputc) for _sputc
    printf8.o(i._printf_core) refers to printf8.o(i._printf_pre_padding) for _printf_pre_padding
    printf8.o(i._printf_core) refers to uldiv.o(.text) for __aeabi_uldivmod
    printf8.o(i._printf_core) refers to printf8.o(i._printf_post_padding) for _printf_post_padding
    printfa.o(i.__0fprintf) refers (Special) to iusefp.o(.text) for __I$use$fp
    printfa.o(i.__0fprintf) refers to printfa.o(i._printf_core) for _printf_core
    printfa.o(i.__0fprintf) refers to fputc.o(i.fputc) for fputc
    printfa.o(i.__0printf) refers (Special) to iusefp.o(.text) for __I$use$fp
    printfa.o(i.__0printf) refers to printfa.o(i._printf_core) for _printf_core
    printfa.o(i.__0printf) refers to fputc.o(i.fputc) for fputc
    printfa.o(i.__0printf) refers to stdout.o(.data) for __stdout
    printfa.o(i.__0snprintf) refers (Special) to iusefp.o(.text) for __I$use$fp
    printfa.o(i.__0snprintf) refers to printfa.o(i._printf_core) for _printf_core
    printfa.o(i.__0snprintf) refers to printfa.o(i._snputc) for _snputc
    printfa.o(i.__0sprintf) refers (Special) to iusefp.o(.text) for __I$use$fp
    printfa.o(i.__0sprintf) refers to printfa.o(i._printf_core) for _printf_core
    printfa.o(i.__0sprintf) refers to printfa.o(i._sputc) for _sputc
    printfa.o(i.__0vfprintf) refers (Special) to iusefp.o(.text) for __I$use$fp
    printfa.o(i.__0vfprintf) refers to printfa.o(i._printf_core) for _printf_core
    printfa.o(i.__0vfprintf) refers to fputc.o(i.fputc) for fputc
    printfa.o(i.__0vprintf) refers (Special) to iusefp.o(.text) for __I$use$fp
    printfa.o(i.__0vprintf) refers to printfa.o(i._printf_core) for _printf_core
    printfa.o(i.__0vprintf) refers to fputc.o(i.fputc) for fputc
    printfa.o(i.__0vprintf) refers to stdout.o(.data) for __stdout
    printfa.o(i.__0vsnprintf) refers (Special) to iusefp.o(.text) for __I$use$fp
    printfa.o(i.__0vsnprintf) refers to printfa.o(i._printf_core) for _printf_core
    printfa.o(i.__0vsnprintf) refers to printfa.o(i._snputc) for _snputc
    printfa.o(i.__0vsprintf) refers (Special) to iusefp.o(.text) for __I$use$fp
    printfa.o(i.__0vsprintf) refers to printfa.o(i._printf_core) for _printf_core
    printfa.o(i.__0vsprintf) refers to printfa.o(i._sputc) for _sputc
    printfa.o(i._fp_digits) refers (Special) to iusefp.o(.text) for __I$use$fp
    printfa.o(i._fp_digits) refers to dmul.o(.text) for __aeabi_dmul
    printfa.o(i._fp_digits) refers to ddiv.o(.text) for __aeabi_ddiv
    printfa.o(i._fp_digits) refers to cdrcmple.o(.text) for __aeabi_cdrcmple
    printfa.o(i._fp_digits) refers to dadd.o(.text) for __aeabi_dadd
    printfa.o(i._fp_digits) refers to dfixul.o(.text) for __aeabi_d2ulz
    printfa.o(i._fp_digits) refers to uldiv.o(.text) for __aeabi_uldivmod
    printfa.o(i._printf_core) refers (Special) to iusefp.o(.text) for __I$use$fp
    printfa.o(i._printf_core) refers to printfa.o(i._printf_pre_padding) for _printf_pre_padding
    printfa.o(i._printf_core) refers to uldiv.o(.text) for __aeabi_uldivmod
    printfa.o(i._printf_core) refers to printfa.o(i._printf_post_padding) for _printf_post_padding
    printfa.o(i._printf_core) refers to printfa.o(i._fp_digits) for _fp_digits
    printfa.o(i._printf_core) refers to uidiv.o(.text) for __aeabi_uidivmod
    printfa.o(i._printf_post_padding) refers (Special) to iusefp.o(.text) for __I$use$fp
    printfa.o(i._printf_pre_padding) refers (Special) to iusefp.o(.text) for __I$use$fp
    printfa.o(i._snputc) refers (Special) to iusefp.o(.text) for __I$use$fp
    printfa.o(i._sputc) refers (Special) to iusefp.o(.text) for __I$use$fp
    dflti.o(.text) refers (Special) to iusefp.o(.text) for __I$use$fp
    dflti.o(.text) refers to depilogue.o(.text) for _double_epilogue
    entry2.o(.ARM.Collect$$$$00000001) refers to entry2.o(.ARM.Collect$$$$00002712) for __lit__00000000
    entry2.o(.ARM.Collect$$$$00002712) refers to startup_tm4c123.o(STACK) for __initial_sp
    entry2.o(__vectab_stack_and_reset_area) refers to startup_tm4c123.o(STACK) for __initial_sp
    entry2.o(__vectab_stack_and_reset_area) refers to entry.o(.ARM.Collect$$$$00000000) for __main
    entry5.o(.ARM.Collect$$$$00000004) refers to init.o(.text) for __scatterload
    entry9a.o(.ARM.Collect$$$$0000000B) refers to main.o(.text) for main
    entry9b.o(.ARM.Collect$$$$0000000C) refers to main.o(.text) for main
    fputc.o(i.fputc) refers (Special) to iusesemip.o(.text) for __I$use$semihosting$fputc
    fputc.o(i.fputc) refers (Special) to semi.o(.text) for __semihosting_library_function
    uldiv.o(.text) refers to llushr.o(.text) for __aeabi_llsr
    uldiv.o(.text) refers to llshl.o(.text) for __aeabi_llsl
    depilogue.o(.text) refers to llshl.o(.text) for __aeabi_llsl
    depilogue.o(.text) refers to llushr.o(.text) for __aeabi_llsr
    dadd.o(.text) refers to llshl.o(.text) for __aeabi_llsl
    dadd.o(.text) refers to llsshr.o(.text) for __aeabi_lasr
    dadd.o(.text) refers to depilogue.o(.text) for _double_epilogue
    dmul.o(.text) refers to depilogue.o(.text) for _double_epilogue
    ddiv.o(.text) refers to depilogue.o(.text) for _double_round
    dfixul.o(.text) refers to llushr.o(.text) for __aeabi_llsr
    dfixul.o(.text) refers to llshl.o(.text) for __aeabi_llsl
    init.o(.text) refers to entry5.o(.ARM.Collect$$$$00000004) for __main_after_scatterload


==============================================================================

Removing Unused input sections from the image.

    Removing main.o(.rev16_text), (4 bytes).
    Removing main.o(.revsh_text), (4 bytes).
    Removing boardutil.o(.rev16_text), (4 bytes).
    Removing boardutil.o(.revsh_text), (4 bytes).
    Removing ece315_lab3.o(.rev16_text), (4 bytes).
    Removing ece315_lab3.o(.revsh_text), (4 bytes).
    Removing interrupts.o(.rev16_text), (4 bytes).
    Removing interrupts.o(.revsh_text), (4 bytes).
    Removing drv8833.o(.rev16_text), (4 bytes).
    Removing drv8833.o(.revsh_text), (4 bytes).
    Removing pwm.o(.rev16_text), (4 bytes).
    Removing pwm.o(.revsh_text), (4 bytes).
    Removing lcd.o(.rev16_text), (4 bytes).
    Removing lcd.o(.revsh_text), (4 bytes).
    Removing startup_tm4c123.o(HEAP), (0 bytes).
    Removing system_tm4c123.o(.rev16_text), (4 bytes).
    Removing system_tm4c123.o(.revsh_text), (4 bytes).
    Removing gpioport.o(.rev16_text), (4 bytes).
    Removing gpioport.o(.revsh_text), (4 bytes).
    Removing gpioport.o(.rrx_text), (6 bytes).
    Removing spi.o(.rev16_text), (4 bytes).
    Removing spi.o(.revsh_text), (4 bytes).
    Removing spi.o(.rrx_text), (6 bytes).
    Removing uart.o(.rev16_text), (4 bytes).
    Removing uart.o(.revsh_text), (4 bytes).
    Removing uart.o(.rrx_text), (6 bytes).
    Removing adc.o(.rev16_text), (4 bytes).
    Removing adc.o(.revsh_text), (4 bytes).
    Removing adc.o(.rrx_text), (6 bytes).
    Removing wireless.o(.rev16_text), (4 bytes).
    Removing wireless.o(.revsh_text), (4 bytes).
    Removing wireless.o(.rrx_text), (6 bytes).

32 unused section(s) (total 134 bytes) removed from the image.

==============================================================================

Image Symbol Table

    Local Symbols

    Symbol Name                              Value     Ov Type        Size  Object(Section)

    RESET                                    0x00000000   Section      620  startup_tm4c123.o(RESET)
    ../clib/microlib/division.c              0x00000000   Number         0  uldiv.o ABSOLUTE
    ../clib/microlib/division.c              0x00000000   Number         0  uidiv.o ABSOLUTE
    ../clib/microlib/init/entry.s            0x00000000   Number         0  entry2.o ABSOLUTE
    ../clib/microlib/init/entry.s            0x00000000   Number         0  entry10a.o ABSOLUTE
    ../clib/microlib/init/entry.s            0x00000000   Number         0  entry10b.o ABSOLUTE
    ../clib/microlib/init/entry.s            0x00000000   Number         0  entry11a.o ABSOLUTE
    ../clib/microlib/init/entry.s            0x00000000   Number         0  entry11b.o ABSOLUTE
    ../clib/microlib/init/entry.s            0x00000000   Number         0  entry.o ABSOLUTE
    ../clib/microlib/init/entry.s            0x00000000   Number         0  entry9b.o ABSOLUTE
    ../clib/microlib/init/entry.s            0x00000000   Number         0  entry7a.o ABSOLUTE
    ../clib/microlib/init/entry.s            0x00000000   Number         0  entry5.o ABSOLUTE
    ../clib/microlib/init/entry.s            0x00000000   Number         0  entry9a.o ABSOLUTE
    ../clib/microlib/init/entry.s            0x00000000   Number         0  entry8b.o ABSOLUTE
    ../clib/microlib/init/entry.s            0x00000000   Number         0  entry8a.o ABSOLUTE
    ../clib/microlib/init/entry.s            0x00000000   Number         0  entry7b.o ABSOLUTE
    ../clib/microlib/longlong.c              0x00000000   Number         0  llsshr.o ABSOLUTE
    ../clib/microlib/longlong.c              0x00000000   Number         0  llushr.o ABSOLUTE
    ../clib/microlib/longlong.c              0x00000000   Number         0  llshl.o ABSOLUTE
    ../clib/microlib/printf/printf.c         0x00000000   Number         0  printf1.o ABSOLUTE
    ../clib/microlib/printf/printf.c         0x00000000   Number         0  printf2.o ABSOLUTE
    ../clib/microlib/printf/printf.c         0x00000000   Number         0  printf3.o ABSOLUTE
    ../clib/microlib/printf/printf.c         0x00000000   Number         0  printf5.o ABSOLUTE
    ../clib/microlib/printf/printf.c         0x00000000   Number         0  printfa.o ABSOLUTE
    ../clib/microlib/printf/printf.c         0x00000000   Number         0  printf8.o ABSOLUTE
    ../clib/microlib/printf/printf.c         0x00000000   Number         0  printf7.o ABSOLUTE
    ../clib/microlib/printf/printf.c         0x00000000   Number         0  printf4.o ABSOLUTE
    ../clib/microlib/printf/printf.c         0x00000000   Number         0  printf6.o ABSOLUTE
    ../clib/microlib/printf/printf.c         0x00000000   Number         0  printfb.o ABSOLUTE
    ../clib/microlib/printf/printf.c         0x00000000   Number         0  printf0.o ABSOLUTE
    ../clib/microlib/printf/stubs.s          0x00000000   Number         0  stubs.o ABSOLUTE
    ../clib/microlib/stdio/fputc.c           0x00000000   Number         0  fputc.o ABSOLUTE
    ../clib/microlib/stdio/semi.s            0x00000000   Number         0  semi.o ABSOLUTE
    ../clib/microlib/stdio/streams.c         0x00000000   Number         0  stdout.o ABSOLUTE
    ../clib/microlib/string/memset.c         0x00000000   Number         0  memseta.o ABSOLUTE
    ../clib/microlib/stubs.s                 0x00000000   Number         0  iusesemip.o ABSOLUTE
    ../clib/microlib/stubs.s                 0x00000000   Number         0  iusefp.o ABSOLUTE
    ../fplib/microlib/fpadd.c                0x00000000   Number         0  dadd.o ABSOLUTE
    ../fplib/microlib/fpdiv.c                0x00000000   Number         0  ddiv.o ABSOLUTE
    ../fplib/microlib/fpepilogue.c           0x00000000   Number         0  depilogue.o ABSOLUTE
    ../fplib/microlib/fpfix.c                0x00000000   Number         0  dfixul.o ABSOLUTE
    ../fplib/microlib/fpflt.c                0x00000000   Number         0  dflti.o ABSOLUTE
    ../fplib/microlib/fpmul.c                0x00000000   Number         0  dmul.o ABSOLUTE
    ..\\drivers\\adc.c                       0x00000000   Number         0  adc.o ABSOLUTE
    ..\\drivers\\drv8833.c                   0x00000000   Number         0  drv8833.o ABSOLUTE
    ..\\drivers\\gpioPort.c                  0x00000000   Number         0  gpioport.o ABSOLUTE
    ..\\drivers\\lcd.c                       0x00000000   Number         0  lcd.o ABSOLUTE
    ..\\drivers\\pwm.c                       0x00000000   Number         0  pwm.o ABSOLUTE
    ..\\drivers\\spi.c                       0x00000000   Number         0  spi.o ABSOLUTE
    ..\\drivers\\uart.c                      0x00000000   Number         0  uart.o ABSOLUTE
    ..\\drivers\\wireless.c                  0x00000000   Number         0  wireless.o ABSOLUTE
    ..\drivers\adc.c                         0x00000000   Number         0  adc.o ABSOLUTE
    ..\drivers\drv8833.c                     0x00000000   Number         0  drv8833.o ABSOLUTE
    ..\drivers\fonts.c                       0x00000000   Number         0  fonts.o ABSOLUTE
    ..\drivers\gpioPort.c                    0x00000000   Number         0  gpioport.o ABSOLUTE
    ..\drivers\lcd.c                         0x00000000   Number         0  lcd.o ABSOLUTE
    ..\drivers\pwm.c                         0x00000000   Number         0  pwm.o ABSOLUTE
    ..\drivers\spi.c                         0x00000000   Number         0  spi.o ABSOLUTE
    ..\drivers\uart.c                        0x00000000   Number         0  uart.o ABSOLUTE
    ..\drivers\wireless.c                    0x00000000   Number         0  wireless.o ABSOLUTE
    RTE\Device\TM4C123GH6PM\startup_TM4C123.s 0x00000000   Number         0  startup_tm4c123.o ABSOLUTE
    RTE\Device\TM4C123GH6PM\system_TM4C123.c 0x00000000   Number         0  system_tm4c123.o ABSOLUTE
    RTE\\Device\\TM4C123GH6PM\\system_TM4C123.c 0x00000000   Number         0  system_tm4c123.o ABSOLUTE
    boardUtil.c                              0x00000000   Number         0  boardutil.o ABSOLUTE
    boardUtil.c                              0x00000000   Number         0  boardutil.o ABSOLUTE
    cdrcmple.s                               0x00000000   Number         0  cdrcmple.o ABSOLUTE
    dc.s                                     0x00000000   Number         0  dc.o ABSOLUTE
    ece315_lab3.c                            0x00000000   Number         0  ece315_lab3.o ABSOLUTE
    ece315_lab3.c                            0x00000000   Number         0  ece315_lab3.o ABSOLUTE
    handlers.s                               0x00000000   Number         0  handlers.o ABSOLUTE
    init.s                                   0x00000000   Number         0  init.o ABSOLUTE
    interrupts.c                             0x00000000   Number         0  interrupts.o ABSOLUTE
    interrupts.c                             0x00000000   Number         0  interrupts.o ABSOLUTE
    main.c                                   0x00000000   Number         0  main.o ABSOLUTE
    main.c                                   0x00000000   Number         0  main.o ABSOLUTE
    .ARM.Collect$$$$00000000                 0x0000026c   Section        0  entry.o(.ARM.Collect$$$$00000000)
    .ARM.Collect$$$$00000001                 0x0000026c   Section        4  entry2.o(.ARM.Collect$$$$00000001)
    .ARM.Collect$$$$00000004                 0x00000270   Section        4  entry5.o(.ARM.Collect$$$$00000004)
    .ARM.Collect$$$$00000008                 0x00000274   Section        0  entry7b.o(.ARM.Collect$$$$00000008)
    .ARM.Collect$$$$0000000A                 0x00000274   Section        0  entry8b.o(.ARM.Collect$$$$0000000A)
    .ARM.Collect$$$$0000000B                 0x00000274   Section        8  entry9a.o(.ARM.Collect$$$$0000000B)
    .ARM.Collect$$$$0000000D                 0x0000027c   Section        0  entry10a.o(.ARM.Collect$$$$0000000D)
    .ARM.Collect$$$$0000000F                 0x0000027c   Section        0  entry11a.o(.ARM.Collect$$$$0000000F)
    .ARM.Collect$$$$00002712                 0x0000027c   Section        4  entry2.o(.ARM.Collect$$$$00002712)
    __lit__00000000                          0x0000027c   Data           4  entry2.o(.ARM.Collect$$$$00002712)
    .text                                    0x00000280   Section        0  main.o(.text)
    SysTick_Config                           0x00000281   Thumb Code    74  main.o(.text)
    .text                                    0x000005dc   Section        0  boardutil.o(.text)
    NVIC_SetPriority                         0x000005dd   Thumb Code    32  boardutil.o(.text)
    NVIC_EnableIRQ                           0x000007bb   Thumb Code    22  boardutil.o(.text)
    .text                                    0x000007f8   Section        0  ece315_lab3.o(.text)
    .text                                    0x000008e4   Section        0  interrupts.o(.text)
    .text                                    0x00000a84   Section        0  drv8833.o(.text)
    .text                                    0x00000c1c   Section        0  pwm.o(.text)
    .text                                    0x00000cc0   Section        0  lcd.o(.text)
    lcd_assert_cmd_mode                      0x00000fc9   Thumb Code    16  lcd.o(.text)
    lcd_deassert_cmd_mode                    0x00000fd9   Thumb Code    16  lcd.o(.text)
    .text                                    0x00000ff8   Section      252  startup_tm4c123.o(.text)
    $v0                                      0x00000ff8   Number         0  startup_tm4c123.o(.text)
    .text                                    0x000010f4   Section        0  system_tm4c123.o(.text)
    getOscClk                                0x000010f5   Thumb Code   182  system_tm4c123.o(.text)
    .text                                    0x00001344   Section        0  gpioport.o(.text)
    verifyBaseAddr                           0x00001345   Thumb Code    64  gpioport.o(.text)
    .text                                    0x00001574   Section        0  spi.o(.text)
    .text                                    0x00001704   Section        0  uart.o(.text)
    .text                                    0x00001808   Section        0  adc.o(.text)
    .text                                    0x000018e0   Section        0  wireless.o(.text)
    wireless_reg_read                        0x00001907   Thumb Code    42  wireless.o(.text)
    wireless_reg_write                       0x00001931   Thumb Code    42  wireless.o(.text)
    wireless_rx_data_payload                 0x0000195b   Thumb Code    82  wireless.o(.text)
    wireless_set_rx_addr                     0x000019ad   Thumb Code   120  wireless.o(.text)
    wireless_flush_tx_fifo                   0x00001a25   Thumb Code    30  wireless.o(.text)
    wireless_get_status                      0x00001a43   Thumb Code    34  wireless.o(.text)
    wireless_CSN_low                         0x00001d07   Thumb Code    20  wireless.o(.text)
    wireless_CSN_high                        0x00001d1b   Thumb Code    20  wireless.o(.text)
    wireless_CE_low                          0x00001d2f   Thumb Code    20  wireless.o(.text)
    wireless_CE_high                         0x00001d43   Thumb Code    20  wireless.o(.text)
    wireless_rx_fifo_empty                   0x00001d57   Thumb Code    24  wireless.o(.text)
    wireless_status_tx_ds_asserted           0x00001d6f   Thumb Code    16  wireless.o(.text)
    wireless_status_tx_full_asserted         0x00001d7f   Thumb Code    16  wireless.o(.text)
    wireless_clear_max_rt                    0x00001d8f   Thumb Code    12  wireless.o(.text)
    .text                                    0x00001da0   Section        0  memseta.o(.text)
    .text                                    0x00001dc4   Section        0  dflti.o(.text)
    .text                                    0x00001de6   Section        0  uidiv.o(.text)
    .text                                    0x00001e12   Section        0  uldiv.o(.text)
    .text                                    0x00001e74   Section        0  depilogue.o(.text)
    .text                                    0x00001e74   Section        0  iusefp.o(.text)
    .text                                    0x00001f2a   Section        0  dadd.o(.text)
    .text                                    0x00002078   Section        0  dmul.o(.text)
    .text                                    0x0000215c   Section        0  ddiv.o(.text)
    .text                                    0x0000223a   Section        0  dfixul.o(.text)
    .text                                    0x0000226c   Section       40  cdrcmple.o(.text)
    .text                                    0x00002294   Section       36  init.o(.text)
    .text                                    0x000022b8   Section        0  llshl.o(.text)
    .text                                    0x000022d6   Section        0  llushr.o(.text)
    .text                                    0x000022f6   Section        0  llsshr.o(.text)
    i.__0sprintf                             0x0000231c   Section        0  printfa.o(i.__0sprintf)
    i.__scatterload_copy                     0x00002344   Section       14  handlers.o(i.__scatterload_copy)
    i.__scatterload_null                     0x00002352   Section        2  handlers.o(i.__scatterload_null)
    i.__scatterload_zeroinit                 0x00002354   Section       14  handlers.o(i.__scatterload_zeroinit)
    i._fp_digits                             0x00002364   Section        0  printfa.o(i._fp_digits)
    _fp_digits                               0x00002365   Thumb Code   334  printfa.o(i._fp_digits)
    i._printf_core                           0x000024c8   Section        0  printfa.o(i._printf_core)
    _printf_core                             0x000024c9   Thumb Code  1744  printfa.o(i._printf_core)
    i._printf_post_padding                   0x00002ba4   Section        0  printfa.o(i._printf_post_padding)
    _printf_post_padding                     0x00002ba5   Thumb Code    36  printfa.o(i._printf_post_padding)
    i._printf_pre_padding                    0x00002bc8   Section        0  printfa.o(i._printf_pre_padding)
    _printf_pre_padding                      0x00002bc9   Thumb Code    46  printfa.o(i._printf_pre_padding)
    i._sputc                                 0x00002bf6   Section        0  printfa.o(i._sputc)
    _sputc                                   0x00002bf7   Thumb Code    10  printfa.o(i._sputc)
    .constdata                               0x00002c00   Section     2292  fonts.o(.constdata)
    .data                                    0x20000000   Section        8  main.o(.data)
    .data                                    0x20000008   Section       10  ece315_lab3.o(.data)
    ece353_ids                               0x20000008   Data           5  ece315_lab3.o(.data)
    ece315_ids                               0x2000000d   Data           5  ece315_lab3.o(.data)
    .data                                    0x20000014   Section       44  interrupts.o(.data)
    count                                    0x20000034   Data           4  interrupts.o(.data)
    secCount                                 0x20000038   Data           4  interrupts.o(.data)
    count                                    0x2000003c   Data           4  interrupts.o(.data)
    .data                                    0x20000040   Section        4  system_tm4c123.o(.data)
    .bss                                     0x20000044   Section       50  main.o(.bss)
    .bss                                     0x20000078   Section       24  wireless.o(.bss)
    STACK                                    0x20000090   Section     4096  startup_tm4c123.o(STACK)

    Global Symbols

    Symbol Name                              Value     Ov Type        Size  Object(Section)

    BuildAttributes$$THM_ISAv4$E$P$D$K$B$S$7EM$VFPi3$EXTD16$VFPS$VFMA$PE$A:L22UL41UL21$X:L11$S22US41US21$IEEE1$IW$USESV6$~STKCKD$USESV7$~SHL$OSPACE$ROPI$EBA8$MICROLIB$REQ8$PRES8$EABIv2 0x00000000   Number         0  anon$$obj.o ABSOLUTE
    __ARM_use_no_argv                        0x00000000   Number         0  main.o ABSOLUTE
    __Vectors                                0x00000000   Data           4  startup_tm4c123.o(RESET)
    _printf_a                                0x00000000   Number         0  stubs.o ABSOLUTE
    _printf_c                                0x00000000   Number         0  stubs.o ABSOLUTE
    _printf_charcount                        0x00000000   Number         0  stubs.o ABSOLUTE
    _printf_d                                0x00000000   Number         0  stubs.o ABSOLUTE
    _printf_e                                0x00000000   Number         0  stubs.o ABSOLUTE
    _printf_f                                0x00000000   Number         0  stubs.o ABSOLUTE
    _printf_flags                            0x00000000   Number         0  stubs.o ABSOLUTE
    _printf_fp_dec                           0x00000000   Number         0  stubs.o ABSOLUTE
    _printf_fp_hex                           0x00000000   Number         0  stubs.o ABSOLUTE
    _printf_g                                0x00000000   Number         0  stubs.o ABSOLUTE
    _printf_i                                0x00000000   Number         0  stubs.o ABSOLUTE
    _printf_int_dec                          0x00000000   Number         0  stubs.o ABSOLUTE
    _printf_l                                0x00000000   Number         0  stubs.o ABSOLUTE
    _printf_lc                               0x00000000   Number         0  stubs.o ABSOLUTE
    _printf_ll                               0x00000000   Number         0  stubs.o ABSOLUTE
    _printf_lld                              0x00000000   Number         0  stubs.o ABSOLUTE
    _printf_lli                              0x00000000   Number         0  stubs.o ABSOLUTE
    _printf_llo                              0x00000000   Number         0  stubs.o ABSOLUTE
    _printf_llu                              0x00000000   Number         0  stubs.o ABSOLUTE
    _printf_llx                              0x00000000   Number         0  stubs.o ABSOLUTE
    _printf_longlong_dec                     0x00000000   Number         0  stubs.o ABSOLUTE
    _printf_longlong_hex                     0x00000000   Number         0  stubs.o ABSOLUTE
    _printf_longlong_oct                     0x00000000   Number         0  stubs.o ABSOLUTE
    _printf_ls                               0x00000000   Number         0  stubs.o ABSOLUTE
    _printf_mbtowc                           0x00000000   Number         0  stubs.o ABSOLUTE
    _printf_n                                0x00000000   Number         0  stubs.o ABSOLUTE
    _printf_o                                0x00000000   Number         0  stubs.o ABSOLUTE
    _printf_p                                0x00000000   Number         0  stubs.o ABSOLUTE
    _printf_percent                          0x00000000   Number         0  stubs.o ABSOLUTE
    _printf_pre_padding                      0x00000000   Number         0  stubs.o ABSOLUTE
    _printf_return_value                     0x00000000   Number         0  stubs.o ABSOLUTE
    _printf_s                                0x00000000   Number         0  stubs.o ABSOLUTE
    _printf_sizespec                         0x00000000   Number         0  stubs.o ABSOLUTE
    _printf_str                              0x00000000   Number         0  stubs.o ABSOLUTE
    _printf_truncate_signed                  0x00000000   Number         0  stubs.o ABSOLUTE
    _printf_truncate_unsigned                0x00000000   Number         0  stubs.o ABSOLUTE
    _printf_u                                0x00000000   Number         0  stubs.o ABSOLUTE
    _printf_wc                               0x00000000   Number         0  stubs.o ABSOLUTE
    _printf_wctomb                           0x00000000   Number         0  stubs.o ABSOLUTE
    _printf_widthprec                        0x00000000   Number         0  stubs.o ABSOLUTE
    _printf_x                                0x00000000   Number         0  stubs.o ABSOLUTE
    __cpp_initialize__aeabi_                  - Undefined Weak Reference
    __cxa_finalize                            - Undefined Weak Reference
    __decompress                              - Undefined Weak Reference
    _clock_init                               - Undefined Weak Reference
    _microlib_exit                            - Undefined Weak Reference
    __Vectors_End                            0x0000026c   Data           0  startup_tm4c123.o(RESET)
    __Vectors_Size                           0x0000026c   Number         0  startup_tm4c123.o ABSOLUTE
    __main                                   0x0000026d   Thumb Code     0  entry.o(.ARM.Collect$$$$00000000)
    _main_stk                                0x0000026d   Thumb Code     0  entry2.o(.ARM.Collect$$$$00000001)
    _main_scatterload                        0x00000271   Thumb Code     0  entry5.o(.ARM.Collect$$$$00000004)
    __main_after_scatterload                 0x00000275   Thumb Code     0  entry5.o(.ARM.Collect$$$$00000004)
    _main_clock                              0x00000275   Thumb Code     0  entry7b.o(.ARM.Collect$$$$00000008)
    _main_cpp_init                           0x00000275   Thumb Code     0  entry8b.o(.ARM.Collect$$$$0000000A)
    _main_init                               0x00000275   Thumb Code     0  entry9a.o(.ARM.Collect$$$$0000000B)
    __rt_final_cpp                           0x0000027d   Thumb Code     0  entry10a.o(.ARM.Collect$$$$0000000D)
    __rt_final_exit                          0x0000027d   Thumb Code     0  entry11a.o(.ARM.Collect$$$$0000000F)
    initializeBoard                          0x000002cb   Thumb Code    44  main.o(.text)
    getMessage                               0x000002f7   Thumb Code    60  main.o(.text)
    main                                     0x00000333   Thumb Code   462  main.o(.text)
    DisableInterrupts                        0x000005fd   Thumb Code     4  boardutil.o(.text)
    EnableInterrupts                         0x00000601   Thumb Code     4  boardutil.o(.text)
    uart0_config_gpio                        0x00000605   Thumb Code    42  boardutil.o(.text)
    serialDebugInit                          0x0000062f   Thumb Code    18  boardutil.o(.text)
    uart_init_9600                           0x00000641   Thumb Code    88  boardutil.o(.text)
    sensor_Init                              0x00000699   Thumb Code    98  boardutil.o(.text)
    encodersInit                             0x000006fb   Thumb Code   192  boardutil.o(.text)
    rfInit                                   0x000007f9   Thumb Code   214  ece315_lab3.o(.text)
    SysTick_Handler                          0x000008e5   Thumb Code    78  interrupts.o(.text)
    UART7_Handler                            0x00000933   Thumb Code   130  interrupts.o(.text)
    GPIOF_Handler                            0x000009b5   Thumb Code    70  interrupts.o(.text)
    GPIOC_Handler                            0x000009fb   Thumb Code    72  interrupts.o(.text)
    drv8833_gpioInit                         0x00000a85   Thumb Code   148  drv8833.o(.text)
    drv8833_leftForward                      0x00000b19   Thumb Code    50  drv8833.o(.text)
    drv8833_leftReverse                      0x00000b4b   Thumb Code    48  drv8833.o(.text)
    drv8833_rightForward                     0x00000b7b   Thumb Code    50  drv8833.o(.text)
    drv8833_rightReverse                     0x00000bad   Thumb Code    48  drv8833.o(.text)
    drv8833_turnLeft                         0x00000bdd   Thumb Code    18  drv8833.o(.text)
    drv8833_turnRight                        0x00000bef   Thumb Code    18  drv8833.o(.text)
    pwmConfig                                0x00000c1d   Thumb Code   160  pwm.o(.text)
    lcdSuperInit                             0x00000cc1   Thumb Code   254  lcd.o(.text)
    ece315_lcdInit                           0x00000dbf   Thumb Code   128  lcd.o(.text)
    ece315_lcdSetPage                        0x00000e3f   Thumb Code    36  lcd.o(.text)
    ece315_lcdSetColumn                      0x00000e63   Thumb Code    52  lcd.o(.text)
    ece315_lcdWriteData                      0x00000e97   Thumb Code    22  lcd.o(.text)
    ece315_lcdClear                          0x00000ead   Thumb Code    46  lcd.o(.text)
    ece315_lcdWriteChar                      0x00000edb   Thumb Code   192  lcd.o(.text)
    ece315_lcdWriteString                    0x00000f9b   Thumb Code    46  lcd.o(.text)
    Reset_Handler                            0x00000ff9   Thumb Code     8  startup_tm4c123.o(.text)
    NMI_Handler                              0x00001001   Thumb Code     2  startup_tm4c123.o(.text)
    HardFault_Handler                        0x00001003   Thumb Code     2  startup_tm4c123.o(.text)
    MemManage_Handler                        0x00001005   Thumb Code     2  startup_tm4c123.o(.text)
    BusFault_Handler                         0x00001007   Thumb Code     2  startup_tm4c123.o(.text)
    UsageFault_Handler                       0x00001009   Thumb Code     2  startup_tm4c123.o(.text)
    SVC_Handler                              0x0000100b   Thumb Code     2  startup_tm4c123.o(.text)
    DebugMon_Handler                         0x0000100d   Thumb Code     2  startup_tm4c123.o(.text)
    PendSV_Handler                           0x0000100f   Thumb Code     2  startup_tm4c123.o(.text)
    GPIOA_Handler                            0x00001013   Thumb Code     2  startup_tm4c123.o(.text)
    GPIOB_Handler                            0x00001015   Thumb Code     2  startup_tm4c123.o(.text)
    GPIOD_Handler                            0x00001019   Thumb Code     2  startup_tm4c123.o(.text)
    GPIOE_Handler                            0x0000101b   Thumb Code     2  startup_tm4c123.o(.text)
    UART0_Handler                            0x0000101d   Thumb Code     2  startup_tm4c123.o(.text)
    UART1_Handler                            0x0000101f   Thumb Code     2  startup_tm4c123.o(.text)
    SSI0_Handler                             0x00001021   Thumb Code     2  startup_tm4c123.o(.text)
    I2C0_Handler                             0x00001023   Thumb Code     2  startup_tm4c123.o(.text)
    PMW0_FAULT_Handler                       0x00001025   Thumb Code     2  startup_tm4c123.o(.text)
    PWM0_0_Handler                           0x00001027   Thumb Code     2  startup_tm4c123.o(.text)
    PWM0_1_Handler                           0x00001029   Thumb Code     2  startup_tm4c123.o(.text)
    PWM0_2_Handler                           0x0000102b   Thumb Code     2  startup_tm4c123.o(.text)
    QEI0_Handler                             0x0000102d   Thumb Code     2  startup_tm4c123.o(.text)
    ADC0SS0_Handler                          0x0000102f   Thumb Code     2  startup_tm4c123.o(.text)
    ADC0SS1_Handler                          0x00001031   Thumb Code     2  startup_tm4c123.o(.text)
    ADC0SS2_Handler                          0x00001033   Thumb Code     2  startup_tm4c123.o(.text)
    ADC0SS3_Handler                          0x00001035   Thumb Code     2  startup_tm4c123.o(.text)
    WDT0_Handler                             0x00001037   Thumb Code     2  startup_tm4c123.o(.text)
    TIMER0A_Handler                          0x00001039   Thumb Code     2  startup_tm4c123.o(.text)
    TIMER0B_Handler                          0x0000103b   Thumb Code     2  startup_tm4c123.o(.text)
    TIMER1A_Handler                          0x0000103d   Thumb Code     2  startup_tm4c123.o(.text)
    TIMER1B_Handler                          0x0000103f   Thumb Code     2  startup_tm4c123.o(.text)
    TIMER2A_Handler                          0x00001041   Thumb Code     2  startup_tm4c123.o(.text)
    TIMER2B_Handler                          0x00001043   Thumb Code     2  startup_tm4c123.o(.text)
    COMP0_Handler                            0x00001045   Thumb Code     2  startup_tm4c123.o(.text)
    COMP1_Handler                            0x00001047   Thumb Code     2  startup_tm4c123.o(.text)
    COMP2_Handler                            0x00001049   Thumb Code     2  startup_tm4c123.o(.text)
    SYSCTL_Handler                           0x0000104b   Thumb Code     2  startup_tm4c123.o(.text)
    FLASH_Handler                            0x0000104d   Thumb Code     2  startup_tm4c123.o(.text)
    GPIOG_Handler                            0x00001051   Thumb Code     2  startup_tm4c123.o(.text)
    GPIOH_Handler                            0x00001053   Thumb Code     2  startup_tm4c123.o(.text)
    UART2_Handler                            0x00001055   Thumb Code     2  startup_tm4c123.o(.text)
    SSI1_Handler                             0x00001057   Thumb Code     2  startup_tm4c123.o(.text)
    TIMER3A_Handler                          0x00001059   Thumb Code     2  startup_tm4c123.o(.text)
    TIMER3B_Handler                          0x0000105b   Thumb Code     2  startup_tm4c123.o(.text)
    I2C1_Handler                             0x0000105d   Thumb Code     2  startup_tm4c123.o(.text)
    QEI1_Handler                             0x0000105f   Thumb Code     2  startup_tm4c123.o(.text)
    CAN0_Handler                             0x00001061   Thumb Code     2  startup_tm4c123.o(.text)
    CAN1_Handler                             0x00001063   Thumb Code     2  startup_tm4c123.o(.text)
    CAN2_Handler                             0x00001065   Thumb Code     2  startup_tm4c123.o(.text)
    HIB_Handler                              0x00001067   Thumb Code     2  startup_tm4c123.o(.text)
    USB0_Handler                             0x00001069   Thumb Code     2  startup_tm4c123.o(.text)
    PWM0_3_Handler                           0x0000106b   Thumb Code     2  startup_tm4c123.o(.text)
    UDMA_Handler                             0x0000106d   Thumb Code     2  startup_tm4c123.o(.text)
    UDMAERR_Handler                          0x0000106f   Thumb Code     2  startup_tm4c123.o(.text)
    ADC1SS0_Handler                          0x00001071   Thumb Code     2  startup_tm4c123.o(.text)
    ADC1SS1_Handler                          0x00001073   Thumb Code     2  startup_tm4c123.o(.text)
    ADC1SS2_Handler                          0x00001075   Thumb Code     2  startup_tm4c123.o(.text)
    ADC1SS3_Handler                          0x00001077   Thumb Code     2  startup_tm4c123.o(.text)
    GPIOJ_Handler                            0x00001079   Thumb Code     2  startup_tm4c123.o(.text)
    GPIOK_Handler                            0x0000107b   Thumb Code     2  startup_tm4c123.o(.text)
    GPIOL_Handler                            0x0000107d   Thumb Code     2  startup_tm4c123.o(.text)
    SSI2_Handler                             0x0000107f   Thumb Code     2  startup_tm4c123.o(.text)
    SSI3_Handler                             0x00001081   Thumb Code     2  startup_tm4c123.o(.text)
    UART3_Handler                            0x00001083   Thumb Code     2  startup_tm4c123.o(.text)
    UART4_Handler                            0x00001085   Thumb Code     2  startup_tm4c123.o(.text)
    UART5_Handler                            0x00001087   Thumb Code     2  startup_tm4c123.o(.text)
    UART6_Handler                            0x00001089   Thumb Code     2  startup_tm4c123.o(.text)
    I2C2_Handler                             0x0000108d   Thumb Code     2  startup_tm4c123.o(.text)
    I2C3_Handler                             0x0000108f   Thumb Code     2  startup_tm4c123.o(.text)
    TIMER4A_Handler                          0x00001091   Thumb Code     2  startup_tm4c123.o(.text)
    TIMER4B_Handler                          0x00001093   Thumb Code     2  startup_tm4c123.o(.text)
    TIMER5A_Handler                          0x00001095   Thumb Code     2  startup_tm4c123.o(.text)
    TIMER5B_Handler                          0x00001097   Thumb Code     2  startup_tm4c123.o(.text)
    WTIMER0A_Handler                         0x00001099   Thumb Code     2  startup_tm4c123.o(.text)
    WTIMER0B_Handler                         0x0000109b   Thumb Code     2  startup_tm4c123.o(.text)
    WTIMER1A_Handler                         0x0000109d   Thumb Code     2  startup_tm4c123.o(.text)
    WTIMER1B_Handler                         0x0000109f   Thumb Code     2  startup_tm4c123.o(.text)
    WTIMER2A_Handler                         0x000010a1   Thumb Code     2  startup_tm4c123.o(.text)
    WTIMER2B_Handler                         0x000010a3   Thumb Code     2  startup_tm4c123.o(.text)
    WTIMER3A_Handler                         0x000010a5   Thumb Code     2  startup_tm4c123.o(.text)
    WTIMER3B_Handler                         0x000010a7   Thumb Code     2  startup_tm4c123.o(.text)
    WTIMER4A_Handler                         0x000010a9   Thumb Code     2  startup_tm4c123.o(.text)
    WTIMER4B_Handler                         0x000010ab   Thumb Code     2  startup_tm4c123.o(.text)
    WTIMER5A_Handler                         0x000010ad   Thumb Code     2  startup_tm4c123.o(.text)
    WTIMER5B_Handler                         0x000010af   Thumb Code     2  startup_tm4c123.o(.text)
    FPU_Handler                              0x000010b1   Thumb Code     2  startup_tm4c123.o(.text)
    I2C4_Handler                             0x000010b3   Thumb Code     2  startup_tm4c123.o(.text)
    I2C5_Handler                             0x000010b5   Thumb Code     2  startup_tm4c123.o(.text)
    GPIOM_Handler                            0x000010b7   Thumb Code     2  startup_tm4c123.o(.text)
    GPION_Handler                            0x000010b9   Thumb Code     2  startup_tm4c123.o(.text)
    QEI2_Handler                             0x000010bb   Thumb Code     2  startup_tm4c123.o(.text)
    GPIOP0_Handler                           0x000010bd   Thumb Code     2  startup_tm4c123.o(.text)
    GPIOP1_Handler                           0x000010bf   Thumb Code     2  startup_tm4c123.o(.text)
    GPIOP2_Handler                           0x000010c1   Thumb Code     2  startup_tm4c123.o(.text)
    GPIOP3_Handler                           0x000010c3   Thumb Code     2  startup_tm4c123.o(.text)
    GPIOP4_Handler                           0x000010c5   Thumb Code     2  startup_tm4c123.o(.text)
    GPIOP5_Handler                           0x000010c7   Thumb Code     2  startup_tm4c123.o(.text)
    GPIOP6_Handler                           0x000010c9   Thumb Code     2  startup_tm4c123.o(.text)
    GPIOP7_Handler                           0x000010cb   Thumb Code     2  startup_tm4c123.o(.text)
    GPIOQ0_Handler                           0x000010cd   Thumb Code     2  startup_tm4c123.o(.text)
    GPIOQ1_Handler                           0x000010cf   Thumb Code     2  startup_tm4c123.o(.text)
    GPIOQ2_Handler                           0x000010d1   Thumb Code     2  startup_tm4c123.o(.text)
    GPIOQ3_Handler                           0x000010d3   Thumb Code     2  startup_tm4c123.o(.text)
    GPIOQ4_Handler                           0x000010d5   Thumb Code     2  startup_tm4c123.o(.text)
    GPIOQ5_Handler                           0x000010d7   Thumb Code     2  startup_tm4c123.o(.text)
    GPIOQ6_Handler                           0x000010d9   Thumb Code     2  startup_tm4c123.o(.text)
    GPIOQ7_Handler                           0x000010db   Thumb Code     2  startup_tm4c123.o(.text)
    GPIOR_Handler                            0x000010dd   Thumb Code     2  startup_tm4c123.o(.text)
    GPIOS_Handler                            0x000010df   Thumb Code     2  startup_tm4c123.o(.text)
    PMW1_0_Handler                           0x000010e1   Thumb Code     2  startup_tm4c123.o(.text)
    PWM1_1_Handler                           0x000010e3   Thumb Code     2  startup_tm4c123.o(.text)
    PWM1_2_Handler                           0x000010e5   Thumb Code     2  startup_tm4c123.o(.text)
    PWM1_3_Handler                           0x000010e7   Thumb Code     2  startup_tm4c123.o(.text)
    PWM1_FAULT_Handler                       0x000010e9   Thumb Code     2  startup_tm4c123.o(.text)
    SystemCoreClockUpdate                    0x000011ab   Thumb Code   184  system_tm4c123.o(.text)
    SystemInit                               0x00001263   Thumb Code   112  system_tm4c123.o(.text)
    gpio_enable_port                         0x00001385   Thumb Code   156  gpioport.o(.text)
    gpio_config_digital_enable               0x00001421   Thumb Code    34  gpioport.o(.text)
    gpio_config_enable_output                0x00001443   Thumb Code    34  gpioport.o(.text)
    gpio_config_enable_input                 0x00001465   Thumb Code    34  gpioport.o(.text)
    gpio_config_enable_pullup                0x00001487   Thumb Code    34  gpioport.o(.text)
    gpio_config_enable_pulldown              0x000014a9   Thumb Code    34  gpioport.o(.text)
    gpio_config_analog_enable                0x000014cb   Thumb Code    34  gpioport.o(.text)
    gpio_config_alternate_function           0x000014ed   Thumb Code    34  gpioport.o(.text)
    gpio_config_port_control                 0x0000150f   Thumb Code    34  gpioport.o(.text)
    gpio_config_open_drain                   0x00001531   Thumb Code    34  gpioport.o(.text)
    spiVerifyBaseAddr                        0x00001575   Thumb Code    34  spi.o(.text)
    initialize_spi                           0x00001597   Thumb Code   246  spi.o(.text)
    spiTx                                    0x0000168d   Thumb Code    94  spi.o(.text)
    verifyUartBase                           0x00001705   Thumb Code    54  uart.o(.text)
    uartTxPoll                               0x0000173b   Thumb Code    50  uart.o(.text)
    uartRxPoll                               0x0000176d   Thumb Code    70  uart.o(.text)
    uart_init_115K                           0x000017b3   Thumb Code    78  uart.o(.text)
    initializeADC                            0x00001809   Thumb Code   146  adc.o(.text)
    getADCValue                              0x0000189b   Thumb Code    58  adc.o(.text)
    wait_uS_15                               0x000018e1   Thumb Code    14  wireless.o(.text)
    wireless_set_pin_config                  0x000018ef   Thumb Code    24  wireless.o(.text)
    wireless_send_32                         0x00001a65   Thumb Code   306  wireless.o(.text)
    wireless_get_32                          0x00001b97   Thumb Code   132  wireless.o(.text)
    wireless_configure_device                0x00001c1b   Thumb Code   236  wireless.o(.text)
    __aeabi_memset                           0x00001da1   Thumb Code    14  memseta.o(.text)
    __aeabi_memset4                          0x00001da1   Thumb Code     0  memseta.o(.text)
    __aeabi_memset8                          0x00001da1   Thumb Code     0  memseta.o(.text)
    __aeabi_memclr                           0x00001daf   Thumb Code     4  memseta.o(.text)
    __aeabi_memclr4                          0x00001daf   Thumb Code     0  memseta.o(.text)
    __aeabi_memclr8                          0x00001daf   Thumb Code     0  memseta.o(.text)
    _memset$wrapper                          0x00001db3   Thumb Code    18  memseta.o(.text)
    __aeabi_i2d                              0x00001dc5   Thumb Code    34  dflti.o(.text)
    __aeabi_uidiv                            0x00001de7   Thumb Code     0  uidiv.o(.text)
    __aeabi_uidivmod                         0x00001de7   Thumb Code    44  uidiv.o(.text)
    __aeabi_uldivmod                         0x00001e13   Thumb Code    98  uldiv.o(.text)
    __I$use$fp                               0x00001e75   Thumb Code     0  iusefp.o(.text)
    _double_round                            0x00001e75   Thumb Code    26  depilogue.o(.text)
    _double_epilogue                         0x00001e8f   Thumb Code   156  depilogue.o(.text)
    __aeabi_dadd                             0x00001f2b   Thumb Code   322  dadd.o(.text)
    __aeabi_dsub                             0x0000206d   Thumb Code     6  dadd.o(.text)
    __aeabi_drsub                            0x00002073   Thumb Code     6  dadd.o(.text)
    __aeabi_dmul                             0x00002079   Thumb Code   228  dmul.o(.text)
    __aeabi_ddiv                             0x0000215d   Thumb Code   222  ddiv.o(.text)
    __aeabi_d2ulz                            0x0000223b   Thumb Code    48  dfixul.o(.text)
    __aeabi_cdrcmple                         0x0000226d   Thumb Code    38  cdrcmple.o(.text)
    __scatterload                            0x00002295   Thumb Code    28  init.o(.text)
    __scatterload_rt2                        0x00002295   Thumb Code     0  init.o(.text)
    __aeabi_llsl                             0x000022b9   Thumb Code    30  llshl.o(.text)
    _ll_shift_l                              0x000022b9   Thumb Code     0  llshl.o(.text)
    __aeabi_llsr                             0x000022d7   Thumb Code    32  llushr.o(.text)
    _ll_ushift_r                             0x000022d7   Thumb Code     0  llushr.o(.text)
    __aeabi_lasr                             0x000022f7   Thumb Code    36  llsshr.o(.text)
    _ll_sshift_r                             0x000022f7   Thumb Code     0  llsshr.o(.text)
    __0sprintf                               0x0000231d   Thumb Code    34  printfa.o(i.__0sprintf)
    __1sprintf                               0x0000231d   Thumb Code     0  printfa.o(i.__0sprintf)
    __2sprintf                               0x0000231d   Thumb Code     0  printfa.o(i.__0sprintf)
    __c89sprintf                             0x0000231d   Thumb Code     0  printfa.o(i.__0sprintf)
    sprintf                                  0x0000231d   Thumb Code     0  printfa.o(i.__0sprintf)
    __scatterload_copy                       0x00002345   Thumb Code    14  handlers.o(i.__scatterload_copy)
    __scatterload_null                       0x00002353   Thumb Code     2  handlers.o(i.__scatterload_null)
    __scatterload_zeroinit                   0x00002355   Thumb Code    14  handlers.o(i.__scatterload_zeroinit)
    courierNew_10ptBitmaps                   0x00002c00   Data        1900  fonts.o(.constdata)
    motionW                                  0x0000336c   Data         392  fonts.o(.constdata)
    Region$$Table$$Base                      0x000034f4   Number         0  anon$$obj.o(Region$$Table)
    Region$$Table$$Limit                     0x00003514   Number         0  anon$$obj.o(Region$$Table)
    secCount                                 0x20000000   Data           4  main.o(.data)
    direction                                0x20000004   Data           4  main.o(.data)
    sysTick                                  0x20000014   Data           1  interrupts.o(.data)
    analogTick                               0x20000015   Data           1  interrupts.o(.data)
    secTick                                  0x20000016   Data           1  interrupts.o(.data)
    f0                                       0x20000018   Data           4  interrupts.o(.data)
    f1                                       0x2000001c   Data           4  interrupts.o(.data)
    c5                                       0x20000020   Data           4  interrupts.o(.data)
    c6                                       0x20000024   Data           4  interrupts.o(.data)
    uartVal                                  0x20000028   Data           3  interrupts.o(.data)
    uartDistance                             0x2000002c   Data           4  interrupts.o(.data)
    uartTick                                 0x20000030   Data           1  interrupts.o(.data)
    SystemCoreClock                          0x20000040   Data           4  system_tm4c123.o(.data)
    t                                        0x20000044   Data          25  main.o(.bss)
    dist                                     0x2000005d   Data          25  main.o(.bss)
    wirelessPinConfig                        0x20000078   Data          24  wireless.o(.bss)
    __initial_sp                             0x20001090   Data           0  startup_tm4c123.o(STACK)



==============================================================================

Memory Map of the image

  Image Entry point : 0x00000ff9

  Load Region LR_1 (Base: 0x00000000, Size: 0x00003558, Max: 0xffffffff, ABSOLUTE)

    Execution Region ER_RO (Base: 0x00000000, Size: 0x00003514, Max: 0xffffffff, ABSOLUTE)

    Base Addr    Size         Type   Attr      Idx    E Section Name        Object

    0x00000000   0x0000026c   Data   RO          274    RESET               startup_tm4c123.o
    0x0000026c   0x00000000   Code   RO          488  * .ARM.Collect$$$$00000000  mc_w.l(entry.o)
    0x0000026c   0x00000004   Code   RO          756    .ARM.Collect$$$$00000001  mc_w.l(entry2.o)
    0x00000270   0x00000004   Code   RO          759    .ARM.Collect$$$$00000004  mc_w.l(entry5.o)
    0x00000274   0x00000000   Code   RO          761    .ARM.Collect$$$$00000008  mc_w.l(entry7b.o)
    0x00000274   0x00000000   Code   RO          763    .ARM.Collect$$$$0000000A  mc_w.l(entry8b.o)
    0x00000274   0x00000008   Code   RO          764    .ARM.Collect$$$$0000000B  mc_w.l(entry9a.o)
    0x0000027c   0x00000000   Code   RO          766    .ARM.Collect$$$$0000000D  mc_w.l(entry10a.o)
    0x0000027c   0x00000000   Code   RO          768    .ARM.Collect$$$$0000000F  mc_w.l(entry11a.o)
    0x0000027c   0x00000004   Code   RO          757    .ARM.Collect$$$$00002712  mc_w.l(entry2.o)
    0x00000280   0x0000035c   Code   RO            3    .text               main.o
    0x000005dc   0x0000021c   Code   RO          112    .text               boardutil.o
    0x000007f8   0x000000ec   Code   RO          136    .text               ece315_lab3.o
    0x000008e4   0x000001a0   Code   RO          165    .text               interrupts.o
    0x00000a84   0x00000198   Code   RO          191    .text               drv8833.o
    0x00000c1c   0x000000a4   Code   RO          214    .text               pwm.o
    0x00000cc0   0x00000338   Code   RO          234    .text               lcd.o
    0x00000ff8   0x000000fc   Code   RO          275  * .text               startup_tm4c123.o
    0x000010f4   0x00000250   Code   RO          281    .text               system_tm4c123.o
    0x00001344   0x00000230   Code   RO          308    .text               ece315.lib(gpioport.o)
    0x00001574   0x00000190   Code   RO          370    .text               ece315.lib(spi.o)
    0x00001704   0x00000104   Code   RO          400    .text               ece315.lib(uart.o)
    0x00001808   0x000000d8   Code   RO          434    .text               ece315.lib(adc.o)
    0x000018e0   0x000004c0   Code   RO          461    .text               ece315.lib(wireless.o)
    0x00001da0   0x00000024   Code   RO          491    .text               mc_w.l(memseta.o)
    0x00001dc4   0x00000022   Code   RO          754    .text               mf_w.l(dflti.o)
    0x00001de6   0x0000002c   Code   RO          773    .text               mc_w.l(uidiv.o)
    0x00001e12   0x00000062   Code   RO          775    .text               mc_w.l(uldiv.o)
    0x00001e74   0x00000000   Code   RO          777    .text               mc_w.l(iusefp.o)
    0x00001e74   0x000000b6   Code   RO          778    .text               mf_w.l(depilogue.o)
    0x00001f2a   0x0000014e   Code   RO          780    .text               mf_w.l(dadd.o)
    0x00002078   0x000000e4   Code   RO          782    .text               mf_w.l(dmul.o)
    0x0000215c   0x000000de   Code   RO          784    .text               mf_w.l(ddiv.o)
    0x0000223a   0x00000030   Code   RO          786    .text               mf_w.l(dfixul.o)
    0x0000226a   0x00000002   PAD
    0x0000226c   0x00000028   Code   RO          788    .text               mf_w.l(cdrcmple.o)
    0x00002294   0x00000024   Code   RO          790    .text               mc_w.l(init.o)
    0x000022b8   0x0000001e   Code   RO          793    .text               mc_w.l(llshl.o)
    0x000022d6   0x00000020   Code   RO          795    .text               mc_w.l(llushr.o)
    0x000022f6   0x00000024   Code   RO          797    .text               mc_w.l(llsshr.o)
    0x0000231a   0x00000002   PAD
    0x0000231c   0x00000028   Code   RO          728    i.__0sprintf        mc_w.l(printfa.o)
    0x00002344   0x0000000e   Code   RO          802    i.__scatterload_copy  mc_w.l(handlers.o)
    0x00002352   0x00000002   Code   RO          803    i.__scatterload_null  mc_w.l(handlers.o)
    0x00002354   0x0000000e   Code   RO          804    i.__scatterload_zeroinit  mc_w.l(handlers.o)
    0x00002362   0x00000002   PAD
    0x00002364   0x00000164   Code   RO          733    i._fp_digits        mc_w.l(printfa.o)
    0x000024c8   0x000006dc   Code   RO          734    i._printf_core      mc_w.l(printfa.o)
    0x00002ba4   0x00000024   Code   RO          735    i._printf_post_padding  mc_w.l(printfa.o)
    0x00002bc8   0x0000002e   Code   RO          736    i._printf_pre_padding  mc_w.l(printfa.o)
    0x00002bf6   0x0000000a   Code   RO          738    i._sputc            mc_w.l(printfa.o)
    0x00002c00   0x000008f4   Data   RO          259    .constdata          fonts.o
    0x000034f4   0x00000020   Data   RO          800    Region$$Table       anon$$obj.o


    Execution Region ER_RW (Base: 0x20000000, Size: 0x00000044, Max: 0xffffffff, ABSOLUTE)

    Base Addr    Size         Type   Attr      Idx    E Section Name        Object

    0x20000000   0x00000008   Data   RW            5    .data               main.o
    0x20000008   0x0000000a   Data   RW          137    .data               ece315_lab3.o
    0x20000012   0x00000002   PAD
    0x20000014   0x0000002c   Data   RW          166    .data               interrupts.o
    0x20000040   0x00000004   Data   RW          282    .data               system_tm4c123.o


    Execution Region ER_ZI (Base: 0x20000044, Size: 0x0000104c, Max: 0xffffffff, ABSOLUTE)

    Base Addr    Size         Type   Attr      Idx    E Section Name        Object

    0x20000044   0x00000032   Zero   RW            4    .bss                main.o
    0x20000076   0x00000002   PAD
    0x20000078   0x00000018   Zero   RW          462    .bss                ece315.lib(wireless.o)
    0x20000090   0x00001000   Zero   RW          272    STACK               startup_tm4c123.o


==============================================================================

Image component sizes


      Code (inc. data)   RO Data    RW Data    ZI Data      Debug   Object Name

       540         40          0          0          0      28830   boardutil.o
       408         28          0          0          0       1680   drv8833.o
       236         22          0         10          0        909   ece315_lab3.o
         0          0       2292          0          0        509   fonts.o
       416         66          0         44          0       1975   interrupts.o
       824         16          0          0          0       3054   lcd.o
       860        220          0          8         50      60945   main.o
       164          4          0          0          0       1096   pwm.o
       252         10        620          0       4096       5404   startup_tm4c123.o
       592        138          0          4          0       1473   system_tm4c123.o

    ----------------------------------------------------------------------
      4292        544       2944         68       4148     105875   Object Totals
         0          0         32          0          0          0   (incl. Generated)
         0          0          0          2          2          0   (incl. Padding)

    ----------------------------------------------------------------------

      Code (inc. data)   RO Data    RW Data    ZI Data      Debug   Library Member Name

       216         12          0          0          0       1380   adc.o
       560         34          0          0          0      29656   gpioport.o
       400         26          0          0          0       1885   spi.o
       260         16          0          0          0       2042   uart.o
      1216         16          0          0         24      12492   wireless.o
         0          0          0          0          0          0   entry.o
         0          0          0          0          0          0   entry10a.o
         0          0          0          0          0          0   entry11a.o
         8          4          0          0          0          0   entry2.o
         4          0          0          0          0          0   entry5.o
         0          0          0          0          0          0   entry7b.o
         0          0          0          0          0          0   entry8b.o
         8          4          0          0          0          0   entry9a.o
        30          0          0          0          0          0   handlers.o
        36          8          0          0          0         68   init.o
         0          0          0          0          0          0   iusefp.o
        30          0          0          0          0         68   llshl.o
        36          0          0          0          0         68   llsshr.o
        32          0          0          0          0         68   llushr.o
        36          0          0          0          0        108   memseta.o
      2244         86          0          0          0        512   printfa.o
        44          0          0          0          0         80   uidiv.o
        98          0          0          0          0         92   uldiv.o
        40          2          0          0          0         68   cdrcmple.o
       334          0          0          0          0        148   dadd.o
       222          0          0          0          0        100   ddiv.o
       182          0          0          0          0        176   depilogue.o
        48          0          0          0          0         68   dfixul.o
        34          0          0          0          0         76   dflti.o
       228          0          0          0          0         96   dmul.o

    ----------------------------------------------------------------------
      6352        208          0          0         24      49251   Library Totals
         6          0          0          0          0          0   (incl. Padding)

    ----------------------------------------------------------------------

      Code (inc. data)   RO Data    RW Data    ZI Data      Debug   Library Name

      2652        104          0          0         24      47455   ece315.lib
      2606        102          0          0          0       1064   mc_w.l
      1088          2          0          0          0        732   mf_w.l

    ----------------------------------------------------------------------
      6352        208          0          0         24      49251   Library Totals

    ----------------------------------------------------------------------

==============================================================================


      Code (inc. data)   RO Data    RW Data    ZI Data      Debug   

     10644        752       2944         68       4172     152794   Grand Totals
     10644        752       2944         68       4172     152794   ELF Image Totals
     10644        752       2944         68          0          0   ROM Totals

==============================================================================

    Total RO  Size (Code + RO Data)                13588 (  13.27kB)
    Total RW  Size (RW Data + ZI Data)              4240 (   4.14kB)
    Total ROM Size (Code + RO Data + RW Data)      13656 (  13.34kB)

==============================================================================

