<html>
<body>
<pre>
<h1>µVision Build Log</h1>
<h2>Project:</h2>
I:\Documents\ECE315\ece315\lab4\ECE315\ece353_base_project.uvprojx
Project File Date:  11/22/2016

<h2>Output:</h2>
Rebuild target 'Target 1'
compiling main.c...
main.c(68): warning:  #177-D: variable "interrupts" was declared but never referenced
        char interrupts[80];
main.c: 1 warning, 0 errors
compiling boardUtil.c...
boardUtil.c(84): warning:  #223-D: function "initializeADC" declared implicitly
        initializeADC(ADC0_BASE);
boardUtil.c: 1 warning, 0 errors
compiling ece315_lab3.c...
compiling interrupts.c...
interrupts.c(21): warning:  #550-D: variable "val" was set but never used
        uint32_t val;
interrupts.c: 1 warning, 0 errors
compiling drv8833.c...
compiling pwm.c...
compiling lcd.c...
..\drivers\lcd.c(86): warning:  #177-D: variable "myGpio" was declared but never referenced
        GPIOA_Type *myGpio = (GPIOA_Type *)GPIOD_BASE;
..\drivers\lcd.c: 1 warning, 0 errors
compiling fonts.c...
assembling startup_TM4C123.s...
compiling system_TM4C123.c...
linking...
Program Size: Code=6300 RO-data=652 RW-data=56 ZI-data=4152  
".\obj\ece353_base_project.axf" - 0 Error(s), 4 Warning(s).

<h2>Software Packages used:</h2>

Package Vendor: ARM
                http://www.keil.com/pack/ARM.CMSIS.4.1.1.pack
                ARM::CMSIS:CORE:3.30.0
                CMSIS (Cortex Microcontroller Software Interface Standard)
   * Component: CORE Version: 3.30.0

Package Vendor: Keil
                http://www.keil.com/pack/Keil.TM4C_DFP.1.0.0.pack
                Keil::Device:Startup:1.0.0
                Texas Instruments Tiva C Series Device Support and Examples
   * Component: Startup Version: 1.0.0

<h2>Collection of Component include folders:</h2>
  I:\Documents\ECE315\ece315\lab4\ECE315\RTE
  C:\AppV\mdk_510\ARM\PACK\ARM\CMSIS\4.1.1\CMSIS\Include
  C:\AppV\mdk_510\ARM\PACK\Keil\TM4C_DFP\1.0.0\Device\Include\TM4C123

<h2>Collection of Component Files used:</h2>

   * Component: ARM::CMSIS:CORE:3.30.0
      Source file:   CMSIS\UserCodeTemplates\ARM\ITM_Retarget.c

   * Component: Keil::Device:Startup:1.0.0
      Include file:  Device\Include\TM4C123\TM4C123.h
      Source file:   Device\Source\ARM\startup_TM4C123.s
      Source file:   Device\Source\system_TM4C123.c
</pre>
</body>
</html>
ource file:   Device\Source\ARM\startup_TM4C123.s
      Source file:   Device\Source\system_TM4C123.c
Target not created
.0.0.pack
                Keil::Device:Startup:1.0.0
                Texas Instruments Tiva C Series Device Support and Examples
   * Component: Startup Version: 1.0.0

<h2>Collection of Component include folders:</h2>
  I:\Documents\ECE315\ece315\lab4\ECE315\RTE
  C:\AppV\mdk_510\ARM\PACK\ARM\CMSIS\4.1.1\CMSIS\Include
  C:\AppV\mdk_510\ARM\PACK\Keil\TM4C_DFP\1.0.0\Device\Include\TM4C123

<h2>Collection of Component Files used:</h2>

   * Component: ARM::CMSIS:CORE:3.30.0
      Source file:   CMSIS\UserCodeTemplates\ARM\ITM_Retarget.c

   * Component: Keil::Device:Startup:1.0.0
      Include file:  Device\Include\TM4C123\TM4C123.h
      Source file:   Device\Source\ARM\startup_TM4C123.s
      Source file:   Device\Source\system_TM4C123.c
Target not created
