Product: MDK-ARM Lite 5.10
Component: ARM Compiler 5.04 update 1 (build 49)
Tool: armlink [5040049]

==============================================================================

Section Cross References

    main.o(.text) refers to boardutil.o(.text) for DisableInterrupts
    main.o(.text) refers to drv8833.o(.text) for drv8833_gpioInit
    main.o(.text) refers to ece315_lab3.o(.text) for rfInit
    main.o(.text) refers to lcd.o(.text) for ece315_lcdInit
    main.o(.text) refers to led_controller.o(.text) for ledController_init
    main.o(.text) refers to wireless.o(.text) for wireless_get_32
    main.o(.text) refers to memseta.o(.text) for __aeabi_memclr4
    main.o(.text) refers to printfa.o(i.__0sprintf) for __2sprintf
    main.o(.text) refers to uart.o(.text) for uartTxPoll
    main.o(.text) refers to f2d.o(.text) for __aeabi_f2d
    main.o(.text) refers to adc.o(.text) for getADCValue
    main.o(.text) refers to dmul.o(.text) for __aeabi_dmul
    main.o(.text) refers to d2f.o(.text) for __aeabi_d2f
    main.o(.text) refers to interrupts.o(.data) for secTick
    main.o(.text) refers to main.o(.data) for pwmDistance
    main.o(.text) refers to main.o(.bss) for t
    boardutil.o(.text) refers to gpioport.o(.text) for gpio_enable_port
    boardutil.o(.text) refers to uart.o(.text) for uart_init_115K
    boardutil.o(.text) refers to adc.o(.text) for initializeADC
    ece315_lab3.o(.text) refers to wireless.o(.text) for wireless_set_pin_config
    ece315_lab3.o(.text) refers to gpioport.o(.text) for gpio_enable_port
    ece315_lab3.o(.text) refers to spi.o(.text) for initialize_spi
    ece315_lab3.o(.text) refers to ece315_lab3.o(.data) for ece353_ids
    interrupts.o(.text) refers to interrupts.o(.data) for sysTick
    drv8833.o(.text) refers to gpioport.o(.text) for gpio_enable_port
    drv8833.o(.text) refers to pwm.o(.text) for pwmConfig
    lcd.o(.text) refers to spi.o(.text) for spiTx
    lcd.o(.text) refers to gpioport.o(.text) for gpio_enable_port
    lcd.o(.text) refers to fonts.o(.constdata) for courierNew_10ptBitmaps
    led_controller.o(.text) refers to gpioport.o(.text) for gpio_enable_port
    led_controller.o(.text) refers to i2c.o(.text) for initializeI2CMaster
    encoders.o(.text) refers to interrupts.o(.data) for c5
    startup_tm4c123.o(RESET) refers to startup_tm4c123.o(STACK) for __initial_sp
    startup_tm4c123.o(RESET) refers to startup_tm4c123.o(.text) for Reset_Handler
    startup_tm4c123.o(RESET) refers to interrupts.o(.text) for SysTick_Handler
    startup_tm4c123.o(.text) refers to system_tm4c123.o(.text) for SystemInit
    startup_tm4c123.o(.text) refers to entry.o(.ARM.Collect$$$$00000000) for __main
    system_tm4c123.o(.text) refers to system_tm4c123.o(.data) for SystemCoreClock
    wireless.o(.text) refers to spi.o(.text) for spiTx
    wireless.o(.text) refers to wireless.o(.bss) for wirelessPinConfig
    entry.o(.ARM.Collect$$$$00000000) refers (Special) to entry10a.o(.ARM.Collect$$$$0000000D) for __rt_final_cpp
    entry.o(.ARM.Collect$$$$00000000) refers (Special) to entry11a.o(.ARM.Collect$$$$0000000F) for __rt_final_exit
    entry.o(.ARM.Collect$$$$00000000) refers (Special) to entry7b.o(.ARM.Collect$$$$00000008) for _main_clock
    entry.o(.ARM.Collect$$$$00000000) refers (Special) to entry8b.o(.ARM.Collect$$$$0000000A) for _main_cpp_init
    entry.o(.ARM.Collect$$$$00000000) refers (Special) to entry9a.o(.ARM.Collect$$$$0000000B) for _main_init
    entry.o(.ARM.Collect$$$$00000000) refers (Special) to entry5.o(.ARM.Collect$$$$00000004) for _main_scatterload
    entry.o(.ARM.Collect$$$$00000000) refers (Special) to entry2.o(.ARM.Collect$$$$00000001) for _main_stk
    printfb.o(i.__0fprintf$bare) refers to printfb.o(i._printf_core) for _printf_core
    printfb.o(i.__0fprintf$bare) refers to fputc.o(i.fputc) for fputc
    printfb.o(i.__0printf$bare) refers to printfb.o(i._printf_core) for _printf_core
    printfb.o(i.__0printf$bare) refers to fputc.o(i.fputc) for fputc
    printfb.o(i.__0printf$bare) refers to stdout.o(.data) for __stdout
    printfb.o(i.__0snprintf$bare) refers to printfb.o(i._printf_core) for _printf_core
    printfb.o(i.__0snprintf$bare) refers to printfb.o(i._snputc) for _snputc
    printfb.o(i.__0sprintf$bare) refers to printfb.o(i._printf_core) for _printf_core
    printfb.o(i.__0sprintf$bare) refers to printfb.o(i._sputc) for _sputc
    printfb.o(i.__0vfprintf$bare) refers to printfb.o(i._printf_core) for _printf_core
    printfb.o(i.__0vfprintf$bare) refers to fputc.o(i.fputc) for fputc
    printfb.o(i.__0vprintf$bare) refers to printfb.o(i._printf_core) for _printf_core
    printfb.o(i.__0vprintf$bare) refers to fputc.o(i.fputc) for fputc
    printfb.o(i.__0vprintf$bare) refers to stdout.o(.data) for __stdout
    printfb.o(i.__0vsnprintf$bare) refers to printfb.o(i._printf_core) for _printf_core
    printfb.o(i.__0vsnprintf$bare) refers to printfb.o(i._snputc) for _snputc
    printfb.o(i.__0vsprintf$bare) refers to printfb.o(i._printf_core) for _printf_core
    printfb.o(i.__0vsprintf$bare) refers to printfb.o(i._sputc) for _sputc
    printf0.o(i.__0fprintf$0) refers to printf0.o(i._printf_core) for _printf_core
    printf0.o(i.__0fprintf$0) refers to fputc.o(i.fputc) for fputc
    printf0.o(i.__0printf$0) refers to printf0.o(i._printf_core) for _printf_core
    printf0.o(i.__0printf$0) refers to fputc.o(i.fputc) for fputc
    printf0.o(i.__0printf$0) refers to stdout.o(.data) for __stdout
    printf0.o(i.__0snprintf$0) refers to printf0.o(i._printf_core) for _printf_core
    printf0.o(i.__0snprintf$0) refers to printf0.o(i._snputc) for _snputc
    printf0.o(i.__0sprintf$0) refers to printf0.o(i._printf_core) for _printf_core
    printf0.o(i.__0sprintf$0) refers to printf0.o(i._sputc) for _sputc
    printf0.o(i.__0vfprintf$0) refers to printf0.o(i._printf_core) for _printf_core
    printf0.o(i.__0vfprintf$0) refers to fputc.o(i.fputc) for fputc
    printf0.o(i.__0vprintf$0) refers to printf0.o(i._printf_core) for _printf_core
    printf0.o(i.__0vprintf$0) refers to fputc.o(i.fputc) for fputc
    printf0.o(i.__0vprintf$0) refers to stdout.o(.data) for __stdout
    printf0.o(i.__0vsnprintf$0) refers to printf0.o(i._printf_core) for _printf_core
    printf0.o(i.__0vsnprintf$0) refers to printf0.o(i._snputc) for _snputc
    printf0.o(i.__0vsprintf$0) refers to printf0.o(i._printf_core) for _printf_core
    printf0.o(i.__0vsprintf$0) refers to printf0.o(i._sputc) for _sputc
    printf1.o(i.__0fprintf$1) refers to printf1.o(i._printf_core) for _printf_core
    printf1.o(i.__0fprintf$1) refers to fputc.o(i.fputc) for fputc
    printf1.o(i.__0printf$1) refers to printf1.o(i._printf_core) for _printf_core
    printf1.o(i.__0printf$1) refers to fputc.o(i.fputc) for fputc
    printf1.o(i.__0printf$1) refers to stdout.o(.data) for __stdout
    printf1.o(i.__0snprintf$1) refers to printf1.o(i._printf_core) for _printf_core
    printf1.o(i.__0snprintf$1) refers to printf1.o(i._snputc) for _snputc
    printf1.o(i.__0sprintf$1) refers to printf1.o(i._printf_core) for _printf_core
    printf1.o(i.__0sprintf$1) refers to printf1.o(i._sputc) for _sputc
    printf1.o(i.__0vfprintf$1) refers to printf1.o(i._printf_core) for _printf_core
    printf1.o(i.__0vfprintf$1) refers to fputc.o(i.fputc) for fputc
    printf1.o(i.__0vprintf$1) refers to printf1.o(i._printf_core) for _printf_core
    printf1.o(i.__0vprintf$1) refers to fputc.o(i.fputc) for fputc
    printf1.o(i.__0vprintf$1) refers to stdout.o(.data) for __stdout
    printf1.o(i.__0vsnprintf$1) refers to printf1.o(i._printf_core) for _printf_core
    printf1.o(i.__0vsnprintf$1) refers to printf1.o(i._snputc) for _snputc
    printf1.o(i.__0vsprintf$1) refers to printf1.o(i._printf_core) for _printf_core
    printf1.o(i.__0vsprintf$1) refers to printf1.o(i._sputc) for _sputc
    printf1.o(i._printf_core) refers to uidiv.o(.text) for __aeabi_uidivmod
    printf2.o(i.__0fprintf$2) refers to printf2.o(i._printf_core) for _printf_core
    printf2.o(i.__0fprintf$2) refers to fputc.o(i.fputc) for fputc
    printf2.o(i.__0printf$2) refers to printf2.o(i._printf_core) for _printf_core
    printf2.o(i.__0printf$2) refers to fputc.o(i.fputc) for fputc
    printf2.o(i.__0printf$2) refers to stdout.o(.data) for __stdout
    printf2.o(i.__0snprintf$2) refers to printf2.o(i._printf_core) for _printf_core
    printf2.o(i.__0snprintf$2) refers to printf2.o(i._snputc) for _snputc
    printf2.o(i.__0sprintf$2) refers to printf2.o(i._printf_core) for _printf_core
    printf2.o(i.__0sprintf$2) refers to printf2.o(i._sputc) for _sputc
    printf2.o(i.__0vfprintf$2) refers to printf2.o(i._printf_core) for _printf_core
    printf2.o(i.__0vfprintf$2) refers to fputc.o(i.fputc) for fputc
    printf2.o(i.__0vprintf$2) refers to printf2.o(i._printf_core) for _printf_core
    printf2.o(i.__0vprintf$2) refers to fputc.o(i.fputc) for fputc
    printf2.o(i.__0vprintf$2) refers to stdout.o(.data) for __stdout
    printf2.o(i.__0vsnprintf$2) refers to printf2.o(i._printf_core) for _printf_core
    printf2.o(i.__0vsnprintf$2) refers to printf2.o(i._snputc) for _snputc
    printf2.o(i.__0vsprintf$2) refers to printf2.o(i._printf_core) for _printf_core
    printf2.o(i.__0vsprintf$2) refers to printf2.o(i._sputc) for _sputc
    printf3.o(i.__0fprintf$3) refers to printf3.o(i._printf_core) for _printf_core
    printf3.o(i.__0fprintf$3) refers to fputc.o(i.fputc) for fputc
    printf3.o(i.__0printf$3) refers to printf3.o(i._printf_core) for _printf_core
    printf3.o(i.__0printf$3) refers to fputc.o(i.fputc) for fputc
    printf3.o(i.__0printf$3) refers to stdout.o(.data) for __stdout
    printf3.o(i.__0snprintf$3) refers to printf3.o(i._printf_core) for _printf_core
    printf3.o(i.__0snprintf$3) refers to printf3.o(i._snputc) for _snputc
    printf3.o(i.__0sprintf$3) refers to printf3.o(i._printf_core) for _printf_core
    printf3.o(i.__0sprintf$3) refers to printf3.o(i._sputc) for _sputc
    printf3.o(i.__0vfprintf$3) refers to printf3.o(i._printf_core) for _printf_core
    printf3.o(i.__0vfprintf$3) refers to fputc.o(i.fputc) for fputc
    printf3.o(i.__0vprintf$3) refers to printf3.o(i._printf_core) for _printf_core
    printf3.o(i.__0vprintf$3) refers to fputc.o(i.fputc) for fputc
    printf3.o(i.__0vprintf$3) refers to stdout.o(.data) for __stdout
    printf3.o(i.__0vsnprintf$3) refers to printf3.o(i._printf_core) for _printf_core
    printf3.o(i.__0vsnprintf$3) refers to printf3.o(i._snputc) for _snputc
    printf3.o(i.__0vsprintf$3) refers to printf3.o(i._printf_core) for _printf_core
    printf3.o(i.__0vsprintf$3) refers to printf3.o(i._sputc) for _sputc
    printf3.o(i._printf_core) refers to uidiv.o(.text) for __aeabi_uidivmod
    printf4.o(i.__0fprintf$4) refers to printf4.o(i._printf_core) for _printf_core
    printf4.o(i.__0fprintf$4) refers to fputc.o(i.fputc) for fputc
    printf4.o(i.__0printf$4) refers to printf4.o(i._printf_core) for _printf_core
    printf4.o(i.__0printf$4) refers to fputc.o(i.fputc) for fputc
    printf4.o(i.__0printf$4) refers to stdout.o(.data) for __stdout
    printf4.o(i.__0snprintf$4) refers to printf4.o(i._printf_core) for _printf_core
    printf4.o(i.__0snprintf$4) refers to printf4.o(i._snputc) for _snputc
    printf4.o(i.__0sprintf$4) refers to printf4.o(i._printf_core) for _printf_core
    printf4.o(i.__0sprintf$4) refers to printf4.o(i._sputc) for _sputc
    printf4.o(i.__0vfprintf$4) refers to printf4.o(i._printf_core) for _printf_core
    printf4.o(i.__0vfprintf$4) refers to fputc.o(i.fputc) for fputc
    printf4.o(i.__0vprintf$4) refers to printf4.o(i._printf_core) for _printf_core
    printf4.o(i.__0vprintf$4) refers to fputc.o(i.fputc) for fputc
    printf4.o(i.__0vprintf$4) refers to stdout.o(.data) for __stdout
    printf4.o(i.__0vsnprintf$4) refers to printf4.o(i._printf_core) for _printf_core
    printf4.o(i.__0vsnprintf$4) refers to printf4.o(i._snputc) for _snputc
    printf4.o(i.__0vsprintf$4) refers to printf4.o(i._printf_core) for _printf_core
    printf4.o(i.__0vsprintf$4) refers to printf4.o(i._sputc) for _sputc
    printf4.o(i._printf_core) refers to uldiv.o(.text) for __aeabi_uldivmod
    printf5.o(i.__0fprintf$5) refers to printf5.o(i._printf_core) for _printf_core
    printf5.o(i.__0fprintf$5) refers to fputc.o(i.fputc) for fputc
    printf5.o(i.__0printf$5) refers to printf5.o(i._printf_core) for _printf_core
    printf5.o(i.__0printf$5) refers to fputc.o(i.fputc) for fputc
    printf5.o(i.__0printf$5) refers to stdout.o(.data) for __stdout
    printf5.o(i.__0snprintf$5) refers to printf5.o(i._printf_core) for _printf_core
    printf5.o(i.__0snprintf$5) refers to printf5.o(i._snputc) for _snputc
    printf5.o(i.__0sprintf$5) refers to printf5.o(i._printf_core) for _printf_core
    printf5.o(i.__0sprintf$5) refers to printf5.o(i._sputc) for _sputc
    printf5.o(i.__0vfprintf$5) refers to printf5.o(i._printf_core) for _printf_core
    printf5.o(i.__0vfprintf$5) refers to fputc.o(i.fputc) for fputc
    printf5.o(i.__0vprintf$5) refers to printf5.o(i._printf_core) for _printf_core
    printf5.o(i.__0vprintf$5) refers to fputc.o(i.fputc) for fputc
    printf5.o(i.__0vprintf$5) refers to stdout.o(.data) for __stdout
    printf5.o(i.__0vsnprintf$5) refers to printf5.o(i._printf_core) for _printf_core
    printf5.o(i.__0vsnprintf$5) refers to printf5.o(i._snputc) for _snputc
    printf5.o(i.__0vsprintf$5) refers to printf5.o(i._printf_core) for _printf_core
    printf5.o(i.__0vsprintf$5) refers to printf5.o(i._sputc) for _sputc
    printf5.o(i._printf_core) refers to uldiv.o(.text) for __aeabi_uldivmod
    printf6.o(i.__0fprintf$6) refers to printf6.o(i._printf_core) for _printf_core
    printf6.o(i.__0fprintf$6) refers to fputc.o(i.fputc) for fputc
    printf6.o(i.__0printf$6) refers to printf6.o(i._printf_core) for _printf_core
    printf6.o(i.__0printf$6) refers to fputc.o(i.fputc) for fputc
    printf6.o(i.__0printf$6) refers to stdout.o(.data) for __stdout
    printf6.o(i.__0snprintf$6) refers to printf6.o(i._printf_core) for _printf_core
    printf6.o(i.__0snprintf$6) refers to printf6.o(i._snputc) for _snputc
    printf6.o(i.__0sprintf$6) refers to printf6.o(i._printf_core) for _printf_core
    printf6.o(i.__0sprintf$6) refers to printf6.o(i._sputc) for _sputc
    printf6.o(i.__0vfprintf$6) refers to printf6.o(i._printf_core) for _printf_core
    printf6.o(i.__0vfprintf$6) refers to fputc.o(i.fputc) for fputc
    printf6.o(i.__0vprintf$6) refers to printf6.o(i._printf_core) for _printf_core
    printf6.o(i.__0vprintf$6) refers to fputc.o(i.fputc) for fputc
    printf6.o(i.__0vprintf$6) refers to stdout.o(.data) for __stdout
    printf6.o(i.__0vsnprintf$6) refers to printf6.o(i._printf_core) for _printf_core
    printf6.o(i.__0vsnprintf$6) refers to printf6.o(i._snputc) for _snputc
    printf6.o(i.__0vsprintf$6) refers to printf6.o(i._printf_core) for _printf_core
    printf6.o(i.__0vsprintf$6) refers to printf6.o(i._sputc) for _sputc
    printf6.o(i._printf_core) refers to printf6.o(i._printf_pre_padding) for _printf_pre_padding
    printf6.o(i._printf_core) refers to uidiv.o(.text) for __aeabi_uidivmod
    printf6.o(i._printf_core) refers to printf6.o(i._printf_post_padding) for _printf_post_padding
    printf7.o(i.__0fprintf$7) refers to printf7.o(i._printf_core) for _printf_core
    printf7.o(i.__0fprintf$7) refers to fputc.o(i.fputc) for fputc
    printf7.o(i.__0printf$7) refers to printf7.o(i._printf_core) for _printf_core
    printf7.o(i.__0printf$7) refers to fputc.o(i.fputc) for fputc
    printf7.o(i.__0printf$7) refers to stdout.o(.data) for __stdout
    printf7.o(i.__0snprintf$7) refers to printf7.o(i._printf_core) for _printf_core
    printf7.o(i.__0snprintf$7) refers to printf7.o(i._snputc) for _snputc
    printf7.o(i.__0sprintf$7) refers to printf7.o(i._printf_core) for _printf_core
    printf7.o(i.__0sprintf$7) refers to printf7.o(i._sputc) for _sputc
    printf7.o(i.__0vfprintf$7) refers to printf7.o(i._printf_core) for _printf_core
    printf7.o(i.__0vfprintf$7) refers to fputc.o(i.fputc) for fputc
    printf7.o(i.__0vprintf$7) refers to printf7.o(i._printf_core) for _printf_core
    printf7.o(i.__0vprintf$7) refers to fputc.o(i.fputc) for fputc
    printf7.o(i.__0vprintf$7) refers to stdout.o(.data) for __stdout
    printf7.o(i.__0vsnprintf$7) refers to printf7.o(i._printf_core) for _printf_core
    printf7.o(i.__0vsnprintf$7) refers to printf7.o(i._snputc) for _snputc
    printf7.o(i.__0vsprintf$7) refers to printf7.o(i._printf_core) for _printf_core
    printf7.o(i.__0vsprintf$7) refers to printf7.o(i._sputc) for _sputc
    printf7.o(i._printf_core) refers to printf7.o(i._printf_pre_padding) for _printf_pre_padding
    printf7.o(i._printf_core) refers to uldiv.o(.text) for __aeabi_uldivmod
    printf7.o(i._printf_core) refers to printf7.o(i._printf_post_padding) for _printf_post_padding
    printf8.o(i.__0fprintf$8) refers to printf8.o(i._printf_core) for _printf_core
    printf8.o(i.__0fprintf$8) refers to fputc.o(i.fputc) for fputc
    printf8.o(i.__0printf$8) refers to printf8.o(i._printf_core) for _printf_core
    printf8.o(i.__0printf$8) refers to fputc.o(i.fputc) for fputc
    printf8.o(i.__0printf$8) refers to stdout.o(.data) for __stdout
    printf8.o(i.__0snprintf$8) refers to printf8.o(i._printf_core) for _printf_core
    printf8.o(i.__0snprintf$8) refers to printf8.o(i._snputc) for _snputc
    printf8.o(i.__0sprintf$8) refers to printf8.o(i._printf_core) for _printf_core
    printf8.o(i.__0sprintf$8) refers to printf8.o(i._sputc) for _sputc
    printf8.o(i.__0vfprintf$8) refers to printf8.o(i._printf_core) for _printf_core
    printf8.o(i.__0vfprintf$8) refers to fputc.o(i.fputc) for fputc
    printf8.o(i.__0vprintf$8) refers to printf8.o(i._printf_core) for _printf_core
    printf8.o(i.__0vprintf$8) refers to fputc.o(i.fputc) for fputc
    printf8.o(i.__0vprintf$8) refers to stdout.o(.data) for __stdout
    printf8.o(i.__0vsnprintf$8) refers to printf8.o(i._printf_core) for _printf_core
    printf8.o(i.__0vsnprintf$8) refers to printf8.o(i._snputc) for _snputc
    printf8.o(i.__0vsprintf$8) refers to printf8.o(i._printf_core) for _printf_core
    printf8.o(i.__0vsprintf$8) refers to printf8.o(i._sputc) for _sputc
    printf8.o(i._printf_core) refers to printf8.o(i._printf_pre_padding) for _printf_pre_padding
    printf8.o(i._printf_core) refers to uldiv.o(.text) for __aeabi_uldivmod
    printf8.o(i._printf_core) refers to printf8.o(i._printf_post_padding) for _printf_post_padding
    printfa.o(i.__0fprintf) refers (Special) to iusefp.o(.text) for __I$use$fp
    printfa.o(i.__0fprintf) refers to printfa.o(i._printf_core) for _printf_core
    printfa.o(i.__0fprintf) refers to fputc.o(i.fputc) for fputc
    printfa.o(i.__0printf) refers (Special) to iusefp.o(.text) for __I$use$fp
    printfa.o(i.__0printf) refers to printfa.o(i._printf_core) for _printf_core
    printfa.o(i.__0printf) refers to fputc.o(i.fputc) for fputc
    printfa.o(i.__0printf) refers to stdout.o(.data) for __stdout
    printfa.o(i.__0snprintf) refers (Special) to iusefp.o(.text) for __I$use$fp
    printfa.o(i.__0snprintf) refers to printfa.o(i._printf_core) for _printf_core
    printfa.o(i.__0snprintf) refers to printfa.o(i._snputc) for _snputc
    printfa.o(i.__0sprintf) refers (Special) to iusefp.o(.text) for __I$use$fp
    printfa.o(i.__0sprintf) refers to printfa.o(i._printf_core) for _printf_core
    printfa.o(i.__0sprintf) refers to printfa.o(i._sputc) for _sputc
    printfa.o(i.__0vfprintf) refers (Special) to iusefp.o(.text) for __I$use$fp
    printfa.o(i.__0vfprintf) refers to printfa.o(i._printf_core) for _printf_core
    printfa.o(i.__0vfprintf) refers to fputc.o(i.fputc) for fputc
    printfa.o(i.__0vprintf) refers (Special) to iusefp.o(.text) for __I$use$fp
    printfa.o(i.__0vprintf) refers to printfa.o(i._printf_core) for _printf_core
    printfa.o(i.__0vprintf) refers to fputc.o(i.fputc) for fputc
    printfa.o(i.__0vprintf) refers to stdout.o(.data) for __stdout
    printfa.o(i.__0vsnprintf) refers (Special) to iusefp.o(.text) for __I$use$fp
    printfa.o(i.__0vsnprintf) refers to printfa.o(i._printf_core) for _printf_core
    printfa.o(i.__0vsnprintf) refers to printfa.o(i._snputc) for _snputc
    printfa.o(i.__0vsprintf) refers (Special) to iusefp.o(.text) for __I$use$fp
    printfa.o(i.__0vsprintf) refers to printfa.o(i._printf_core) for _printf_core
    printfa.o(i.__0vsprintf) refers to printfa.o(i._sputc) for _sputc
    printfa.o(i._fp_digits) refers (Special) to iusefp.o(.text) for __I$use$fp
    printfa.o(i._fp_digits) refers to dmul.o(.text) for __aeabi_dmul
    printfa.o(i._fp_digits) refers to ddiv.o(.text) for __aeabi_ddiv
    printfa.o(i._fp_digits) refers to cdrcmple.o(.text) for __aeabi_cdrcmple
    printfa.o(i._fp_digits) refers to dadd.o(.text) for __aeabi_dadd
    printfa.o(i._fp_digits) refers to dfixul.o(.text) for __aeabi_d2ulz
    printfa.o(i._fp_digits) refers to uldiv.o(.text) for __aeabi_uldivmod
    printfa.o(i._printf_core) refers (Special) to iusefp.o(.text) for __I$use$fp
    printfa.o(i._printf_core) refers to printfa.o(i._printf_pre_padding) for _printf_pre_padding
    printfa.o(i._printf_core) refers to uldiv.o(.text) for __aeabi_uldivmod
    printfa.o(i._printf_core) refers to printfa.o(i._printf_post_padding) for _printf_post_padding
    printfa.o(i._printf_core) refers to printfa.o(i._fp_digits) for _fp_digits
    printfa.o(i._printf_core) refers to uidiv.o(.text) for __aeabi_uidivmod
    printfa.o(i._printf_post_padding) refers (Special) to iusefp.o(.text) for __I$use$fp
    printfa.o(i._printf_pre_padding) refers (Special) to iusefp.o(.text) for __I$use$fp
    printfa.o(i._snputc) refers (Special) to iusefp.o(.text) for __I$use$fp
    printfa.o(i._sputc) refers (Special) to iusefp.o(.text) for __I$use$fp
    dmul.o(.text) refers (Special) to iusefp.o(.text) for __I$use$fp
    dmul.o(.text) refers to depilogue.o(.text) for _double_epilogue
    f2d.o(.text) refers (Special) to iusefp.o(.text) for __I$use$fp
    d2f.o(.text) refers (Special) to iusefp.o(.text) for __I$use$fp
    d2f.o(.text) refers to fepilogue.o(.text) for _float_round
    entry2.o(.ARM.Collect$$$$00000001) refers to entry2.o(.ARM.Collect$$$$00002712) for __lit__00000000
    entry2.o(.ARM.Collect$$$$00002712) refers to startup_tm4c123.o(STACK) for __initial_sp
    entry2.o(__vectab_stack_and_reset_area) refers to startup_tm4c123.o(STACK) for __initial_sp
    entry2.o(__vectab_stack_and_reset_area) refers to entry.o(.ARM.Collect$$$$00000000) for __main
    entry5.o(.ARM.Collect$$$$00000004) refers to init.o(.text) for __scatterload
    entry9a.o(.ARM.Collect$$$$0000000B) refers to main.o(.text) for main
    entry9b.o(.ARM.Collect$$$$0000000C) refers to main.o(.text) for main
    fputc.o(i.fputc) refers (Special) to iusesemip.o(.text) for __I$use$semihosting$fputc
    fputc.o(i.fputc) refers (Special) to semi.o(.text) for __semihosting_library_function
    uldiv.o(.text) refers to llushr.o(.text) for __aeabi_llsr
    uldiv.o(.text) refers to llshl.o(.text) for __aeabi_llsl
    depilogue.o(.text) refers to llshl.o(.text) for __aeabi_llsl
    depilogue.o(.text) refers to llushr.o(.text) for __aeabi_llsr
    dadd.o(.text) refers to llshl.o(.text) for __aeabi_llsl
    dadd.o(.text) refers to llsshr.o(.text) for __aeabi_lasr
    dadd.o(.text) refers to depilogue.o(.text) for _double_epilogue
    ddiv.o(.text) refers to depilogue.o(.text) for _double_round
    dfixul.o(.text) refers to llushr.o(.text) for __aeabi_llsr
    dfixul.o(.text) refers to llshl.o(.text) for __aeabi_llsl
    init.o(.text) refers to entry5.o(.ARM.Collect$$$$00000004) for __main_after_scatterload


==============================================================================

Removing Unused input sections from the image.

    Removing main.o(.rev16_text), (4 bytes).
    Removing main.o(.revsh_text), (4 bytes).
    Removing boardutil.o(.rev16_text), (4 bytes).
    Removing boardutil.o(.revsh_text), (4 bytes).
    Removing ece315_lab3.o(.rev16_text), (4 bytes).
    Removing ece315_lab3.o(.revsh_text), (4 bytes).
    Removing interrupts.o(.rev16_text), (4 bytes).
    Removing interrupts.o(.revsh_text), (4 bytes).
    Removing drv8833.o(.rev16_text), (4 bytes).
    Removing drv8833.o(.revsh_text), (4 bytes).
    Removing pwm.o(.rev16_text), (4 bytes).
    Removing pwm.o(.revsh_text), (4 bytes).
    Removing lcd.o(.rev16_text), (4 bytes).
    Removing lcd.o(.revsh_text), (4 bytes).
    Removing led_controller.o(.rev16_text), (4 bytes).
    Removing led_controller.o(.revsh_text), (4 bytes).
    Removing encoders.o(.rev16_text), (4 bytes).
    Removing encoders.o(.revsh_text), (4 bytes).
    Removing encoders.o(.text), (32 bytes).
    Removing startup_tm4c123.o(HEAP), (0 bytes).
    Removing system_tm4c123.o(.rev16_text), (4 bytes).
    Removing system_tm4c123.o(.revsh_text), (4 bytes).
    Removing gpioport.o(.rev16_text), (4 bytes).
    Removing gpioport.o(.revsh_text), (4 bytes).
    Removing gpioport.o(.rrx_text), (6 bytes).
    Removing i2c.o(.rev16_text), (4 bytes).
    Removing i2c.o(.revsh_text), (4 bytes).
    Removing i2c.o(.rrx_text), (6 bytes).
    Removing spi.o(.rev16_text), (4 bytes).
    Removing spi.o(.revsh_text), (4 bytes).
    Removing spi.o(.rrx_text), (6 bytes).
    Removing uart.o(.rev16_text), (4 bytes).
    Removing uart.o(.revsh_text), (4 bytes).
    Removing uart.o(.rrx_text), (6 bytes).
    Removing adc.o(.rev16_text), (4 bytes).
    Removing adc.o(.revsh_text), (4 bytes).
    Removing adc.o(.rrx_text), (6 bytes).
    Removing wireless.o(.rev16_text), (4 bytes).
    Removing wireless.o(.revsh_text), (4 bytes).
    Removing wireless.o(.rrx_text), (6 bytes).

40 unused section(s) (total 196 bytes) removed from the image.

==============================================================================

Image Symbol Table

    Local Symbols

    Symbol Name                              Value     Ov Type        Size  Object(Section)

    RESET                                    0x00000000   Section      620  startup_tm4c123.o(RESET)
    ../clib/microlib/division.c              0x00000000   Number         0  uldiv.o ABSOLUTE
    ../clib/microlib/division.c              0x00000000   Number         0  uidiv.o ABSOLUTE
    ../clib/microlib/init/entry.s            0x00000000   Number         0  entry5.o ABSOLUTE
    ../clib/microlib/init/entry.s            0x00000000   Number         0  entry7b.o ABSOLUTE
    ../clib/microlib/init/entry.s            0x00000000   Number         0  entry7a.o ABSOLUTE
    ../clib/microlib/init/entry.s            0x00000000   Number         0  entry9a.o ABSOLUTE
    ../clib/microlib/init/entry.s            0x00000000   Number         0  entry.o ABSOLUTE
    ../clib/microlib/init/entry.s            0x00000000   Number         0  entry10b.o ABSOLUTE
    ../clib/microlib/init/entry.s            0x00000000   Number         0  entry10a.o ABSOLUTE
    ../clib/microlib/init/entry.s            0x00000000   Number         0  entry2.o ABSOLUTE
    ../clib/microlib/init/entry.s            0x00000000   Number         0  entry8a.o ABSOLUTE
    ../clib/microlib/init/entry.s            0x00000000   Number         0  entry9b.o ABSOLUTE
    ../clib/microlib/init/entry.s            0x00000000   Number         0  entry8b.o ABSOLUTE
    ../clib/microlib/init/entry.s            0x00000000   Number         0  entry11a.o ABSOLUTE
    ../clib/microlib/init/entry.s            0x00000000   Number         0  entry11b.o ABSOLUTE
    ../clib/microlib/longlong.c              0x00000000   Number         0  llsshr.o ABSOLUTE
    ../clib/microlib/longlong.c              0x00000000   Number         0  llushr.o ABSOLUTE
    ../clib/microlib/longlong.c              0x00000000   Number         0  llshl.o ABSOLUTE
    ../clib/microlib/printf/printf.c         0x00000000   Number         0  printf1.o ABSOLUTE
    ../clib/microlib/printf/printf.c         0x00000000   Number         0  printf0.o ABSOLUTE
    ../clib/microlib/printf/printf.c         0x00000000   Number         0  printfb.o ABSOLUTE
    ../clib/microlib/printf/printf.c         0x00000000   Number         0  printf8.o ABSOLUTE
    ../clib/microlib/printf/printf.c         0x00000000   Number         0  printf3.o ABSOLUTE
    ../clib/microlib/printf/printf.c         0x00000000   Number         0  printf2.o ABSOLUTE
    ../clib/microlib/printf/printf.c         0x00000000   Number         0  printfa.o ABSOLUTE
    ../clib/microlib/printf/printf.c         0x00000000   Number         0  printf7.o ABSOLUTE
    ../clib/microlib/printf/printf.c         0x00000000   Number         0  printf6.o ABSOLUTE
    ../clib/microlib/printf/printf.c         0x00000000   Number         0  printf5.o ABSOLUTE
    ../clib/microlib/printf/printf.c         0x00000000   Number         0  printf4.o ABSOLUTE
    ../clib/microlib/printf/stubs.s          0x00000000   Number         0  stubs.o ABSOLUTE
    ../clib/microlib/stdio/fputc.c           0x00000000   Number         0  fputc.o ABSOLUTE
    ../clib/microlib/stdio/semi.s            0x00000000   Number         0  semi.o ABSOLUTE
    ../clib/microlib/stdio/streams.c         0x00000000   Number         0  stdout.o ABSOLUTE
    ../clib/microlib/string/memset.c         0x00000000   Number         0  memseta.o ABSOLUTE
    ../clib/microlib/stubs.s                 0x00000000   Number         0  iusesemip.o ABSOLUTE
    ../clib/microlib/stubs.s                 0x00000000   Number         0  iusefp.o ABSOLUTE
    ../fplib/microlib/d2f.c                  0x00000000   Number         0  d2f.o ABSOLUTE
    ../fplib/microlib/f2d.c                  0x00000000   Number         0  f2d.o ABSOLUTE
    ../fplib/microlib/fpadd.c                0x00000000   Number         0  dadd.o ABSOLUTE
    ../fplib/microlib/fpdiv.c                0x00000000   Number         0  ddiv.o ABSOLUTE
    ../fplib/microlib/fpepilogue.c           0x00000000   Number         0  fepilogue.o ABSOLUTE
    ../fplib/microlib/fpepilogue.c           0x00000000   Number         0  depilogue.o ABSOLUTE
    ../fplib/microlib/fpfix.c                0x00000000   Number         0  dfixul.o ABSOLUTE
    ../fplib/microlib/fpmul.c                0x00000000   Number         0  dmul.o ABSOLUTE
    ..\\drivers\\adc.c                       0x00000000   Number         0  adc.o ABSOLUTE
    ..\\drivers\\drv8833.c                   0x00000000   Number         0  drv8833.o ABSOLUTE
    ..\\drivers\\encoders.c                  0x00000000   Number         0  encoders.o ABSOLUTE
    ..\\drivers\\gpioPort.c                  0x00000000   Number         0  gpioport.o ABSOLUTE
    ..\\drivers\\i2c.c                       0x00000000   Number         0  i2c.o ABSOLUTE
    ..\\drivers\\lcd.c                       0x00000000   Number         0  lcd.o ABSOLUTE
    ..\\drivers\\led_controller.c            0x00000000   Number         0  led_controller.o ABSOLUTE
    ..\\drivers\\pwm.c                       0x00000000   Number         0  pwm.o ABSOLUTE
    ..\\drivers\\spi.c                       0x00000000   Number         0  spi.o ABSOLUTE
    ..\\drivers\\uart.c                      0x00000000   Number         0  uart.o ABSOLUTE
    ..\\drivers\\wireless.c                  0x00000000   Number         0  wireless.o ABSOLUTE
    ..\drivers\adc.c                         0x00000000   Number         0  adc.o ABSOLUTE
    ..\drivers\drv8833.c                     0x00000000   Number         0  drv8833.o ABSOLUTE
    ..\drivers\encoders.c                    0x00000000   Number         0  encoders.o ABSOLUTE
    ..\drivers\fonts.c                       0x00000000   Number         0  fonts.o ABSOLUTE
    ..\drivers\gpioPort.c                    0x00000000   Number         0  gpioport.o ABSOLUTE
    ..\drivers\i2c.c                         0x00000000   Number         0  i2c.o ABSOLUTE
    ..\drivers\lcd.c                         0x00000000   Number         0  lcd.o ABSOLUTE
    ..\drivers\led_controller.c              0x00000000   Number         0  led_controller.o ABSOLUTE
    ..\drivers\pwm.c                         0x00000000   Number         0  pwm.o ABSOLUTE
    ..\drivers\spi.c                         0x00000000   Number         0  spi.o ABSOLUTE
    ..\drivers\uart.c                        0x00000000   Number         0  uart.o ABSOLUTE
    ..\drivers\wireless.c                    0x00000000   Number         0  wireless.o ABSOLUTE
    RTE\Device\TM4C123GH6PM\startup_TM4C123.s 0x00000000   Number         0  startup_tm4c123.o ABSOLUTE
    RTE\Device\TM4C123GH6PM\system_TM4C123.c 0x00000000   Number         0  system_tm4c123.o ABSOLUTE
    RTE\\Device\\TM4C123GH6PM\\system_TM4C123.c 0x00000000   Number         0  system_tm4c123.o ABSOLUTE
    boardUtil.c                              0x00000000   Number         0  boardutil.o ABSOLUTE
    boardUtil.c                              0x00000000   Number         0  boardutil.o ABSOLUTE
    cdrcmple.s                               0x00000000   Number         0  cdrcmple.o ABSOLUTE
    dc.s                                     0x00000000   Number         0  dc.o ABSOLUTE
    ece315_lab3.c                            0x00000000   Number         0  ece315_lab3.o ABSOLUTE
    ece315_lab3.c                            0x00000000   Number         0  ece315_lab3.o ABSOLUTE
    handlers.s                               0x00000000   Number         0  handlers.o ABSOLUTE
    init.s                                   0x00000000   Number         0  init.o ABSOLUTE
    interrupts.c                             0x00000000   Number         0  interrupts.o ABSOLUTE
    interrupts.c                             0x00000000   Number         0  interrupts.o ABSOLUTE
    main.c                                   0x00000000   Number         0  main.o ABSOLUTE
    main.c                                   0x00000000   Number         0  main.o ABSOLUTE
    .ARM.Collect$$$$00000000                 0x0000026c   Section        0  entry.o(.ARM.Collect$$$$00000000)
    .ARM.Collect$$$$00000001                 0x0000026c   Section        4  entry2.o(.ARM.Collect$$$$00000001)
    .ARM.Collect$$$$00000004                 0x00000270   Section        4  entry5.o(.ARM.Collect$$$$00000004)
    .ARM.Collect$$$$00000008                 0x00000274   Section        0  entry7b.o(.ARM.Collect$$$$00000008)
    .ARM.Collect$$$$0000000A                 0x00000274   Section        0  entry8b.o(.ARM.Collect$$$$0000000A)
    .ARM.Collect$$$$0000000B                 0x00000274   Section        8  entry9a.o(.ARM.Collect$$$$0000000B)
    .ARM.Collect$$$$0000000D                 0x0000027c   Section        0  entry10a.o(.ARM.Collect$$$$0000000D)
    .ARM.Collect$$$$0000000F                 0x0000027c   Section        0  entry11a.o(.ARM.Collect$$$$0000000F)
    .ARM.Collect$$$$00002712                 0x0000027c   Section        4  entry2.o(.ARM.Collect$$$$00002712)
    __lit__00000000                          0x0000027c   Data           4  entry2.o(.ARM.Collect$$$$00002712)
    .text                                    0x00000280   Section        0  main.o(.text)
    SysTick_Config                           0x00000281   Thumb Code    74  main.o(.text)
    .text                                    0x000005ec   Section        0  boardutil.o(.text)
    NVIC_SetPriority                         0x000005ed   Thumb Code    32  boardutil.o(.text)
    NVIC_EnableIRQ                           0x000007cb   Thumb Code    22  boardutil.o(.text)
    .text                                    0x00000808   Section        0  ece315_lab3.o(.text)
    .text                                    0x000008f4   Section        0  interrupts.o(.text)
    .text                                    0x00000a0c   Section        0  drv8833.o(.text)
    .text                                    0x00000bb4   Section        0  pwm.o(.text)
    .text                                    0x00000c58   Section        0  lcd.o(.text)
    lcd_assert_cmd_mode                      0x00000f61   Thumb Code    16  lcd.o(.text)
    lcd_deassert_cmd_mode                    0x00000f71   Thumb Code    16  lcd.o(.text)
    .text                                    0x00000f90   Section        0  led_controller.o(.text)
    i2cIOInit                                0x00000f91   Thumb Code   112  led_controller.o(.text)
    .text                                    0x00001124   Section      252  startup_tm4c123.o(.text)
    $v0                                      0x00001124   Number         0  startup_tm4c123.o(.text)
    .text                                    0x00001220   Section        0  system_tm4c123.o(.text)
    getOscClk                                0x00001221   Thumb Code   182  system_tm4c123.o(.text)
    .text                                    0x00001470   Section        0  gpioport.o(.text)
    verifyBaseAddr                           0x00001471   Thumb Code    64  gpioport.o(.text)
    .text                                    0x000016a0   Section        0  i2c.o(.text)
    .text                                    0x000018a8   Section        0  spi.o(.text)
    .text                                    0x00001a38   Section        0  uart.o(.text)
    .text                                    0x00001b3c   Section        0  adc.o(.text)
    .text                                    0x00001c14   Section        0  wireless.o(.text)
    wireless_reg_read                        0x00001c3b   Thumb Code    42  wireless.o(.text)
    wireless_reg_write                       0x00001c65   Thumb Code    42  wireless.o(.text)
    wireless_rx_data_payload                 0x00001c8f   Thumb Code    82  wireless.o(.text)
    wireless_set_rx_addr                     0x00001ce1   Thumb Code   120  wireless.o(.text)
    wireless_flush_tx_fifo                   0x00001d59   Thumb Code    30  wireless.o(.text)
    wireless_get_status                      0x00001d77   Thumb Code    34  wireless.o(.text)
    wireless_CSN_low                         0x0000203b   Thumb Code    20  wireless.o(.text)
    wireless_CSN_high                        0x0000204f   Thumb Code    20  wireless.o(.text)
    wireless_CE_low                          0x00002063   Thumb Code    20  wireless.o(.text)
    wireless_CE_high                         0x00002077   Thumb Code    20  wireless.o(.text)
    wireless_rx_fifo_empty                   0x0000208b   Thumb Code    24  wireless.o(.text)
    wireless_status_tx_ds_asserted           0x000020a3   Thumb Code    16  wireless.o(.text)
    wireless_status_tx_full_asserted         0x000020b3   Thumb Code    16  wireless.o(.text)
    wireless_clear_max_rt                    0x000020c3   Thumb Code    12  wireless.o(.text)
    .text                                    0x000020d4   Section        0  memseta.o(.text)
    .text                                    0x000020f8   Section        0  dmul.o(.text)
    .text                                    0x000021dc   Section        0  f2d.o(.text)
    .text                                    0x00002202   Section        0  d2f.o(.text)
    .text                                    0x0000223a   Section        0  uidiv.o(.text)
    .text                                    0x00002266   Section        0  uldiv.o(.text)
    .text                                    0x000022c8   Section        0  fepilogue.o(.text)
    .text                                    0x000022c8   Section        0  iusefp.o(.text)
    .text                                    0x00002336   Section        0  depilogue.o(.text)
    .text                                    0x000023ec   Section        0  dadd.o(.text)
    .text                                    0x0000253a   Section        0  ddiv.o(.text)
    .text                                    0x00002618   Section        0  dfixul.o(.text)
    .text                                    0x00002648   Section       40  cdrcmple.o(.text)
    .text                                    0x00002670   Section       36  init.o(.text)
    .text                                    0x00002694   Section        0  llshl.o(.text)
    .text                                    0x000026b2   Section        0  llushr.o(.text)
    .text                                    0x000026d2   Section        0  llsshr.o(.text)
    i.__0sprintf                             0x000026f8   Section        0  printfa.o(i.__0sprintf)
    i.__scatterload_copy                     0x00002720   Section       14  handlers.o(i.__scatterload_copy)
    i.__scatterload_null                     0x0000272e   Section        2  handlers.o(i.__scatterload_null)
    i.__scatterload_zeroinit                 0x00002730   Section       14  handlers.o(i.__scatterload_zeroinit)
    i._fp_digits                             0x00002740   Section        0  printfa.o(i._fp_digits)
    _fp_digits                               0x00002741   Thumb Code   334  printfa.o(i._fp_digits)
    i._printf_core                           0x000028a4   Section        0  printfa.o(i._printf_core)
    _printf_core                             0x000028a5   Thumb Code  1744  printfa.o(i._printf_core)
    i._printf_post_padding                   0x00002f80   Section        0  printfa.o(i._printf_post_padding)
    _printf_post_padding                     0x00002f81   Thumb Code    36  printfa.o(i._printf_post_padding)
    i._printf_pre_padding                    0x00002fa4   Section        0  printfa.o(i._printf_pre_padding)
    _printf_pre_padding                      0x00002fa5   Thumb Code    46  printfa.o(i._printf_pre_padding)
    i._sputc                                 0x00002fd2   Section        0  printfa.o(i._sputc)
    _sputc                                   0x00002fd3   Thumb Code    10  printfa.o(i._sputc)
    .constdata                               0x00002fdc   Section     2292  fonts.o(.constdata)
    .data                                    0x20000000   Section       32  main.o(.data)
    .data                                    0x20000020   Section       10  ece315_lab3.o(.data)
    ece353_ids                               0x20000020   Data           5  ece315_lab3.o(.data)
    ece315_ids                               0x20000025   Data           5  ece315_lab3.o(.data)
    .data                                    0x2000002c   Section       32  interrupts.o(.data)
    count                                    0x20000044   Data           4  interrupts.o(.data)
    secCount                                 0x20000048   Data           4  interrupts.o(.data)
    .data                                    0x2000004c   Section        4  system_tm4c123.o(.data)
    .bss                                     0x20000050   Section       50  main.o(.bss)
    .bss                                     0x20000084   Section       24  wireless.o(.bss)
    STACK                                    0x200000a0   Section     4096  startup_tm4c123.o(STACK)

    Global Symbols

    Symbol Name                              Value     Ov Type        Size  Object(Section)

    BuildAttributes$$THM_ISAv4$E$P$D$K$B$S$7EM$VFPi3$EXTD16$VFPS$VFMA$PE$A:L22UL41UL21$X:L11$S22US41US21$IEEE1$IW$USESV6$~STKCKD$USESV7$~SHL$OTIME$ROPI$EBA8$MICROLIB$REQ8$PRES8$EABIv2 0x00000000   Number         0  anon$$obj.o ABSOLUTE
    __ARM_use_no_argv                        0x00000000   Number         0  main.o ABSOLUTE
    __Vectors                                0x00000000   Data           4  startup_tm4c123.o(RESET)
    _printf_a                                0x00000000   Number         0  stubs.o ABSOLUTE
    _printf_c                                0x00000000   Number         0  stubs.o ABSOLUTE
    _printf_charcount                        0x00000000   Number         0  stubs.o ABSOLUTE
    _printf_d                                0x00000000   Number         0  stubs.o ABSOLUTE
    _printf_e                                0x00000000   Number         0  stubs.o ABSOLUTE
    _printf_f                                0x00000000   Number         0  stubs.o ABSOLUTE
    _printf_flags                            0x00000000   Number         0  stubs.o ABSOLUTE
    _printf_fp_dec                           0x00000000   Number         0  stubs.o ABSOLUTE
    _printf_fp_hex                           0x00000000   Number         0  stubs.o ABSOLUTE
    _printf_g                                0x00000000   Number         0  stubs.o ABSOLUTE
    _printf_i                                0x00000000   Number         0  stubs.o ABSOLUTE
    _printf_int_dec                          0x00000000   Number         0  stubs.o ABSOLUTE
    _printf_l                                0x00000000   Number         0  stubs.o ABSOLUTE
    _printf_lc                               0x00000000   Number         0  stubs.o ABSOLUTE
    _printf_ll                               0x00000000   Number         0  stubs.o ABSOLUTE
    _printf_lld                              0x00000000   Number         0  stubs.o ABSOLUTE
    _printf_lli                              0x00000000   Number         0  stubs.o ABSOLUTE
    _printf_llo                              0x00000000   Number         0  stubs.o ABSOLUTE
    _printf_llu                              0x00000000   Number         0  stubs.o ABSOLUTE
    _printf_llx                              0x00000000   Number         0  stubs.o ABSOLUTE
    _printf_longlong_dec                     0x00000000   Number         0  stubs.o ABSOLUTE
    _printf_longlong_hex                     0x00000000   Number         0  stubs.o ABSOLUTE
    _printf_longlong_oct                     0x00000000   Number         0  stubs.o ABSOLUTE
    _printf_ls                               0x00000000   Number         0  stubs.o ABSOLUTE
    _printf_mbtowc                           0x00000000   Number         0  stubs.o ABSOLUTE
    _printf_n                                0x00000000   Number         0  stubs.o ABSOLUTE
    _printf_o                                0x00000000   Number         0  stubs.o ABSOLUTE
    _printf_p                                0x00000000   Number         0  stubs.o ABSOLUTE
    _printf_percent                          0x00000000   Number         0  stubs.o ABSOLUTE
    _printf_pre_padding                      0x00000000   Number         0  stubs.o ABSOLUTE
    _printf_return_value                     0x00000000   Number         0  stubs.o ABSOLUTE
    _printf_s                                0x00000000   Number         0  stubs.o ABSOLUTE
    _printf_sizespec                         0x00000000   Number         0  stubs.o ABSOLUTE
    _printf_str                              0x00000000   Number         0  stubs.o ABSOLUTE
    _printf_truncate_signed                  0x00000000   Number         0  stubs.o ABSOLUTE
    _printf_truncate_unsigned                0x00000000   Number         0  stubs.o ABSOLUTE
    _printf_u                                0x00000000   Number         0  stubs.o ABSOLUTE
    _printf_wc                               0x00000000   Number         0  stubs.o ABSOLUTE
    _printf_wctomb                           0x00000000   Number         0  stubs.o ABSOLUTE
    _printf_widthprec                        0x00000000   Number         0  stubs.o ABSOLUTE
    _printf_x                                0x00000000   Number         0  stubs.o ABSOLUTE
    __cpp_initialize__aeabi_                  - Undefined Weak Reference
    __cxa_finalize                            - Undefined Weak Reference
    __decompress                              - Undefined Weak Reference
    _clock_init                               - Undefined Weak Reference
    _microlib_exit                            - Undefined Weak Reference
    __Vectors_End                            0x0000026c   Data           0  startup_tm4c123.o(RESET)
    __Vectors_Size                           0x0000026c   Number         0  startup_tm4c123.o ABSOLUTE
    __main                                   0x0000026d   Thumb Code     0  entry.o(.ARM.Collect$$$$00000000)
    _main_stk                                0x0000026d   Thumb Code     0  entry2.o(.ARM.Collect$$$$00000001)
    _main_scatterload                        0x00000271   Thumb Code     0  entry5.o(.ARM.Collect$$$$00000004)
    __main_after_scatterload                 0x00000275   Thumb Code     0  entry5.o(.ARM.Collect$$$$00000004)
    _main_clock                              0x00000275   Thumb Code     0  entry7b.o(.ARM.Collect$$$$00000008)
    _main_cpp_init                           0x00000275   Thumb Code     0  entry8b.o(.ARM.Collect$$$$0000000A)
    _main_init                               0x00000275   Thumb Code     0  entry9a.o(.ARM.Collect$$$$0000000B)
    __rt_final_cpp                           0x0000027d   Thumb Code     0  entry10a.o(.ARM.Collect$$$$0000000D)
    __rt_final_exit                          0x0000027d   Thumb Code     0  entry11a.o(.ARM.Collect$$$$0000000F)
    initializeBoard                          0x000002cb   Thumb Code    50  main.o(.text)
    getMessage                               0x000002fd   Thumb Code    60  main.o(.text)
    setLed                                   0x00000339   Thumb Code   186  main.o(.text)
    main                                     0x000003f3   Thumb Code   318  main.o(.text)
    DisableInterrupts                        0x0000060d   Thumb Code     4  boardutil.o(.text)
    EnableInterrupts                         0x00000611   Thumb Code     4  boardutil.o(.text)
    uart0_config_gpio                        0x00000615   Thumb Code    42  boardutil.o(.text)
    serialDebugInit                          0x0000063f   Thumb Code    18  boardutil.o(.text)
    uart_init_9600                           0x00000651   Thumb Code    88  boardutil.o(.text)
    sensor_Init                              0x000006a9   Thumb Code    98  boardutil.o(.text)
    encodersInit                             0x0000070b   Thumb Code   192  boardutil.o(.text)
    rfInit                                   0x00000809   Thumb Code   214  ece315_lab3.o(.text)
    SysTick_Handler                          0x000008f5   Thumb Code    78  interrupts.o(.text)
    UART7_Handler                            0x00000943   Thumb Code    12  interrupts.o(.text)
    GPIOF_Handler                            0x0000094f   Thumb Code    70  interrupts.o(.text)
    GPIOC_Handler                            0x00000995   Thumb Code    72  interrupts.o(.text)
    drv8833_gpioInit                         0x00000a0d   Thumb Code   158  drv8833.o(.text)
    drv8833_leftForward                      0x00000aab   Thumb Code    50  drv8833.o(.text)
    drv8833_leftReverse                      0x00000add   Thumb Code    48  drv8833.o(.text)
    drv8833_rightForward                     0x00000b0d   Thumb Code    50  drv8833.o(.text)
    drv8833_rightReverse                     0x00000b3f   Thumb Code    48  drv8833.o(.text)
    drv8833_turnLeft                         0x00000b6f   Thumb Code    18  drv8833.o(.text)
    drv8833_turnRight                        0x00000b81   Thumb Code    18  drv8833.o(.text)
    pwmConfig                                0x00000bb5   Thumb Code   160  pwm.o(.text)
    lcdSuperInit                             0x00000c59   Thumb Code   254  lcd.o(.text)
    ece315_lcdInit                           0x00000d57   Thumb Code   128  lcd.o(.text)
    ece315_lcdSetPage                        0x00000dd7   Thumb Code    36  lcd.o(.text)
    ece315_lcdSetColumn                      0x00000dfb   Thumb Code    52  lcd.o(.text)
    ece315_lcdWriteData                      0x00000e2f   Thumb Code    22  lcd.o(.text)
    ece315_lcdClear                          0x00000e45   Thumb Code    46  lcd.o(.text)
    ece315_lcdWriteChar                      0x00000e73   Thumb Code   192  lcd.o(.text)
    ece315_lcdWriteString                    0x00000f33   Thumb Code    46  lcd.o(.text)
    led_controller_byte_write                0x00001001   Thumb Code    76  led_controller.o(.text)
    ledController_init                       0x0000104d   Thumb Code   200  led_controller.o(.text)
    Reset_Handler                            0x00001125   Thumb Code     8  startup_tm4c123.o(.text)
    NMI_Handler                              0x0000112d   Thumb Code     2  startup_tm4c123.o(.text)
    HardFault_Handler                        0x0000112f   Thumb Code     2  startup_tm4c123.o(.text)
    MemManage_Handler                        0x00001131   Thumb Code     2  startup_tm4c123.o(.text)
    BusFault_Handler                         0x00001133   Thumb Code     2  startup_tm4c123.o(.text)
    UsageFault_Handler                       0x00001135   Thumb Code     2  startup_tm4c123.o(.text)
    SVC_Handler                              0x00001137   Thumb Code     2  startup_tm4c123.o(.text)
    DebugMon_Handler                         0x00001139   Thumb Code     2  startup_tm4c123.o(.text)
    PendSV_Handler                           0x0000113b   Thumb Code     2  startup_tm4c123.o(.text)
    GPIOA_Handler                            0x0000113f   Thumb Code     2  startup_tm4c123.o(.text)
    GPIOB_Handler                            0x00001141   Thumb Code     2  startup_tm4c123.o(.text)
    GPIOD_Handler                            0x00001145   Thumb Code     2  startup_tm4c123.o(.text)
    GPIOE_Handler                            0x00001147   Thumb Code     2  startup_tm4c123.o(.text)
    UART0_Handler                            0x00001149   Thumb Code     2  startup_tm4c123.o(.text)
    UART1_Handler                            0x0000114b   Thumb Code     2  startup_tm4c123.o(.text)
    SSI0_Handler                             0x0000114d   Thumb Code     2  startup_tm4c123.o(.text)
    I2C0_Handler                             0x0000114f   Thumb Code     2  startup_tm4c123.o(.text)
    PMW0_FAULT_Handler                       0x00001151   Thumb Code     2  startup_tm4c123.o(.text)
    PWM0_0_Handler                           0x00001153   Thumb Code     2  startup_tm4c123.o(.text)
    PWM0_1_Handler                           0x00001155   Thumb Code     2  startup_tm4c123.o(.text)
    PWM0_2_Handler                           0x00001157   Thumb Code     2  startup_tm4c123.o(.text)
    QEI0_Handler                             0x00001159   Thumb Code     2  startup_tm4c123.o(.text)
    ADC0SS0_Handler                          0x0000115b   Thumb Code     2  startup_tm4c123.o(.text)
    ADC0SS1_Handler                          0x0000115d   Thumb Code     2  startup_tm4c123.o(.text)
    ADC0SS2_Handler                          0x0000115f   Thumb Code     2  startup_tm4c123.o(.text)
    ADC0SS3_Handler                          0x00001161   Thumb Code     2  startup_tm4c123.o(.text)
    WDT0_Handler                             0x00001163   Thumb Code     2  startup_tm4c123.o(.text)
    TIMER0A_Handler                          0x00001165   Thumb Code     2  startup_tm4c123.o(.text)
    TIMER0B_Handler                          0x00001167   Thumb Code     2  startup_tm4c123.o(.text)
    TIMER1A_Handler                          0x00001169   Thumb Code     2  startup_tm4c123.o(.text)
    TIMER1B_Handler                          0x0000116b   Thumb Code     2  startup_tm4c123.o(.text)
    TIMER2A_Handler                          0x0000116d   Thumb Code     2  startup_tm4c123.o(.text)
    TIMER2B_Handler                          0x0000116f   Thumb Code     2  startup_tm4c123.o(.text)
    COMP0_Handler                            0x00001171   Thumb Code     2  startup_tm4c123.o(.text)
    COMP1_Handler                            0x00001173   Thumb Code     2  startup_tm4c123.o(.text)
    COMP2_Handler                            0x00001175   Thumb Code     2  startup_tm4c123.o(.text)
    SYSCTL_Handler                           0x00001177   Thumb Code     2  startup_tm4c123.o(.text)
    FLASH_Handler                            0x00001179   Thumb Code     2  startup_tm4c123.o(.text)
    GPIOG_Handler                            0x0000117d   Thumb Code     2  startup_tm4c123.o(.text)
    GPIOH_Handler                            0x0000117f   Thumb Code     2  startup_tm4c123.o(.text)
    UART2_Handler                            0x00001181   Thumb Code     2  startup_tm4c123.o(.text)
    SSI1_Handler                             0x00001183   Thumb Code     2  startup_tm4c123.o(.text)
    TIMER3A_Handler                          0x00001185   Thumb Code     2  startup_tm4c123.o(.text)
    TIMER3B_Handler                          0x00001187   Thumb Code     2  startup_tm4c123.o(.text)
    I2C1_Handler                             0x00001189   Thumb Code     2  startup_tm4c123.o(.text)
    QEI1_Handler                             0x0000118b   Thumb Code     2  startup_tm4c123.o(.text)
    CAN0_Handler                             0x0000118d   Thumb Code     2  startup_tm4c123.o(.text)
    CAN1_Handler                             0x0000118f   Thumb Code     2  startup_tm4c123.o(.text)
    CAN2_Handler                             0x00001191   Thumb Code     2  startup_tm4c123.o(.text)
    HIB_Handler                              0x00001193   Thumb Code     2  startup_tm4c123.o(.text)
    USB0_Handler                             0x00001195   Thumb Code     2  startup_tm4c123.o(.text)
    PWM0_3_Handler                           0x00001197   Thumb Code     2  startup_tm4c123.o(.text)
    UDMA_Handler                             0x00001199   Thumb Code     2  startup_tm4c123.o(.text)
    UDMAERR_Handler                          0x0000119b   Thumb Code     2  startup_tm4c123.o(.text)
    ADC1SS0_Handler                          0x0000119d   Thumb Code     2  startup_tm4c123.o(.text)
    ADC1SS1_Handler                          0x0000119f   Thumb Code     2  startup_tm4c123.o(.text)
    ADC1SS2_Handler                          0x000011a1   Thumb Code     2  startup_tm4c123.o(.text)
    ADC1SS3_Handler                          0x000011a3   Thumb Code     2  startup_tm4c123.o(.text)
    GPIOJ_Handler                            0x000011a5   Thumb Code     2  startup_tm4c123.o(.text)
    GPIOK_Handler                            0x000011a7   Thumb Code     2  startup_tm4c123.o(.text)
    GPIOL_Handler                            0x000011a9   Thumb Code     2  startup_tm4c123.o(.text)
    SSI2_Handler                             0x000011ab   Thumb Code     2  startup_tm4c123.o(.text)
    SSI3_Handler                             0x000011ad   Thumb Code     2  startup_tm4c123.o(.text)
    UART3_Handler                            0x000011af   Thumb Code     2  startup_tm4c123.o(.text)
    UART4_Handler                            0x000011b1   Thumb Code     2  startup_tm4c123.o(.text)
    UART5_Handler                            0x000011b3   Thumb Code     2  startup_tm4c123.o(.text)
    UART6_Handler                            0x000011b5   Thumb Code     2  startup_tm4c123.o(.text)
    I2C2_Handler                             0x000011b9   Thumb Code     2  startup_tm4c123.o(.text)
    I2C3_Handler                             0x000011bb   Thumb Code     2  startup_tm4c123.o(.text)
    TIMER4A_Handler                          0x000011bd   Thumb Code     2  startup_tm4c123.o(.text)
    TIMER4B_Handler                          0x000011bf   Thumb Code     2  startup_tm4c123.o(.text)
    TIMER5A_Handler                          0x000011c1   Thumb Code     2  startup_tm4c123.o(.text)
    TIMER5B_Handler                          0x000011c3   Thumb Code     2  startup_tm4c123.o(.text)
    WTIMER0A_Handler                         0x000011c5   Thumb Code     2  startup_tm4c123.o(.text)
    WTIMER0B_Handler                         0x000011c7   Thumb Code     2  startup_tm4c123.o(.text)
    WTIMER1A_Handler                         0x000011c9   Thumb Code     2  startup_tm4c123.o(.text)
    WTIMER1B_Handler                         0x000011cb   Thumb Code     2  startup_tm4c123.o(.text)
    WTIMER2A_Handler                         0x000011cd   Thumb Code     2  startup_tm4c123.o(.text)
    WTIMER2B_Handler                         0x000011cf   Thumb Code     2  startup_tm4c123.o(.text)
    WTIMER3A_Handler                         0x000011d1   Thumb Code     2  startup_tm4c123.o(.text)
    WTIMER3B_Handler                         0x000011d3   Thumb Code     2  startup_tm4c123.o(.text)
    WTIMER4A_Handler                         0x000011d5   Thumb Code     2  startup_tm4c123.o(.text)
    WTIMER4B_Handler                         0x000011d7   Thumb Code     2  startup_tm4c123.o(.text)
    WTIMER5A_Handler                         0x000011d9   Thumb Code     2  startup_tm4c123.o(.text)
    WTIMER5B_Handler                         0x000011db   Thumb Code     2  startup_tm4c123.o(.text)
    FPU_Handler                              0x000011dd   Thumb Code     2  startup_tm4c123.o(.text)
    I2C4_Handler                             0x000011df   Thumb Code     2  startup_tm4c123.o(.text)
    I2C5_Handler                             0x000011e1   Thumb Code     2  startup_tm4c123.o(.text)
    GPIOM_Handler                            0x000011e3   Thumb Code     2  startup_tm4c123.o(.text)
    GPION_Handler                            0x000011e5   Thumb Code     2  startup_tm4c123.o(.text)
    QEI2_Handler                             0x000011e7   Thumb Code     2  startup_tm4c123.o(.text)
    GPIOP0_Handler                           0x000011e9   Thumb Code     2  startup_tm4c123.o(.text)
    GPIOP1_Handler                           0x000011eb   Thumb Code     2  startup_tm4c123.o(.text)
    GPIOP2_Handler                           0x000011ed   Thumb Code     2  startup_tm4c123.o(.text)
    GPIOP3_Handler                           0x000011ef   Thumb Code     2  startup_tm4c123.o(.text)
    GPIOP4_Handler                           0x000011f1   Thumb Code     2  startup_tm4c123.o(.text)
    GPIOP5_Handler                           0x000011f3   Thumb Code     2  startup_tm4c123.o(.text)
    GPIOP6_Handler                           0x000011f5   Thumb Code     2  startup_tm4c123.o(.text)
    GPIOP7_Handler                           0x000011f7   Thumb Code     2  startup_tm4c123.o(.text)
    GPIOQ0_Handler                           0x000011f9   Thumb Code     2  startup_tm4c123.o(.text)
    GPIOQ1_Handler                           0x000011fb   Thumb Code     2  startup_tm4c123.o(.text)
    GPIOQ2_Handler                           0x000011fd   Thumb Code     2  startup_tm4c123.o(.text)
    GPIOQ3_Handler                           0x000011ff   Thumb Code     2  startup_tm4c123.o(.text)
    GPIOQ4_Handler                           0x00001201   Thumb Code     2  startup_tm4c123.o(.text)
    GPIOQ5_Handler                           0x00001203   Thumb Code     2  startup_tm4c123.o(.text)
    GPIOQ6_Handler                           0x00001205   Thumb Code     2  startup_tm4c123.o(.text)
    GPIOQ7_Handler                           0x00001207   Thumb Code     2  startup_tm4c123.o(.text)
    GPIOR_Handler                            0x00001209   Thumb Code     2  startup_tm4c123.o(.text)
    GPIOS_Handler                            0x0000120b   Thumb Code     2  startup_tm4c123.o(.text)
    PMW1_0_Handler                           0x0000120d   Thumb Code     2  startup_tm4c123.o(.text)
    PWM1_1_Handler                           0x0000120f   Thumb Code     2  startup_tm4c123.o(.text)
    PWM1_2_Handler                           0x00001211   Thumb Code     2  startup_tm4c123.o(.text)
    PWM1_3_Handler                           0x00001213   Thumb Code     2  startup_tm4c123.o(.text)
    PWM1_FAULT_Handler                       0x00001215   Thumb Code     2  startup_tm4c123.o(.text)
    SystemCoreClockUpdate                    0x000012d7   Thumb Code   184  system_tm4c123.o(.text)
    SystemInit                               0x0000138f   Thumb Code   112  system_tm4c123.o(.text)
    gpio_enable_port                         0x000014b1   Thumb Code   156  gpioport.o(.text)
    gpio_config_digital_enable               0x0000154d   Thumb Code    34  gpioport.o(.text)
    gpio_config_enable_output                0x0000156f   Thumb Code    34  gpioport.o(.text)
    gpio_config_enable_input                 0x00001591   Thumb Code    34  gpioport.o(.text)
    gpio_config_enable_pullup                0x000015b3   Thumb Code    34  gpioport.o(.text)
    gpio_config_enable_pulldown              0x000015d5   Thumb Code    34  gpioport.o(.text)
    gpio_config_analog_enable                0x000015f7   Thumb Code    34  gpioport.o(.text)
    gpio_config_alternate_function           0x00001619   Thumb Code    34  gpioport.o(.text)
    gpio_config_port_control                 0x0000163b   Thumb Code    34  gpioport.o(.text)
    gpio_config_open_drain                   0x0000165d   Thumb Code    34  gpioport.o(.text)
    initializeI2CMaster                      0x000016a1   Thumb Code   160  i2c.o(.text)
    i2cVerifyBaseAddr                        0x00001741   Thumb Code    36  i2c.o(.text)
    i2cSetSlaveAddr                          0x00001765   Thumb Code    30  i2c.o(.text)
    i2cStop                                  0x00001783   Thumb Code    26  i2c.o(.text)
    I2CMasterBusy                            0x0000179d   Thumb Code    34  i2c.o(.text)
    I2CMasterAdrAck                          0x000017bf   Thumb Code    34  i2c.o(.text)
    I2CMasterDatAck                          0x000017e1   Thumb Code    34  i2c.o(.text)
    i2cSendByte                              0x00001803   Thumb Code    82  i2c.o(.text)
    i2cGetByte                               0x00001855   Thumb Code    60  i2c.o(.text)
    spiVerifyBaseAddr                        0x000018a9   Thumb Code    34  spi.o(.text)
    initialize_spi                           0x000018cb   Thumb Code   246  spi.o(.text)
    spiTx                                    0x000019c1   Thumb Code    94  spi.o(.text)
    verifyUartBase                           0x00001a39   Thumb Code    54  uart.o(.text)
    uartTxPoll                               0x00001a6f   Thumb Code    50  uart.o(.text)
    uartRxPoll                               0x00001aa1   Thumb Code    70  uart.o(.text)
    uart_init_115K                           0x00001ae7   Thumb Code    78  uart.o(.text)
    initializeADC                            0x00001b3d   Thumb Code   146  adc.o(.text)
    getADCValue                              0x00001bcf   Thumb Code    58  adc.o(.text)
    wait_uS_15                               0x00001c15   Thumb Code    14  wireless.o(.text)
    wireless_set_pin_config                  0x00001c23   Thumb Code    24  wireless.o(.text)
    wireless_send_32                         0x00001d99   Thumb Code   306  wireless.o(.text)
    wireless_get_32                          0x00001ecb   Thumb Code   132  wireless.o(.text)
    wireless_configure_device                0x00001f4f   Thumb Code   236  wireless.o(.text)
    __aeabi_memset                           0x000020d5   Thumb Code    14  memseta.o(.text)
    __aeabi_memset4                          0x000020d5   Thumb Code     0  memseta.o(.text)
    __aeabi_memset8                          0x000020d5   Thumb Code     0  memseta.o(.text)
    __aeabi_memclr                           0x000020e3   Thumb Code     4  memseta.o(.text)
    __aeabi_memclr4                          0x000020e3   Thumb Code     0  memseta.o(.text)
    __aeabi_memclr8                          0x000020e3   Thumb Code     0  memseta.o(.text)
    _memset$wrapper                          0x000020e7   Thumb Code    18  memseta.o(.text)
    __aeabi_dmul                             0x000020f9   Thumb Code   228  dmul.o(.text)
    __aeabi_f2d                              0x000021dd   Thumb Code    38  f2d.o(.text)
    __aeabi_d2f                              0x00002203   Thumb Code    56  d2f.o(.text)
    __aeabi_uidiv                            0x0000223b   Thumb Code     0  uidiv.o(.text)
    __aeabi_uidivmod                         0x0000223b   Thumb Code    44  uidiv.o(.text)
    __aeabi_uldivmod                         0x00002267   Thumb Code    98  uldiv.o(.text)
    __I$use$fp                               0x000022c9   Thumb Code     0  iusefp.o(.text)
    _float_round                             0x000022c9   Thumb Code    18  fepilogue.o(.text)
    _float_epilogue                          0x000022db   Thumb Code    92  fepilogue.o(.text)
    _double_round                            0x00002337   Thumb Code    26  depilogue.o(.text)
    _double_epilogue                         0x00002351   Thumb Code   156  depilogue.o(.text)
    __aeabi_dadd                             0x000023ed   Thumb Code   322  dadd.o(.text)
    __aeabi_dsub                             0x0000252f   Thumb Code     6  dadd.o(.text)
    __aeabi_drsub                            0x00002535   Thumb Code     6  dadd.o(.text)
    __aeabi_ddiv                             0x0000253b   Thumb Code   222  ddiv.o(.text)
    __aeabi_d2ulz                            0x00002619   Thumb Code    48  dfixul.o(.text)
    __aeabi_cdrcmple                         0x00002649   Thumb Code    38  cdrcmple.o(.text)
    __scatterload                            0x00002671   Thumb Code    28  init.o(.text)
    __scatterload_rt2                        0x00002671   Thumb Code     0  init.o(.text)
    __aeabi_llsl                             0x00002695   Thumb Code    30  llshl.o(.text)
    _ll_shift_l                              0x00002695   Thumb Code     0  llshl.o(.text)
    __aeabi_llsr                             0x000026b3   Thumb Code    32  llushr.o(.text)
    _ll_ushift_r                             0x000026b3   Thumb Code     0  llushr.o(.text)
    __aeabi_lasr                             0x000026d3   Thumb Code    36  llsshr.o(.text)
    _ll_sshift_r                             0x000026d3   Thumb Code     0  llsshr.o(.text)
    __0sprintf                               0x000026f9   Thumb Code    34  printfa.o(i.__0sprintf)
    __1sprintf                               0x000026f9   Thumb Code     0  printfa.o(i.__0sprintf)
    __2sprintf                               0x000026f9   Thumb Code     0  printfa.o(i.__0sprintf)
    __c89sprintf                             0x000026f9   Thumb Code     0  printfa.o(i.__0sprintf)
    sprintf                                  0x000026f9   Thumb Code     0  printfa.o(i.__0sprintf)
    __scatterload_copy                       0x00002721   Thumb Code    14  handlers.o(i.__scatterload_copy)
    __scatterload_null                       0x0000272f   Thumb Code     2  handlers.o(i.__scatterload_null)
    __scatterload_zeroinit                   0x00002731   Thumb Code    14  handlers.o(i.__scatterload_zeroinit)
    courierNew_10ptBitmaps                   0x00002fdc   Data        1900  fonts.o(.constdata)
    motionW                                  0x00003748   Data         392  fonts.o(.constdata)
    Region$$Table$$Base                      0x000038d0   Number         0  anon$$obj.o(Region$$Table)
    Region$$Table$$Limit                     0x000038f0   Number         0  anon$$obj.o(Region$$Table)
    secCount                                 0x20000000   Data           4  main.o(.data)
    direction                                0x20000004   Data           4  main.o(.data)
    pwmCount                                 0x20000008   Data           4  main.o(.data)
    pwmPin                                   0x2000000c   Data           4  main.o(.data)
    pwmDistance                              0x20000010   Data           4  main.o(.data)
    analogDistance                           0x20000014   Data           4  main.o(.data)
    wasHigh                                  0x20000018   Data           1  main.o(.data)
    adcData                                  0x2000001c   Data           4  main.o(.data)
    sysTick                                  0x2000002c   Data           1  interrupts.o(.data)
    analogTick                               0x2000002d   Data           1  interrupts.o(.data)
    secTick                                  0x2000002e   Data           1  interrupts.o(.data)
    f0                                       0x20000030   Data           4  interrupts.o(.data)
    f1                                       0x20000034   Data           4  interrupts.o(.data)
    c5                                       0x20000038   Data           4  interrupts.o(.data)
    c6                                       0x2000003c   Data           4  interrupts.o(.data)
    uartTick                                 0x20000040   Data           1  interrupts.o(.data)
    SystemCoreClock                          0x2000004c   Data           4  system_tm4c123.o(.data)
    t                                        0x20000050   Data          25  main.o(.bss)
    dist                                     0x20000069   Data          25  main.o(.bss)
    wirelessPinConfig                        0x20000084   Data          24  wireless.o(.bss)
    __initial_sp                             0x200010a0   Data           0  startup_tm4c123.o(STACK)



==============================================================================

Memory Map of the image

  Image Entry point : 0x00001125

  Load Region LR_1 (Base: 0x00000000, Size: 0x00003940, Max: 0xffffffff, ABSOLUTE)

    Execution Region ER_RO (Base: 0x00000000, Size: 0x000038f0, Max: 0xffffffff, ABSOLUTE)

    Base Addr    Size         Type   Attr      Idx    E Section Name        Object

    0x00000000   0x0000026c   Data   RO          330    RESET               startup_tm4c123.o
    0x0000026c   0x00000000   Code   RO          571  * .ARM.Collect$$$$00000000  mc_w.l(entry.o)
    0x0000026c   0x00000004   Code   RO          843    .ARM.Collect$$$$00000001  mc_w.l(entry2.o)
    0x00000270   0x00000004   Code   RO          846    .ARM.Collect$$$$00000004  mc_w.l(entry5.o)
    0x00000274   0x00000000   Code   RO          848    .ARM.Collect$$$$00000008  mc_w.l(entry7b.o)
    0x00000274   0x00000000   Code   RO          850    .ARM.Collect$$$$0000000A  mc_w.l(entry8b.o)
    0x00000274   0x00000008   Code   RO          851    .ARM.Collect$$$$0000000B  mc_w.l(entry9a.o)
    0x0000027c   0x00000000   Code   RO          853    .ARM.Collect$$$$0000000D  mc_w.l(entry10a.o)
    0x0000027c   0x00000000   Code   RO          855    .ARM.Collect$$$$0000000F  mc_w.l(entry11a.o)
    0x0000027c   0x00000004   Code   RO          844    .ARM.Collect$$$$00002712  mc_w.l(entry2.o)
    0x00000280   0x0000036c   Code   RO            3    .text               main.o
    0x000005ec   0x0000021c   Code   RO          118    .text               boardutil.o
    0x00000808   0x000000ec   Code   RO          142    .text               ece315_lab3.o
    0x000008f4   0x00000118   Code   RO          171    .text               interrupts.o
    0x00000a0c   0x000001a8   Code   RO          198    .text               drv8833.o
    0x00000bb4   0x000000a4   Code   RO          221    .text               pwm.o
    0x00000c58   0x00000338   Code   RO          241    .text               lcd.o
    0x00000f90   0x00000194   Code   RO          281    .text               led_controller.o
    0x00001124   0x000000fc   Code   RO          331  * .text               startup_tm4c123.o
    0x00001220   0x00000250   Code   RO          337    .text               system_tm4c123.o
    0x00001470   0x00000230   Code   RO          364    .text               ece315.lib(gpioport.o)
    0x000016a0   0x00000208   Code   RO          426    .text               ece315.lib(i2c.o)
    0x000018a8   0x00000190   Code   RO          456    .text               ece315.lib(spi.o)
    0x00001a38   0x00000104   Code   RO          483    .text               ece315.lib(uart.o)
    0x00001b3c   0x000000d8   Code   RO          517    .text               ece315.lib(adc.o)
    0x00001c14   0x000004c0   Code   RO          544    .text               ece315.lib(wireless.o)
    0x000020d4   0x00000024   Code   RO          574    .text               mc_w.l(memseta.o)
    0x000020f8   0x000000e4   Code   RO          837    .text               mf_w.l(dmul.o)
    0x000021dc   0x00000026   Code   RO          839    .text               mf_w.l(f2d.o)
    0x00002202   0x00000038   Code   RO          841    .text               mf_w.l(d2f.o)
    0x0000223a   0x0000002c   Code   RO          860    .text               mc_w.l(uidiv.o)
    0x00002266   0x00000062   Code   RO          862    .text               mc_w.l(uldiv.o)
    0x000022c8   0x00000000   Code   RO          864    .text               mc_w.l(iusefp.o)
    0x000022c8   0x0000006e   Code   RO          865    .text               mf_w.l(fepilogue.o)
    0x00002336   0x000000b6   Code   RO          867    .text               mf_w.l(depilogue.o)
    0x000023ec   0x0000014e   Code   RO          869    .text               mf_w.l(dadd.o)
    0x0000253a   0x000000de   Code   RO          871    .text               mf_w.l(ddiv.o)
    0x00002618   0x00000030   Code   RO          873    .text               mf_w.l(dfixul.o)
    0x00002648   0x00000028   Code   RO          875    .text               mf_w.l(cdrcmple.o)
    0x00002670   0x00000024   Code   RO          877    .text               mc_w.l(init.o)
    0x00002694   0x0000001e   Code   RO          880    .text               mc_w.l(llshl.o)
    0x000026b2   0x00000020   Code   RO          882    .text               mc_w.l(llushr.o)
    0x000026d2   0x00000024   Code   RO          884    .text               mc_w.l(llsshr.o)
    0x000026f6   0x00000002   PAD
    0x000026f8   0x00000028   Code   RO          811    i.__0sprintf        mc_w.l(printfa.o)
    0x00002720   0x0000000e   Code   RO          889    i.__scatterload_copy  mc_w.l(handlers.o)
    0x0000272e   0x00000002   Code   RO          890    i.__scatterload_null  mc_w.l(handlers.o)
    0x00002730   0x0000000e   Code   RO          891    i.__scatterload_zeroinit  mc_w.l(handlers.o)
    0x0000273e   0x00000002   PAD
    0x00002740   0x00000164   Code   RO          816    i._fp_digits        mc_w.l(printfa.o)
    0x000028a4   0x000006dc   Code   RO          817    i._printf_core      mc_w.l(printfa.o)
    0x00002f80   0x00000024   Code   RO          818    i._printf_post_padding  mc_w.l(printfa.o)
    0x00002fa4   0x0000002e   Code   RO          819    i._printf_pre_padding  mc_w.l(printfa.o)
    0x00002fd2   0x0000000a   Code   RO          821    i._sputc            mc_w.l(printfa.o)
    0x00002fdc   0x000008f4   Data   RO          266    .constdata          fonts.o
    0x000038d0   0x00000020   Data   RO          887    Region$$Table       anon$$obj.o


    Execution Region ER_RW (Base: 0x20000000, Size: 0x00000050, Max: 0xffffffff, ABSOLUTE)

    Base Addr    Size         Type   Attr      Idx    E Section Name        Object

    0x20000000   0x00000020   Data   RW            5    .data               main.o
    0x20000020   0x0000000a   Data   RW          143    .data               ece315_lab3.o
    0x2000002a   0x00000002   PAD
    0x2000002c   0x00000020   Data   RW          172    .data               interrupts.o
    0x2000004c   0x00000004   Data   RW          338    .data               system_tm4c123.o


    Execution Region ER_ZI (Base: 0x20000050, Size: 0x00001050, Max: 0xffffffff, ABSOLUTE)

    Base Addr    Size         Type   Attr      Idx    E Section Name        Object

    0x20000050   0x00000032   Zero   RW            4    .bss                main.o
    0x20000082   0x00000002   PAD
    0x20000084   0x00000018   Zero   RW          545    .bss                ece315.lib(wireless.o)
    0x2000009c   0x00000004   PAD
    0x200000a0   0x00001000   Zero   RW          328    STACK               startup_tm4c123.o


==============================================================================

Image component sizes


      Code (inc. data)   RO Data    RW Data    ZI Data      Debug   Object Name

       540         40          0          0          0      28878   boardutil.o
       424         34          0          0          0       1716   drv8833.o
       236         22          0         10          0        981   ece315_lab3.o
         0          0       2292          0          0        557   fonts.o
       280         48          0         32          0       1862   interrupts.o
       824         16          0          0          0       3102   lcd.o
       404         16          0          0          0       3731   led_controller.o
       876        188          0         32         50      61507   main.o
       164          4          0          0          0       1152   pwm.o
       252         10        620          0       4096       5432   startup_tm4c123.o
       592        138          0          4          0       1525   system_tm4c123.o

    ----------------------------------------------------------------------
      4592        516       2944         80       4148     110443   Object Totals
         0          0         32          0          0          0   (incl. Generated)
         0          0          0          2          2          0   (incl. Padding)

    ----------------------------------------------------------------------

      Code (inc. data)   RO Data    RW Data    ZI Data      Debug   Library Member Name

       216         12          0          0          0       1380   adc.o
       560         34          0          0          0      29656   gpioport.o
       520         24          0          0          0       6137   i2c.o
       400         26          0          0          0       1885   spi.o
       260         16          0          0          0       2042   uart.o
      1216         16          0          0         24      12492   wireless.o
         0          0          0          0          0          0   entry.o
         0          0          0          0          0          0   entry10a.o
         0          0          0          0          0          0   entry11a.o
         8          4          0          0          0          0   entry2.o
         4          0          0          0          0          0   entry5.o
         0          0          0          0          0          0   entry7b.o
         0          0          0          0          0          0   entry8b.o
         8          4          0          0          0          0   entry9a.o
        30          0          0          0          0          0   handlers.o
        36          8          0          0          0         68   init.o
         0          0          0          0          0          0   iusefp.o
        30          0          0          0          0         68   llshl.o
        36          0          0          0          0         68   llsshr.o
        32          0          0          0          0         68   llushr.o
        36          0          0          0          0        108   memseta.o
      2244         86          0          0          0        512   printfa.o
        44          0          0          0          0         80   uidiv.o
        98          0          0          0          0         92   uldiv.o
        40          2          0          0          0         68   cdrcmple.o
        56          0          0          0          0         88   d2f.o
       334          0          0          0          0        148   dadd.o
       222          0          0          0          0        100   ddiv.o
       182          0          0          0          0        176   depilogue.o
        48          0          0          0          0         68   dfixul.o
       228          0          0          0          0         96   dmul.o
        38          0          0          0          0         68   f2d.o
       110          0          0          0          0        168   fepilogue.o

    ----------------------------------------------------------------------
      7040        232          0          0         28      55636   Library Totals
         4          0          0          0          4          0   (incl. Padding)

    ----------------------------------------------------------------------

      Code (inc. data)   RO Data    RW Data    ZI Data      Debug   Library Name

      3172        128          0          0         24      53592   ece315.lib
      2606        102          0          0          0       1064   mc_w.l
      1258          2          0          0          0        980   mf_w.l

    ----------------------------------------------------------------------
      7040        232          0          0         28      55636   Library Totals

    ----------------------------------------------------------------------

==============================================================================


      Code (inc. data)   RO Data    RW Data    ZI Data      Debug   

     11632        748       2944         80       4176     163395   Grand Totals
     11632        748       2944         80       4176     163395   ELF Image Totals
     11632        748       2944         80          0          0   ROM Totals

==============================================================================

    Total RO  Size (Code + RO Data)                14576 (  14.23kB)
    Total RW  Size (RW Data + ZI Data)              4256 (   4.16kB)
    Total ROM Size (Code + RO Data + RW Data)      14656 (  14.31kB)

==============================================================================

