Product: MDK-ARM Lite 5.10
Component: ARM Compiler 5.04 update 1 (build 49)
Tool: armlink [5040049]

==============================================================================

Section Cross References

    main.o(.text) refers to boardutil.o(.text) for DisableInterrupts
    main.o(.text) refers to uart.o(.text) for uartTxPoll
    main.o(.text) refers to drv8833.o(.text) for drv8833_leftForward
    boardutil.o(.text) refers to gpioport.o(.text) for gpio_enable_port
    boardutil.o(.text) refers to drv8833.o(.text) for drv8833_gpioInit
    boardutil.o(.text) refers to uart.o(.text) for uart_init_115K
    ece315_lab3.o(.text) refers to wireless.o(.text) for wireless_set_pin_config
    ece315_lab3.o(.text) refers to gpioport.o(.text) for gpio_enable_port
    ece315_lab3.o(.text) refers to spi.o(.text) for initialize_spi
    ece315_lab3.o(.text) refers to ece315_lab3.o(.data) for ece353_ids
    drv8833.o(.text) refers to gpioport.o(.text) for gpio_enable_port
    startup_tm4c123.o(RESET) refers to startup_tm4c123.o(STACK) for __initial_sp
    startup_tm4c123.o(RESET) refers to startup_tm4c123.o(.text) for Reset_Handler
    startup_tm4c123.o(.text) refers to system_tm4c123.o(.text) for SystemInit
    startup_tm4c123.o(.text) refers to entry.o(.ARM.Collect$$$$00000000) for __main
    system_tm4c123.o(.text) refers to system_tm4c123.o(.data) for SystemCoreClock
    wireless.o(.text) refers to spi.o(.text) for spiTx
    wireless.o(.text) refers to wireless.o(.bss) for wirelessPinConfig
    entry.o(.ARM.Collect$$$$00000000) refers (Special) to entry10a.o(.ARM.Collect$$$$0000000D) for __rt_final_cpp
    entry.o(.ARM.Collect$$$$00000000) refers (Special) to entry11a.o(.ARM.Collect$$$$0000000F) for __rt_final_exit
    entry.o(.ARM.Collect$$$$00000000) refers (Special) to entry7b.o(.ARM.Collect$$$$00000008) for _main_clock
    entry.o(.ARM.Collect$$$$00000000) refers (Special) to entry8b.o(.ARM.Collect$$$$0000000A) for _main_cpp_init
    entry.o(.ARM.Collect$$$$00000000) refers (Special) to entry9a.o(.ARM.Collect$$$$0000000B) for _main_init
    entry.o(.ARM.Collect$$$$00000000) refers (Special) to entry5.o(.ARM.Collect$$$$00000004) for _main_scatterload
    entry.o(.ARM.Collect$$$$00000000) refers (Special) to entry2.o(.ARM.Collect$$$$00000001) for _main_stk
    entry2.o(.ARM.Collect$$$$00000001) refers to entry2.o(.ARM.Collect$$$$00002712) for __lit__00000000
    entry2.o(.ARM.Collect$$$$00002712) refers to startup_tm4c123.o(STACK) for __initial_sp
    entry2.o(__vectab_stack_and_reset_area) refers to startup_tm4c123.o(STACK) for __initial_sp
    entry2.o(__vectab_stack_and_reset_area) refers to entry.o(.ARM.Collect$$$$00000000) for __main
    entry5.o(.ARM.Collect$$$$00000004) refers to init.o(.text) for __scatterload
    entry9a.o(.ARM.Collect$$$$0000000B) refers to main.o(.text) for main
    entry9b.o(.ARM.Collect$$$$0000000C) refers to main.o(.text) for main
    init.o(.text) refers to entry5.o(.ARM.Collect$$$$00000004) for __main_after_scatterload


==============================================================================

Removing Unused input sections from the image.

    Removing main.o(.rev16_text), (4 bytes).
    Removing main.o(.revsh_text), (4 bytes).
    Removing boardutil.o(.rev16_text), (4 bytes).
    Removing boardutil.o(.revsh_text), (4 bytes).
    Removing ece315_lab3.o(.rev16_text), (4 bytes).
    Removing ece315_lab3.o(.revsh_text), (4 bytes).
    Removing ece315_lab3.o(.text), (236 bytes).
    Removing ece315_lab3.o(.data), (10 bytes).
    Removing interrupts.o(.rev16_text), (4 bytes).
    Removing interrupts.o(.revsh_text), (4 bytes).
    Removing drv8833.o(.rev16_text), (4 bytes).
    Removing drv8833.o(.revsh_text), (4 bytes).
    Removing startup_tm4c123.o(HEAP), (0 bytes).
    Removing system_tm4c123.o(.rev16_text), (4 bytes).
    Removing system_tm4c123.o(.revsh_text), (4 bytes).
    Removing gpioport.o(.rev16_text), (4 bytes).
    Removing gpioport.o(.revsh_text), (4 bytes).
    Removing gpioport.o(.rrx_text), (6 bytes).
    Removing spi.o(.rev16_text), (4 bytes).
    Removing spi.o(.revsh_text), (4 bytes).
    Removing spi.o(.rrx_text), (6 bytes).
    Removing spi.o(.text), (400 bytes).
    Removing uart.o(.rev16_text), (4 bytes).
    Removing uart.o(.revsh_text), (4 bytes).
    Removing uart.o(.rrx_text), (6 bytes).
    Removing wireless.o(.rev16_text), (4 bytes).
    Removing wireless.o(.revsh_text), (4 bytes).
    Removing wireless.o(.rrx_text), (6 bytes).
    Removing wireless.o(.text), (1216 bytes).
    Removing wireless.o(.bss), (24 bytes).

30 unused section(s) (total 1990 bytes) removed from the image.

==============================================================================

Image Symbol Table

    Local Symbols

    Symbol Name                              Value     Ov Type        Size  Object(Section)

    RESET                                    0x00000000   Section      620  startup_tm4c123.o(RESET)
    ../clib/microlib/init/entry.s            0x00000000   Number         0  entry9a.o ABSOLUTE
    ../clib/microlib/init/entry.s            0x00000000   Number         0  entry8b.o ABSOLUTE
    ../clib/microlib/init/entry.s            0x00000000   Number         0  entry8a.o ABSOLUTE
    ../clib/microlib/init/entry.s            0x00000000   Number         0  entry7b.o ABSOLUTE
    ../clib/microlib/init/entry.s            0x00000000   Number         0  entry7a.o ABSOLUTE
    ../clib/microlib/init/entry.s            0x00000000   Number         0  entry11a.o ABSOLUTE
    ../clib/microlib/init/entry.s            0x00000000   Number         0  entry5.o ABSOLUTE
    ../clib/microlib/init/entry.s            0x00000000   Number         0  entry2.o ABSOLUTE
    ../clib/microlib/init/entry.s            0x00000000   Number         0  entry.o ABSOLUTE
    ../clib/microlib/init/entry.s            0x00000000   Number         0  entry11b.o ABSOLUTE
    ../clib/microlib/init/entry.s            0x00000000   Number         0  entry10b.o ABSOLUTE
    ../clib/microlib/init/entry.s            0x00000000   Number         0  entry10a.o ABSOLUTE
    ../clib/microlib/init/entry.s            0x00000000   Number         0  entry9b.o ABSOLUTE
    ..\\drivers\\drv8833.c                   0x00000000   Number         0  drv8833.o ABSOLUTE
    ..\\drivers\\gpioPort.c                  0x00000000   Number         0  gpioport.o ABSOLUTE
    ..\\drivers\\spi.c                       0x00000000   Number         0  spi.o ABSOLUTE
    ..\\drivers\\uart.c                      0x00000000   Number         0  uart.o ABSOLUTE
    ..\\drivers\\wireless.c                  0x00000000   Number         0  wireless.o ABSOLUTE
    ..\drivers\drv8833.c                     0x00000000   Number         0  drv8833.o ABSOLUTE
    ..\drivers\gpioPort.c                    0x00000000   Number         0  gpioport.o ABSOLUTE
    ..\drivers\spi.c                         0x00000000   Number         0  spi.o ABSOLUTE
    ..\drivers\uart.c                        0x00000000   Number         0  uart.o ABSOLUTE
    ..\drivers\wireless.c                    0x00000000   Number         0  wireless.o ABSOLUTE
    RTE\Device\TM4C123GH6PM\startup_TM4C123.s 0x00000000   Number         0  startup_tm4c123.o ABSOLUTE
    RTE\Device\TM4C123GH6PM\system_TM4C123.c 0x00000000   Number         0  system_tm4c123.o ABSOLUTE
    RTE\\Device\\TM4C123GH6PM\\system_TM4C123.c 0x00000000   Number         0  system_tm4c123.o ABSOLUTE
    boardUtil.c                              0x00000000   Number         0  boardutil.o ABSOLUTE
    boardUtil.c                              0x00000000   Number         0  boardutil.o ABSOLUTE
    dc.s                                     0x00000000   Number         0  dc.o ABSOLUTE
    ece315_lab3.c                            0x00000000   Number         0  ece315_lab3.o ABSOLUTE
    ece315_lab3.c                            0x00000000   Number         0  ece315_lab3.o ABSOLUTE
    handlers.s                               0x00000000   Number         0  handlers.o ABSOLUTE
    init.s                                   0x00000000   Number         0  init.o ABSOLUTE
    interrupts.c                             0x00000000   Number         0  interrupts.o ABSOLUTE
    interrupts.c                             0x00000000   Number         0  interrupts.o ABSOLUTE
    main.c                                   0x00000000   Number         0  main.o ABSOLUTE
    main.c                                   0x00000000   Number         0  main.o ABSOLUTE
    .ARM.Collect$$$$00000000                 0x0000026c   Section        0  entry.o(.ARM.Collect$$$$00000000)
    .ARM.Collect$$$$00000001                 0x0000026c   Section        4  entry2.o(.ARM.Collect$$$$00000001)
    .ARM.Collect$$$$00000004                 0x00000270   Section        4  entry5.o(.ARM.Collect$$$$00000004)
    .ARM.Collect$$$$00000008                 0x00000274   Section        0  entry7b.o(.ARM.Collect$$$$00000008)
    .ARM.Collect$$$$0000000A                 0x00000274   Section        0  entry8b.o(.ARM.Collect$$$$0000000A)
    .ARM.Collect$$$$0000000B                 0x00000274   Section        8  entry9a.o(.ARM.Collect$$$$0000000B)
    .ARM.Collect$$$$0000000D                 0x0000027c   Section        0  entry10a.o(.ARM.Collect$$$$0000000D)
    .ARM.Collect$$$$0000000F                 0x0000027c   Section        0  entry11a.o(.ARM.Collect$$$$0000000F)
    .ARM.Collect$$$$00002712                 0x0000027c   Section        4  entry2.o(.ARM.Collect$$$$00002712)
    __lit__00000000                          0x0000027c   Data           4  entry2.o(.ARM.Collect$$$$00002712)
    .text                                    0x00000280   Section        0  main.o(.text)
    .text                                    0x00000310   Section        0  boardutil.o(.text)
    .text                                    0x0000035c   Section        0  drv8833.o(.text)
    .text                                    0x00000568   Section      252  startup_tm4c123.o(.text)
    $v0                                      0x00000568   Number         0  startup_tm4c123.o(.text)
    .text                                    0x00000664   Section        0  system_tm4c123.o(.text)
    getOscClk                                0x00000665   Thumb Code   182  system_tm4c123.o(.text)
    .text                                    0x000008b4   Section        0  gpioport.o(.text)
    verifyBaseAddr                           0x000008b5   Thumb Code    64  gpioport.o(.text)
    .text                                    0x00000ae4   Section        0  uart.o(.text)
    .text                                    0x00000be8   Section       36  init.o(.text)
    i.__scatterload_copy                     0x00000c0c   Section       14  handlers.o(i.__scatterload_copy)
    i.__scatterload_null                     0x00000c1a   Section        2  handlers.o(i.__scatterload_null)
    i.__scatterload_zeroinit                 0x00000c1c   Section       14  handlers.o(i.__scatterload_zeroinit)
    .data                                    0x20000000   Section        4  system_tm4c123.o(.data)
    STACK                                    0x20000008   Section     4096  startup_tm4c123.o(STACK)

    Global Symbols

    Symbol Name                              Value     Ov Type        Size  Object(Section)

    BuildAttributes$$THM_ISAv4$E$P$D$K$B$S$7EM$VFPi3$EXTD16$VFPS$VFMA$PE$A:L22UL41UL21$X:L11$S22US41US21$IEEE1$IW$USESV6$~STKCKD$USESV7$~SHL$OSPACE$EBA8$MICROLIB$REQ8$PRES8$EABIv2 0x00000000   Number         0  anon$$obj.o ABSOLUTE
    __ARM_use_no_argv                        0x00000000   Number         0  main.o ABSOLUTE
    __Vectors                                0x00000000   Data           4  startup_tm4c123.o(RESET)
    __cpp_initialize__aeabi_                  - Undefined Weak Reference
    __cxa_finalize                            - Undefined Weak Reference
    __decompress                              - Undefined Weak Reference
    _clock_init                               - Undefined Weak Reference
    _microlib_exit                            - Undefined Weak Reference
    __Vectors_End                            0x0000026c   Data           0  startup_tm4c123.o(RESET)
    __Vectors_Size                           0x0000026c   Number         0  startup_tm4c123.o ABSOLUTE
    __main                                   0x0000026d   Thumb Code     0  entry.o(.ARM.Collect$$$$00000000)
    _main_stk                                0x0000026d   Thumb Code     0  entry2.o(.ARM.Collect$$$$00000001)
    _main_scatterload                        0x00000271   Thumb Code     0  entry5.o(.ARM.Collect$$$$00000004)
    __main_after_scatterload                 0x00000275   Thumb Code     0  entry5.o(.ARM.Collect$$$$00000004)
    _main_clock                              0x00000275   Thumb Code     0  entry7b.o(.ARM.Collect$$$$00000008)
    _main_cpp_init                           0x00000275   Thumb Code     0  entry8b.o(.ARM.Collect$$$$0000000A)
    _main_init                               0x00000275   Thumb Code     0  entry9a.o(.ARM.Collect$$$$0000000B)
    __rt_final_cpp                           0x0000027d   Thumb Code     0  entry10a.o(.ARM.Collect$$$$0000000D)
    __rt_final_exit                          0x0000027d   Thumb Code     0  entry11a.o(.ARM.Collect$$$$0000000F)
    initializeBoard                          0x00000281   Thumb Code    16  main.o(.text)
    main                                     0x00000291   Thumb Code    46  main.o(.text)
    DisableInterrupts                        0x00000311   Thumb Code     4  boardutil.o(.text)
    EnableInterrupts                         0x00000315   Thumb Code     4  boardutil.o(.text)
    uart0_config_gpio                        0x00000319   Thumb Code    42  boardutil.o(.text)
    serialDebugInit                          0x00000343   Thumb Code    22  boardutil.o(.text)
    drv8833_gpioInit                         0x0000035d   Thumb Code   134  drv8833.o(.text)
    pwmConfig                                0x000003e3   Thumb Code   172  drv8833.o(.text)
    drv8833_leftForward                      0x0000048f   Thumb Code    46  drv8833.o(.text)
    drv8833_leftReverse                      0x000004bd   Thumb Code    46  drv8833.o(.text)
    drv8833_rightForward                     0x000004eb   Thumb Code    42  drv8833.o(.text)
    drv8833_rightReverse                     0x00000515   Thumb Code    46  drv8833.o(.text)
    drv8833_turnLeft                         0x00000543   Thumb Code     2  drv8833.o(.text)
    drv8833_turnRight                        0x00000545   Thumb Code     2  drv8833.o(.text)
    Reset_Handler                            0x00000569   Thumb Code     8  startup_tm4c123.o(.text)
    NMI_Handler                              0x00000571   Thumb Code     2  startup_tm4c123.o(.text)
    HardFault_Handler                        0x00000573   Thumb Code     2  startup_tm4c123.o(.text)
    MemManage_Handler                        0x00000575   Thumb Code     2  startup_tm4c123.o(.text)
    BusFault_Handler                         0x00000577   Thumb Code     2  startup_tm4c123.o(.text)
    UsageFault_Handler                       0x00000579   Thumb Code     2  startup_tm4c123.o(.text)
    SVC_Handler                              0x0000057b   Thumb Code     2  startup_tm4c123.o(.text)
    DebugMon_Handler                         0x0000057d   Thumb Code     2  startup_tm4c123.o(.text)
    PendSV_Handler                           0x0000057f   Thumb Code     2  startup_tm4c123.o(.text)
    SysTick_Handler                          0x00000581   Thumb Code     2  startup_tm4c123.o(.text)
    GPIOA_Handler                            0x00000583   Thumb Code     2  startup_tm4c123.o(.text)
    GPIOB_Handler                            0x00000585   Thumb Code     2  startup_tm4c123.o(.text)
    GPIOC_Handler                            0x00000587   Thumb Code     2  startup_tm4c123.o(.text)
    GPIOD_Handler                            0x00000589   Thumb Code     2  startup_tm4c123.o(.text)
    GPIOE_Handler                            0x0000058b   Thumb Code     2  startup_tm4c123.o(.text)
    UART0_Handler                            0x0000058d   Thumb Code     2  startup_tm4c123.o(.text)
    UART1_Handler                            0x0000058f   Thumb Code     2  startup_tm4c123.o(.text)
    SSI0_Handler                             0x00000591   Thumb Code     2  startup_tm4c123.o(.text)
    I2C0_Handler                             0x00000593   Thumb Code     2  startup_tm4c123.o(.text)
    PMW0_FAULT_Handler                       0x00000595   Thumb Code     2  startup_tm4c123.o(.text)
    PWM0_0_Handler                           0x00000597   Thumb Code     2  startup_tm4c123.o(.text)
    PWM0_1_Handler                           0x00000599   Thumb Code     2  startup_tm4c123.o(.text)
    PWM0_2_Handler                           0x0000059b   Thumb Code     2  startup_tm4c123.o(.text)
    QEI0_Handler                             0x0000059d   Thumb Code     2  startup_tm4c123.o(.text)
    ADC0SS0_Handler                          0x0000059f   Thumb Code     2  startup_tm4c123.o(.text)
    ADC0SS1_Handler                          0x000005a1   Thumb Code     2  startup_tm4c123.o(.text)
    ADC0SS2_Handler                          0x000005a3   Thumb Code     2  startup_tm4c123.o(.text)
    ADC0SS3_Handler                          0x000005a5   Thumb Code     2  startup_tm4c123.o(.text)
    WDT0_Handler                             0x000005a7   Thumb Code     2  startup_tm4c123.o(.text)
    TIMER0A_Handler                          0x000005a9   Thumb Code     2  startup_tm4c123.o(.text)
    TIMER0B_Handler                          0x000005ab   Thumb Code     2  startup_tm4c123.o(.text)
    TIMER1A_Handler                          0x000005ad   Thumb Code     2  startup_tm4c123.o(.text)
    TIMER1B_Handler                          0x000005af   Thumb Code     2  startup_tm4c123.o(.text)
    TIMER2A_Handler                          0x000005b1   Thumb Code     2  startup_tm4c123.o(.text)
    TIMER2B_Handler                          0x000005b3   Thumb Code     2  startup_tm4c123.o(.text)
    COMP0_Handler                            0x000005b5   Thumb Code     2  startup_tm4c123.o(.text)
    COMP1_Handler                            0x000005b7   Thumb Code     2  startup_tm4c123.o(.text)
    COMP2_Handler                            0x000005b9   Thumb Code     2  startup_tm4c123.o(.text)
    SYSCTL_Handler                           0x000005bb   Thumb Code     2  startup_tm4c123.o(.text)
    FLASH_Handler                            0x000005bd   Thumb Code     2  startup_tm4c123.o(.text)
    GPIOF_Handler                            0x000005bf   Thumb Code     2  startup_tm4c123.o(.text)
    GPIOG_Handler                            0x000005c1   Thumb Code     2  startup_tm4c123.o(.text)
    GPIOH_Handler                            0x000005c3   Thumb Code     2  startup_tm4c123.o(.text)
    UART2_Handler                            0x000005c5   Thumb Code     2  startup_tm4c123.o(.text)
    SSI1_Handler                             0x000005c7   Thumb Code     2  startup_tm4c123.o(.text)
    TIMER3A_Handler                          0x000005c9   Thumb Code     2  startup_tm4c123.o(.text)
    TIMER3B_Handler                          0x000005cb   Thumb Code     2  startup_tm4c123.o(.text)
    I2C1_Handler                             0x000005cd   Thumb Code     2  startup_tm4c123.o(.text)
    QEI1_Handler                             0x000005cf   Thumb Code     2  startup_tm4c123.o(.text)
    CAN0_Handler                             0x000005d1   Thumb Code     2  startup_tm4c123.o(.text)
    CAN1_Handler                             0x000005d3   Thumb Code     2  startup_tm4c123.o(.text)
    CAN2_Handler                             0x000005d5   Thumb Code     2  startup_tm4c123.o(.text)
    HIB_Handler                              0x000005d7   Thumb Code     2  startup_tm4c123.o(.text)
    USB0_Handler                             0x000005d9   Thumb Code     2  startup_tm4c123.o(.text)
    PWM0_3_Handler                           0x000005db   Thumb Code     2  startup_tm4c123.o(.text)
    UDMA_Handler                             0x000005dd   Thumb Code     2  startup_tm4c123.o(.text)
    UDMAERR_Handler                          0x000005df   Thumb Code     2  startup_tm4c123.o(.text)
    ADC1SS0_Handler                          0x000005e1   Thumb Code     2  startup_tm4c123.o(.text)
    ADC1SS1_Handler                          0x000005e3   Thumb Code     2  startup_tm4c123.o(.text)
    ADC1SS2_Handler                          0x000005e5   Thumb Code     2  startup_tm4c123.o(.text)
    ADC1SS3_Handler                          0x000005e7   Thumb Code     2  startup_tm4c123.o(.text)
    GPIOJ_Handler                            0x000005e9   Thumb Code     2  startup_tm4c123.o(.text)
    GPIOK_Handler                            0x000005eb   Thumb Code     2  startup_tm4c123.o(.text)
    GPIOL_Handler                            0x000005ed   Thumb Code     2  startup_tm4c123.o(.text)
    SSI2_Handler                             0x000005ef   Thumb Code     2  startup_tm4c123.o(.text)
    SSI3_Handler                             0x000005f1   Thumb Code     2  startup_tm4c123.o(.text)
    UART3_Handler                            0x000005f3   Thumb Code     2  startup_tm4c123.o(.text)
    UART4_Handler                            0x000005f5   Thumb Code     2  startup_tm4c123.o(.text)
    UART5_Handler                            0x000005f7   Thumb Code     2  startup_tm4c123.o(.text)
    UART6_Handler                            0x000005f9   Thumb Code     2  startup_tm4c123.o(.text)
    UART7_Handler                            0x000005fb   Thumb Code     2  startup_tm4c123.o(.text)
    I2C2_Handler                             0x000005fd   Thumb Code     2  startup_tm4c123.o(.text)
    I2C3_Handler                             0x000005ff   Thumb Code     2  startup_tm4c123.o(.text)
    TIMER4A_Handler                          0x00000601   Thumb Code     2  startup_tm4c123.o(.text)
    TIMER4B_Handler                          0x00000603   Thumb Code     2  startup_tm4c123.o(.text)
    TIMER5A_Handler                          0x00000605   Thumb Code     2  startup_tm4c123.o(.text)
    TIMER5B_Handler                          0x00000607   Thumb Code     2  startup_tm4c123.o(.text)
    WTIMER0A_Handler                         0x00000609   Thumb Code     2  startup_tm4c123.o(.text)
    WTIMER0B_Handler                         0x0000060b   Thumb Code     2  startup_tm4c123.o(.text)
    WTIMER1A_Handler                         0x0000060d   Thumb Code     2  startup_tm4c123.o(.text)
    WTIMER1B_Handler                         0x0000060f   Thumb Code     2  startup_tm4c123.o(.text)
    WTIMER2A_Handler                         0x00000611   Thumb Code     2  startup_tm4c123.o(.text)
    WTIMER2B_Handler                         0x00000613   Thumb Code     2  startup_tm4c123.o(.text)
    WTIMER3A_Handler                         0x00000615   Thumb Code     2  startup_tm4c123.o(.text)
    WTIMER3B_Handler                         0x00000617   Thumb Code     2  startup_tm4c123.o(.text)
    WTIMER4A_Handler                         0x00000619   Thumb Code     2  startup_tm4c123.o(.text)
    WTIMER4B_Handler                         0x0000061b   Thumb Code     2  startup_tm4c123.o(.text)
    WTIMER5A_Handler                         0x0000061d   Thumb Code     2  startup_tm4c123.o(.text)
    WTIMER5B_Handler                         0x0000061f   Thumb Code     2  startup_tm4c123.o(.text)
    FPU_Handler                              0x00000621   Thumb Code     2  startup_tm4c123.o(.text)
    I2C4_Handler                             0x00000623   Thumb Code     2  startup_tm4c123.o(.text)
    I2C5_Handler                             0x00000625   Thumb Code     2  startup_tm4c123.o(.text)
    GPIOM_Handler                            0x00000627   Thumb Code     2  startup_tm4c123.o(.text)
    GPION_Handler                            0x00000629   Thumb Code     2  startup_tm4c123.o(.text)
    QEI2_Handler                             0x0000062b   Thumb Code     2  startup_tm4c123.o(.text)
    GPIOP0_Handler                           0x0000062d   Thumb Code     2  startup_tm4c123.o(.text)
    GPIOP1_Handler                           0x0000062f   Thumb Code     2  startup_tm4c123.o(.text)
    GPIOP2_Handler                           0x00000631   Thumb Code     2  startup_tm4c123.o(.text)
    GPIOP3_Handler                           0x00000633   Thumb Code     2  startup_tm4c123.o(.text)
    GPIOP4_Handler                           0x00000635   Thumb Code     2  startup_tm4c123.o(.text)
    GPIOP5_Handler                           0x00000637   Thumb Code     2  startup_tm4c123.o(.text)
    GPIOP6_Handler                           0x00000639   Thumb Code     2  startup_tm4c123.o(.text)
    GPIOP7_Handler                           0x0000063b   Thumb Code     2  startup_tm4c123.o(.text)
    GPIOQ0_Handler                           0x0000063d   Thumb Code     2  startup_tm4c123.o(.text)
    GPIOQ1_Handler                           0x0000063f   Thumb Code     2  startup_tm4c123.o(.text)
    GPIOQ2_Handler                           0x00000641   Thumb Code     2  startup_tm4c123.o(.text)
    GPIOQ3_Handler                           0x00000643   Thumb Code     2  startup_tm4c123.o(.text)
    GPIOQ4_Handler                           0x00000645   Thumb Code     2  startup_tm4c123.o(.text)
    GPIOQ5_Handler                           0x00000647   Thumb Code     2  startup_tm4c123.o(.text)
    GPIOQ6_Handler                           0x00000649   Thumb Code     2  startup_tm4c123.o(.text)
    GPIOQ7_Handler                           0x0000064b   Thumb Code     2  startup_tm4c123.o(.text)
    GPIOR_Handler                            0x0000064d   Thumb Code     2  startup_tm4c123.o(.text)
    GPIOS_Handler                            0x0000064f   Thumb Code     2  startup_tm4c123.o(.text)
    PMW1_0_Handler                           0x00000651   Thumb Code     2  startup_tm4c123.o(.text)
    PWM1_1_Handler                           0x00000653   Thumb Code     2  startup_tm4c123.o(.text)
    PWM1_2_Handler                           0x00000655   Thumb Code     2  startup_tm4c123.o(.text)
    PWM1_3_Handler                           0x00000657   Thumb Code     2  startup_tm4c123.o(.text)
    PWM1_FAULT_Handler                       0x00000659   Thumb Code     2  startup_tm4c123.o(.text)
    SystemCoreClockUpdate                    0x0000071b   Thumb Code   184  system_tm4c123.o(.text)
    SystemInit                               0x000007d3   Thumb Code   112  system_tm4c123.o(.text)
    gpio_enable_port                         0x000008f5   Thumb Code   156  gpioport.o(.text)
    gpio_config_digital_enable               0x00000991   Thumb Code    34  gpioport.o(.text)
    gpio_config_enable_output                0x000009b3   Thumb Code    34  gpioport.o(.text)
    gpio_config_enable_input                 0x000009d5   Thumb Code    34  gpioport.o(.text)
    gpio_config_enable_pullup                0x000009f7   Thumb Code    34  gpioport.o(.text)
    gpio_config_enable_pulldown              0x00000a19   Thumb Code    34  gpioport.o(.text)
    gpio_config_analog_enable                0x00000a3b   Thumb Code    34  gpioport.o(.text)
    gpio_config_alternate_function           0x00000a5d   Thumb Code    34  gpioport.o(.text)
    gpio_config_port_control                 0x00000a7f   Thumb Code    34  gpioport.o(.text)
    gpio_config_open_drain                   0x00000aa1   Thumb Code    34  gpioport.o(.text)
    verifyUartBase                           0x00000ae5   Thumb Code    54  uart.o(.text)
    uartTxPoll                               0x00000b1b   Thumb Code    50  uart.o(.text)
    uartRxPoll                               0x00000b4d   Thumb Code    70  uart.o(.text)
    uart_init_115K                           0x00000b93   Thumb Code    78  uart.o(.text)
    __scatterload                            0x00000be9   Thumb Code    28  init.o(.text)
    __scatterload_rt2                        0x00000be9   Thumb Code     0  init.o(.text)
    __scatterload_copy                       0x00000c0d   Thumb Code    14  handlers.o(i.__scatterload_copy)
    __scatterload_null                       0x00000c1b   Thumb Code     2  handlers.o(i.__scatterload_null)
    __scatterload_zeroinit                   0x00000c1d   Thumb Code    14  handlers.o(i.__scatterload_zeroinit)
    Region$$Table$$Base                      0x00000c2c   Number         0  anon$$obj.o(Region$$Table)
    Region$$Table$$Limit                     0x00000c4c   Number         0  anon$$obj.o(Region$$Table)
    SystemCoreClock                          0x20000000   Data           4  system_tm4c123.o(.data)
    __initial_sp                             0x20001008   Data           0  startup_tm4c123.o(STACK)



==============================================================================

Memory Map of the image

  Image Entry point : 0x00000569

  Load Region LR_1 (Base: 0x00000000, Size: 0x00000c50, Max: 0xffffffff, ABSOLUTE)

    Execution Region ER_RO (Base: 0x00000000, Size: 0x00000c4c, Max: 0xffffffff, ABSOLUTE)

    Base Addr    Size         Type   Attr      Idx    E Section Name        Object

    0x00000000   0x0000026c   Data   RO          183    RESET               startup_tm4c123.o
    0x0000026c   0x00000000   Code   RO          370  * .ARM.Collect$$$$00000000  mc_w.l(entry.o)
    0x0000026c   0x00000004   Code   RO          373    .ARM.Collect$$$$00000001  mc_w.l(entry2.o)
    0x00000270   0x00000004   Code   RO          376    .ARM.Collect$$$$00000004  mc_w.l(entry5.o)
    0x00000274   0x00000000   Code   RO          378    .ARM.Collect$$$$00000008  mc_w.l(entry7b.o)
    0x00000274   0x00000000   Code   RO          380    .ARM.Collect$$$$0000000A  mc_w.l(entry8b.o)
    0x00000274   0x00000008   Code   RO          381    .ARM.Collect$$$$0000000B  mc_w.l(entry9a.o)
    0x0000027c   0x00000000   Code   RO          383    .ARM.Collect$$$$0000000D  mc_w.l(entry10a.o)
    0x0000027c   0x00000000   Code   RO          385    .ARM.Collect$$$$0000000F  mc_w.l(entry11a.o)
    0x0000027c   0x00000004   Code   RO          374    .ARM.Collect$$$$00002712  mc_w.l(entry2.o)
    0x00000280   0x00000090   Code   RO            3    .text               main.o
    0x00000310   0x0000004c   Code   RO           89    .text               boardutil.o
    0x0000035c   0x0000020c   Code   RO          160    .text               drv8833.o
    0x00000568   0x000000fc   Code   RO          184  * .text               startup_tm4c123.o
    0x00000664   0x00000250   Code   RO          190    .text               system_tm4c123.o
    0x000008b4   0x00000230   Code   RO          217    .text               ece315.lib(gpioport.o)
    0x00000ae4   0x00000104   Code   RO          309    .text               ece315.lib(uart.o)
    0x00000be8   0x00000024   Code   RO          387    .text               mc_w.l(init.o)
    0x00000c0c   0x0000000e   Code   RO          391    i.__scatterload_copy  mc_w.l(handlers.o)
    0x00000c1a   0x00000002   Code   RO          392    i.__scatterload_null  mc_w.l(handlers.o)
    0x00000c1c   0x0000000e   Code   RO          393    i.__scatterload_zeroinit  mc_w.l(handlers.o)
    0x00000c2a   0x00000002   PAD
    0x00000c2c   0x00000020   Data   RO          389    Region$$Table       anon$$obj.o


    Execution Region ER_RW (Base: 0x20000000, Size: 0x00000004, Max: 0xffffffff, ABSOLUTE)

    Base Addr    Size         Type   Attr      Idx    E Section Name        Object

    0x20000000   0x00000004   Data   RW          191    .data               system_tm4c123.o


    Execution Region ER_ZI (Base: 0x20000004, Size: 0x00001004, Max: 0xffffffff, ABSOLUTE)

    Base Addr    Size         Type   Attr      Idx    E Section Name        Object

    0x20000004   0x00000004   PAD
    0x20000008   0x00001000   Zero   RW          181    STACK               startup_tm4c123.o


==============================================================================

Image component sizes


      Code (inc. data)   RO Data    RW Data    ZI Data      Debug   Object Name

        76          4          0          0          0        895   boardutil.o
       524         34          0          0          0       2842   drv8833.o
       144         82          0          0          0      27411   main.o
       252         10        620          0       4096       5416   startup_tm4c123.o
       592        138          0          4          0       1489   system_tm4c123.o

    ----------------------------------------------------------------------
      1588        268        652          4       4100      38053   Object Totals
         0          0         32          0          0          0   (incl. Generated)
         0          0          0          0          4          0   (incl. Padding)

    ----------------------------------------------------------------------

      Code (inc. data)   RO Data    RW Data    ZI Data      Debug   Library Member Name

       560         34          0          0          0      29656   gpioport.o
       260         16          0          0          0       2042   uart.o
         0          0          0          0          0          0   entry.o
         0          0          0          0          0          0   entry10a.o
         0          0          0          0          0          0   entry11a.o
         8          4          0          0          0          0   entry2.o
         4          0          0          0          0          0   entry5.o
         0          0          0          0          0          0   entry7b.o
         0          0          0          0          0          0   entry8b.o
         8          4          0          0          0          0   entry9a.o
        30          0          0          0          0          0   handlers.o
        36          8          0          0          0         68   init.o

    ----------------------------------------------------------------------
       908         66          0          0          0      31766   Library Totals
         2          0          0          0          0          0   (incl. Padding)

    ----------------------------------------------------------------------

      Code (inc. data)   RO Data    RW Data    ZI Data      Debug   Library Name

       820         50          0          0          0      31698   ece315.lib
        86         16          0          0          0         68   mc_w.l

    ----------------------------------------------------------------------
       908         66          0          0          0      31766   Library Totals

    ----------------------------------------------------------------------

==============================================================================


      Code (inc. data)   RO Data    RW Data    ZI Data      Debug   

      2496        334        652          4       4100      69323   Grand Totals
      2496        334        652          4       4100      69323   ELF Image Totals
      2496        334        652          4          0          0   ROM Totals

==============================================================================

    Total RO  Size (Code + RO Data)                 3148 (   3.07kB)
    Total RW  Size (RW Data + ZI Data)              4104 (   4.01kB)
    Total ROM Size (Code + RO Data + RW Data)       3152 (   3.08kB)

==============================================================================

